Archive member included because of file (symbol)

C:/Freescale/CW MCU v10.3/MCU/ARM_GCC_Support/ewl/lib/armv6-m\libc.a(exit.o)
                              ./Project_Settings/Startup_Code/__arm_start_c.obj (exit)
C:/Freescale/CW MCU v10.3/MCU/ARM_GCC_Support/ewl/lib/armv6-m\libc.a(memset.o)
                              ./Project_Settings/Startup_Code/__arm_start_c.obj (memset)
C:/Freescale/CW MCU v10.3/MCU/ARM_GCC_Support/ewl/lib/armv6-m\libc.a(strchr.o)
                              ./Generated_Code/UTIL1_c.obj (strchr)
C:/Freescale/CW MCU v10.3/MCU/ARM_GCC_Support/ewl/lib/armv6-m\libc.a(strlen.o)
                              ./Generated_Code/UTIL1_c.obj (strlen)
C:/Freescale/CW MCU v10.3/MCU/ARM_GCC_Support/ewl/lib/armv6-m\libc.a(printformat_.o)
                              (__pformatter_)
C:/Freescale/CW MCU v10.3/MCU/ARM_GCC_Support/ewl/lib/armv6-m\libc.a(scanformat_.o)
                              (__sformatter)
C:/Freescale/CW MCU v10.3/MCU/ARM_GCC_Support/ewl/lib/armv6-m\libc.a(ctype_aeabi.o)
                              C:/Freescale/CW MCU v10.3/MCU/ARM_GCC_Support/ewl/lib/armv6-m\libc.a(scanformat_.o) (isspace)
C:/Freescale/CW MCU v10.3/MCU/ARM_GCC_Support/ewl/lib/armv6-m\libc.a(__strtoul.o)
                              C:/Freescale/CW MCU v10.3/MCU/ARM_GCC_Support/ewl/lib/armv6-m\libc.a(scanformat_.o) (__strtoul)
C:/Freescale/CW MCU v10.3/MCU/ARM_GCC_Support/ewl/lib/armv6-m\libc.a(__filll_mem.o)
                              C:/Freescale/CW MCU v10.3/MCU/ARM_GCC_Support/ewl/lib/armv6-m\libc.a(memset.o) (__fill_mem)
C:/Freescale/CW MCU v10.3/MCU/ARM_GCC_Support/ewl/lib/armv6-m\libc.a(memchr.o)
                              C:/Freescale/CW MCU v10.3/MCU/ARM_GCC_Support/ewl/lib/armv6-m\libc.a(printformat_.o) (memchr)
c:/freescale/cw mcu v10.3/cross_tools/arm-none-eabi-gcc-4_6_2/bin/../lib/gcc/arm-none-eabi/4.6.2/armv6-m\libgcc.a(_thumb1_case_uqi.o)
                              C:/Freescale/CW MCU v10.3/MCU/ARM_GCC_Support/ewl/lib/armv6-m\libc.a(scanformat_.o) (__gnu_thumb1_case_uqi)
c:/freescale/cw mcu v10.3/cross_tools/arm-none-eabi-gcc-4_6_2/bin/../lib/gcc/arm-none-eabi/4.6.2/armv6-m\libgcc.a(_udivsi3.o)
                              ./Sources/Application_c.obj (__aeabi_uidiv)
c:/freescale/cw mcu v10.3/cross_tools/arm-none-eabi-gcc-4_6_2/bin/../lib/gcc/arm-none-eabi/4.6.2/armv6-m\libgcc.a(_divsi3.o)
                              ./Generated_Code/UTIL1_c.obj (__aeabi_idiv)
c:/freescale/cw mcu v10.3/cross_tools/arm-none-eabi-gcc-4_6_2/bin/../lib/gcc/arm-none-eabi/4.6.2/armv6-m\libgcc.a(_dvmd_tls.o)
                              c:/freescale/cw mcu v10.3/cross_tools/arm-none-eabi-gcc-4_6_2/bin/../lib/gcc/arm-none-eabi/4.6.2/armv6-m\libgcc.a(_udivsi3.o) (__aeabi_idiv0)
c:/freescale/cw mcu v10.3/cross_tools/arm-none-eabi-gcc-4_6_2/bin/../lib/gcc/arm-none-eabi/4.6.2/armv6-m\libgcc.a(_arm_cmpsf2.o)
                              ./Generated_Code/PwmLdd1_c.obj (__aeabi_fcmpgt)
c:/freescale/cw mcu v10.3/cross_tools/arm-none-eabi-gcc-4_6_2/bin/../lib/gcc/arm-none-eabi/4.6.2/armv6-m\libgcc.a(_fixunssfsi.o)
                              ./Generated_Code/PwmLdd1_c.obj (__aeabi_f2uiz)
c:/freescale/cw mcu v10.3/cross_tools/arm-none-eabi-gcc-4_6_2/bin/../lib/gcc/arm-none-eabi/4.6.2/armv6-m\libgcc.a(eqsf2.o)
                              c:/freescale/cw mcu v10.3/cross_tools/arm-none-eabi-gcc-4_6_2/bin/../lib/gcc/arm-none-eabi/4.6.2/armv6-m\libgcc.a(_arm_cmpsf2.o) (__eqsf2)
c:/freescale/cw mcu v10.3/cross_tools/arm-none-eabi-gcc-4_6_2/bin/../lib/gcc/arm-none-eabi/4.6.2/armv6-m\libgcc.a(gesf2.o)
                              c:/freescale/cw mcu v10.3/cross_tools/arm-none-eabi-gcc-4_6_2/bin/../lib/gcc/arm-none-eabi/4.6.2/armv6-m\libgcc.a(_arm_cmpsf2.o) (__gesf2)
c:/freescale/cw mcu v10.3/cross_tools/arm-none-eabi-gcc-4_6_2/bin/../lib/gcc/arm-none-eabi/4.6.2/armv6-m\libgcc.a(lesf2.o)
                              c:/freescale/cw mcu v10.3/cross_tools/arm-none-eabi-gcc-4_6_2/bin/../lib/gcc/arm-none-eabi/4.6.2/armv6-m\libgcc.a(_arm_cmpsf2.o) (__lesf2)
c:/freescale/cw mcu v10.3/cross_tools/arm-none-eabi-gcc-4_6_2/bin/../lib/gcc/arm-none-eabi/4.6.2/armv6-m\libgcc.a(mulsf3.o)
                              ./Generated_Code/PwmLdd1_c.obj (__aeabi_fmul)
c:/freescale/cw mcu v10.3/cross_tools/arm-none-eabi-gcc-4_6_2/bin/../lib/gcc/arm-none-eabi/4.6.2/armv6-m\libgcc.a(subsf3.o)
                              c:/freescale/cw mcu v10.3/cross_tools/arm-none-eabi-gcc-4_6_2/bin/../lib/gcc/arm-none-eabi/4.6.2/armv6-m\libgcc.a(_fixunssfsi.o) (__aeabi_fsub)
c:/freescale/cw mcu v10.3/cross_tools/arm-none-eabi-gcc-4_6_2/bin/../lib/gcc/arm-none-eabi/4.6.2/armv6-m\libgcc.a(fixsfsi.o)
                              c:/freescale/cw mcu v10.3/cross_tools/arm-none-eabi-gcc-4_6_2/bin/../lib/gcc/arm-none-eabi/4.6.2/armv6-m\libgcc.a(_fixunssfsi.o) (__aeabi_f2iz)
c:/freescale/cw mcu v10.3/cross_tools/arm-none-eabi-gcc-4_6_2/bin/../lib/gcc/arm-none-eabi/4.6.2/armv6-m\libgcc.a(floatsisf.o)
[...]
Memory Configuration

Name             Origin             Length             Attributes
m_interrupts     0x00000000         0x000000c0         xr
m_text           0x00000410         0x0001fbf0         xr
m_data           0x1ffff000         0x00004000         rw
m_cfmprotrom     0x00000400         0x00000010         xr
*default*        0x00000000         0xffffffff

Linker script and memory map

LOAD ./Sources/Application_c.obj
LOAD ./Sources/Events_c.obj
LOAD ./Sources/ProcessorExpert_c.obj
LOAD ./Sources/Ultrasonico_c.obj
LOAD ./Sources/sa_mtb_c.obj
LOAD ./Project_Settings/Startup_Code/__arm_end_c.obj
LOAD ./Project_Settings/Startup_Code/__arm_start_c.obj
LOAD ./Generated_Code/AS1_c.obj
LOAD ./Generated_Code/Bit1_c.obj
LOAD ./Generated_Code/BitIoLdd1_c.obj
LOAD ./Generated_Code/BitIoLdd2_c.obj
LOAD ./Generated_Code/BitIoLdd4_c.obj
LOAD ./Generated_Code/BitIoLdd5_c.obj
LOAD ./Generated_Code/BitIoLdd6_c.obj
LOAD ./Generated_Code/Cpu_c.obj
LOAD ./Generated_Code/Inhr1_c.obj
LOAD ./Generated_Code/Inhr2_c.obj
LOAD ./Generated_Code/LED1_c.obj
LOAD ./Generated_Code/LED2_c.obj
LOAD ./Generated_Code/LED3_c.obj
LOAD ./Generated_Code/LEDpin1_c.obj
LOAD ./Generated_Code/LEDpin3_c.obj
LOAD ./Generated_Code/LEDpin4_c.obj
LOAD ./Generated_Code/LEDpin5_c.obj
LOAD ./Generated_Code/MF01_c.obj
LOAD ./Generated_Code/MF02_c.obj
LOAD ./Generated_Code/PE_LDD_c.obj
LOAD ./Generated_Code/PwmLdd1_c.obj
LOAD ./Generated_Code/PwmLdd2_c.obj
LOAD ./Generated_Code/RxBuf_c.obj
LOAD ./Generated_Code/TRIG_c.obj
LOAD ./Generated_Code/TU1_c.obj
LOAD ./Generated_Code/TU2_c.obj
LOAD ./Generated_Code/TU3_c.obj
LOAD ./Generated_Code/UTIL1_c.obj
LOAD ./Generated_Code/Vectors_c.obj
LOAD ./Generated_Code/WAIT1_c.obj
                0x00002234                __pformatter = __pformatter_
                [0x0000266c]                __sformatter = __sformatter
START GROUP
LOAD C:/Freescale/CW MCU v10.3/MCU/ARM_GCC_Support/ewl/lib/armv6-m\libc.a
LOAD C:/Freescale/CW MCU v10.3/MCU/ARM_GCC_Support/ewl/lib/armv6-m\libm.a
LOAD c:/freescale/cw mcu v10.3/cross_tools/arm-none-eabi-gcc-4_6_2/bin/../lib/gcc/arm-none-eabi/4.6.2/armv6-m\libgcc.a
LOAD C:/Freescale/CW MCU v10.3/MCU/ARM_GCC_Support/ewl/lib/armv6-m\librt.a
LOAD C:/Freescale/CW MCU v10.3/MCU/ARM_GCC_Support/ewl/lib/armv6-m\libuart.a
END GROUP
                0x20003000                _estack = 0x20003000
                0x20003000                __SP_INIT = _estack
                0x00000000                __heap_size = 0x0
                0x00000400                __stack_size = 0x400

.interrupts     0x00000000       0xc0
                0x00000000                __vector_table = .
                0x00000000                . = ALIGN (0x4)
 *(.vectortable)
 .vectortable   0x00000000       0xc0 ./Generated_Code/Vectors_c.obj
                0x00000000                __vect_table
                0x000000c0                . = ALIGN (0x4)

.cfmprotect     0x00000400       0x10
                0x00000400                . = ALIGN (0x4)
 *(.cfmconfig)
 .cfmconfig     0x00000400       0x10 ./Generated_Code/Cpu_c.obj
                0x00000400                _cfm
                0x00000410                . = ALIGN (0x4)

.text           0x00000410     0x2f0c
                0x00000410                . = ALIGN (0x4)
 *(.text)
 .text          0x00000410       0x14 c:/freescale/cw mcu v10.3/cross_tools/arm-none-eabi-gcc-4_6_2/bin/../lib/gcc/arm-none-eabi/4.6.2/armv6-m\libgcc.a(_thumb1_case_uqi.o)
                0x00000410                __gnu_thumb1_case_uqi
 .text          0x00000424       0x9c c:/freescale/cw mcu v10.3/cross_tools/arm-none-eabi-gcc-4_6_2/bin/../lib/gcc/arm-none-eabi/4.6.2/armv6-m\libgcc.a(_udivsi3.o)
                0x00000424                __aeabi_uidiv
                0x00000424                __udivsi3
                0x000004ac                __aeabi_uidivmod
 .text          0x000004c0        0x4 c:/freescale/cw mcu v10.3/cross_tools/arm-none-eabi-gcc-4_6_2/bin/../lib/gcc/arm-none-eabi/4.6.2/armv6-m\libgcc.a(_dvmd_tls.o)
                0x000004c0                __aeabi_idiv0
                0x000004c0                __aeabi_ldiv0
 *(.text*)
 .text.SendChar
                0x000004c4       0x3c ./Sources/Application_c.obj
 .text.SendString
                0x00000500       0x30 ./Sources/Application_c.obj
 .text.Init     0x00000530       0x54 ./Sources/Application_c.obj
 .text.APP_Run  0x00000584      0x12c ./Sources/Application_c.obj
                0x00000584                APP_Run
 .text.virarDireita
                0x000006b0       0x24 ./Sources/Application_c.obj
                0x000006b0                virarDireita
 .text.virarEsquerda
                0x000006d4       0x24 ./Sources/Application_c.obj
                0x000006d4                virarEsquerda
 .text.endireitaVolante
                0x000006f8       0x24 ./Sources/Application_c.obj
                0x000006f8                endireitaVolante
 .text.re       0x0000071c       0x24 ./Sources/Application_c.obj
                0x0000071c                re
 .text.aceleracao
                0x00000740       0x24 ./Sources/Application_c.obj
                0x00000740                aceleracao
 .text.mudaRota
                0x00000764       0x2c ./Sources/Application_c.obj
                0x00000764                mudaRota
 .text.Cpu_OnNMIINT
                0x00000790        0x8 ./Sources/Events_c.obj
                0x00000790                Cpu_OnNMIINT
 .text.AS1_OnBlockReceived
                0x00000798       0x30 ./Sources/Events_c.obj
                0x00000798                AS1_OnBlockReceived
 .text.AS1_OnBlockSent
                0x000007c8       0x18 ./Sources/Events_c.obj
                0x000007c8                AS1_OnBlockSent
 .text.TU1_OnCounterRestart
                0x000007e0       0x18 ./Sources/Events_c.obj
                0x000007e0                TU1_OnCounterRestart
 .text.TU1_OnChannel0
                0x000007f8       0x18 ./Sources/Events_c.obj
                0x000007f8                TU1_OnChannel0
 .text.main     0x00000810       0x10 ./Sources/ProcessorExpert_c.obj
                0x00000810                main
 .text.inicioUltrasonico
                0x00000820       0x34 ./Sources/Ultrasonico_c.obj
                0x00000820                inicioUltrasonico
 .text.tUltrasonico
                0x00000854       0x74 ./Sources/Ultrasonico_c.obj
                0x00000854                tUltrasonico
 .text.US_EventEchoCapture
                0x000008c8       0x50 ./Sources/Ultrasonico_c.obj
                0x000008c8                US_EventEchoCapture
 .text.US_EventEchoOverflow
                0x00000918       0x18 ./Sources/Ultrasonico_c.obj
                0x00000918                US_EventEchoOverflow
 .text.calcAirspeed_dms
                0x00000930       0x48 ./Sources/Ultrasonico_c.obj
 .text.US_usToCentimeters
                0x00000978       0x40 ./Sources/Ultrasonico_c.obj
                0x00000978                US_usToCentimeters
 .text.sUltrasonico
                0x000009b8       0x68 ./Sources/Ultrasonico_c.obj
                0x000009b8                sUltrasonico
 .text._ExitProcess
                0x00000a20        0xc ./Project_Settings/Startup_Code/__arm_end_c.obj
                0x00000a20                _ExitProcess
 .text.zero_fill_bss
                0x00000a2c       0x24 ./Project_Settings/Startup_Code/__arm_start_c.obj
 .text.__thumb_startup
                0x00000a50       0x30 ./Project_Settings/Startup_Code/__arm_start_c.obj
                0x00000a50                __thumb_startup
 .text.AS1_Init
                0x00000a80      0x1b0 ./Generated_Code/AS1_c.obj
                0x00000a80                AS1_Init
 .text.AS1_ReceiveBlock
                0x00000c30       0x8c ./Generated_Code/AS1_c.obj
                0x00000c30                AS1_ReceiveBlock
 .text.AS1_SendBlock
                0x00000cbc       0xb8 ./Generated_Code/AS1_c.obj
                0x00000cbc                AS1_SendBlock
 .text.InterruptRx
                0x00000d74       0x58 ./Generated_Code/AS1_c.obj
 .text.InterruptTx
                0x00000dcc       0x80 ./Generated_Code/AS1_c.obj
 .text.AS1_Interrupt
                0x00000e4c       0x70 ./Generated_Code/AS1_c.obj
                0x00000e4c                AS1_Interrupt
 .text.BitIoLdd1_Init
                0x00000ebc       0x6c ./Generated_Code/BitIoLdd1_c.obj
                0x00000ebc                BitIoLdd1_Init
 .text.BitIoLdd2_Init
                0x00000f28       0x6c ./Generated_Code/BitIoLdd2_c.obj
                0x00000f28                BitIoLdd2_Init
 .text.BitIoLdd2_SetVal
                0x00000f94       0x1c ./Generated_Code/BitIoLdd2_c.obj
                0x00000f94                BitIoLdd2_SetVal
 .text.BitIoLdd4_Init
                0x00000fb0       0x64 ./Generated_Code/BitIoLdd4_c.obj
                0x00000fb0                BitIoLdd4_Init
 .text.BitIoLdd4_SetVal
                0x00001014       0x18 ./Generated_Code/BitIoLdd4_c.obj
                0x00001014                BitIoLdd4_SetVal
 .text.BitIoLdd5_Init
                0x0000102c       0x64 ./Generated_Code/BitIoLdd5_c.obj
                0x0000102c                BitIoLdd5_Init
 .text.BitIoLdd5_PutVal
                0x00001090       0x30 ./Generated_Code/BitIoLdd5_c.obj
                0x00001090                BitIoLdd5_PutVal
 .text.BitIoLdd5_SetVal
                0x000010c0       0x18 ./Generated_Code/BitIoLdd5_c.obj
                0x000010c0                BitIoLdd5_SetVal
 .text.BitIoLdd6_Init
                0x000010d8       0x64 ./Generated_Code/BitIoLdd6_c.obj
                0x000010d8                BitIoLdd6_Init
 .text.BitIoLdd6_PutVal
                0x0000113c       0x30 ./Generated_Code/BitIoLdd6_c.obj
                0x0000113c                BitIoLdd6_PutVal
 .text.BitIoLdd6_SetVal
                0x0000116c       0x18 ./Generated_Code/BitIoLdd6_c.obj
                0x0000116c                BitIoLdd6_SetVal
 .text.Cpu_INT_NMIInterrupt
                0x00001184        0xc ./Generated_Code/Cpu_c.obj
                0x00001184                Cpu_INT_NMIInterrupt
 .text.Cpu_Interrupt
                0x00001190        0xc ./Generated_Code/Cpu_c.obj
                0x00001190                Cpu_Interrupt
 .text.__init_hardware
                0x0000119c       0xe8 ./Generated_Code/Cpu_c.obj
                0x0000119c                __init_hardware
 .text.PE_low_level_init
                0x00001284      0x130 ./Generated_Code/Cpu_c.obj
                0x00001284                PE_low_level_init
 .text.LED2_SetRatio16
                0x000013b4       0x38 ./Generated_Code/LED2_c.obj
                0x000013b4                LED2_SetRatio16
 .text.PwmLdd1_Init
                0x000013ec       0x54 ./Generated_Code/PwmLdd1_c.obj
                0x000013ec                PwmLdd1_Init
 .text.PwmLdd1_Enable
                0x00001440       0x30 ./Generated_Code/PwmLdd1_c.obj
                0x00001440                PwmLdd1_Enable
 .text.PwmLdd1_SetRatio8
                0x00001470       0x34 ./Generated_Code/PwmLdd1_c.obj
                0x00001470                PwmLdd1_SetRatio8
 .text.PwmLdd1_SetRatio16
                0x000014a4       0x2c ./Generated_Code/PwmLdd1_c.obj
                0x000014a4                PwmLdd1_SetRatio16
 .text.SetRatio
                0x000014d0       0x70 ./Generated_Code/PwmLdd1_c.obj
 .text.PwmLdd2_Init
                0x00001540       0x54 ./Generated_Code/PwmLdd2_c.obj
                0x00001540                PwmLdd2_Init
 .text.PwmLdd2_Enable
                0x00001594       0x30 ./Generated_Code/PwmLdd2_c.obj
                0x00001594                PwmLdd2_Enable
 .text.PwmLdd2_SetRatio8
                0x000015c4       0x34 ./Generated_Code/PwmLdd2_c.obj
                0x000015c4                PwmLdd2_SetRatio8
 .text.SetRatio
                0x000015f8       0x70 ./Generated_Code/PwmLdd2_c.obj
 .text.RxBuf_Put
                0x00001668       0xb4 ./Generated_Code/RxBuf_c.obj
                0x00001668                RxBuf_Put
 .text.RxBuf_Init
                0x0000171c       0x28 ./Generated_Code/RxBuf_c.obj
                0x0000171c                RxBuf_Init
 .text.TRIG_Init
                0x00001744       0x6c ./Generated_Code/TRIG_c.obj
                0x00001744                TRIG_Init
 .text.TRIG_ClrVal
                0x000017b0       0x1c ./Generated_Code/TRIG_c.obj
                0x000017b0                TRIG_ClrVal
 .text.TRIG_SetVal
                0x000017cc       0x1c ./Generated_Code/TRIG_c.obj
                0x000017cc                TRIG_SetVal
 .text.TU1_Init
                0x000017e8       0xf0 ./Generated_Code/TU1_c.obj
                0x000017e8                TU1_Init
 .text.TU1_ResetCounter
                0x000018d8       0x1c ./Generated_Code/TU1_c.obj
                0x000018d8                TU1_ResetCounter
 .text.TU1_GetCaptureValue
                0x000018f4       0x64 ./Generated_Code/TU1_c.obj
                0x000018f4                TU1_GetCaptureValue
 .text.TU1_Interrupt
                0x00001958       0xb8 ./Generated_Code/TU1_c.obj
                0x00001958                TU1_Interrupt
 .text.TU2_Init
                0x00001a10       0xcc ./Generated_Code/TU2_c.obj
                0x00001a10                TU2_Init
 .text.TU2_Enable
                0x00001adc       0x30 ./Generated_Code/TU2_c.obj
                0x00001adc                TU2_Enable
 .text.TU2_GetPeriodTicks
                0x00001b0c       0x3c ./Generated_Code/TU2_c.obj
                0x00001b0c                TU2_GetPeriodTicks
 .text.TU2_SetOffsetTicks
                0x00001b48       0x58 ./Generated_Code/TU2_c.obj
                0x00001b48                TU2_SetOffsetTicks
 .text.TU3_Init
                0x00001ba0       0xcc ./Generated_Code/TU3_c.obj
                0x00001ba0                TU3_Init
 .text.TU3_Enable
                0x00001c6c       0x30 ./Generated_Code/TU3_c.obj
                0x00001c6c                TU3_Enable
 .text.TU3_GetPeriodTicks
                0x00001c9c       0x3c ./Generated_Code/TU3_c.obj
                0x00001c9c                TU3_GetPeriodTicks
 .text.TU3_SetOffsetTicks
                0x00001cd8       0x58 ./Generated_Code/TU3_c.obj
                0x00001cd8                TU3_SetOffsetTicks
 .text.UTIL1_Num16uToStr
                0x00001d30      0x138 ./Generated_Code/UTIL1_c.obj
                0x00001d30                UTIL1_Num16uToStr
 .text.ShiftRightAndFill
                0x00001e68       0xe4 ./Generated_Code/UTIL1_c.obj
 .text.UTIL1_Num16uToStrFormatted
                0x00001f4c       0x44 ./Generated_Code/UTIL1_c.obj
                0x00001f4c                UTIL1_Num16uToStrFormatted
 .text.WAIT1_Wait100Cycles
                0x00001f90       0x30 ./Generated_Code/WAIT1_c.obj
                0x00001f90                WAIT1_Wait100Cycles
 .text.WAIT1_WaitCycles
                0x00001fc0       0x2c ./Generated_Code/WAIT1_c.obj
                0x00001fc0                WAIT1_WaitCycles
 .text.WAIT1_Waitms
                0x00001fec       0x30 ./Generated_Code/WAIT1_c.obj
                0x00001fec                WAIT1_Waitms
 .text.exit     0x0000201c       0x38 C:/Freescale/CW MCU v10.3/MCU/ARM_GCC_Support/ewl/lib/armv6-m\libc.a(exit.o)
                0x0000201c                exit
 .text.memset   0x00002054        0xc C:/Freescale/CW MCU v10.3/MCU/ARM_GCC_Support/ewl/lib/armv6-m\libc.a(memset.o)
                0x00002054                memset
 .text.strchr   0x00002060       0x1e C:/Freescale/CW MCU v10.3/MCU/ARM_GCC_Support/ewl/lib/armv6-m\libc.a(strchr.o)
                0x00002060                strchr
 .text.strlen   0x0000207e       0x14 C:/Freescale/CW MCU v10.3/MCU/ARM_GCC_Support/ewl/lib/armv6-m\libc.a(strlen.o)
                0x0000207e                strlen
 *fill*         0x00002092        0x2 00
 .text.long2str.isra.0
                0x00002094      0x1a0 C:/Freescale/CW MCU v10.3/MCU/ARM_GCC_Support/ewl/lib/armv6-m\libc.a(printformat_.o)
 .text.__pformatter_
                0x00002234      0x438 C:/Freescale/CW MCU v10.3/MCU/ARM_GCC_Support/ewl/lib/armv6-m\libc.a(printformat_.o)
                0x00002234                __pformatter_
 .text.__sformatter
                0x0000266c      0x780 C:/Freescale/CW MCU v10.3/MCU/ARM_GCC_Support/ewl/lib/armv6-m\libc.a(scanformat_.o)
                0x0000266c                __sformatter
 .text.isalpha  0x00002dec       0x20 C:/Freescale/CW MCU v10.3/MCU/ARM_GCC_Support/ewl/lib/armv6-m\libc.a(ctype_aeabi.o)
                0x00002dec                isalpha
 .text.isspace  0x00002e0c       0x20 C:/Freescale/CW MCU v10.3/MCU/ARM_GCC_Support/ewl/lib/armv6-m\libc.a(ctype_aeabi.o)
                0x00002e0c                isspace
 .text.toupper  0x00002e2c        0xe C:/Freescale/CW MCU v10.3/MCU/ARM_GCC_Support/ewl/lib/armv6-m\libc.a(ctype_aeabi.o)
                0x00002e2c                toupper
 .text.__strtoul
                0x00002e3a      0x1d0 C:/Freescale/CW MCU v10.3/MCU/ARM_GCC_Support/ewl/lib/armv6-m\libc.a(__strtoul.o)
                0x00002e3a                __strtoul
 .text.__fill_mem
                0x0000300a       0x84 C:/Freescale/CW MCU v10.3/MCU/ARM_GCC_Support/ewl/lib/armv6-m\libc.a(__filll_mem.o)
                0x0000300a                __fill_mem
 .text.memchr   0x0000308e       0x1a C:/Freescale/CW MCU v10.3/MCU/ARM_GCC_Support/ewl/lib/armv6-m\libc.a(memchr.o)
                0x0000308e                memchr
 .text.__init_cpp
                0x000030a8       0x48 C:/Freescale/CW MCU v10.3/MCU/ARM_GCC_Support/ewl/lib/armv6-m\librt.a(gcc_ctor_dtor.o)
                0x000030a8                __init_cpp
 .text.__fini_cpp
                0x000030f0       0x34 C:/Freescale/CW MCU v10.3/MCU/ARM_GCC_Support/ewl/lib/armv6-m\librt.a(gcc_ctor_dtor.o)
                0x000030f0                __fini_cpp
 .text.__copy_rom_section
                0x00003124       0x4a C:/Freescale/CW MCU v10.3/MCU/ARM_GCC_Support/ewl/lib/armv6-m\librt.a(ROMCopy.o)
                0x00003124                __copy_rom_section
 *fill*         0x0000316e        0x2 00
 .text.__copy_rom_sections_to_ram
                0x00003170       0x2c C:/Freescale/CW MCU v10.3/MCU/ARM_GCC_Support/ewl/lib/armv6-m\librt.a(ROMCopy.o)
                0x00003170                __copy_rom_sections_to_ram
 .text.__destroy_global_chain
                0x0000319c       0x1c C:/Freescale/CW MCU v10.3/MCU/ARM_GCC_Support/ewl/lib/armv6-m\librt.a(__arm_eabi_init.o)
                0x0000319c                __destroy_global_chain
 .text.__init_registers
                0x000031b8       0x1c C:/Freescale/CW MCU v10.3/MCU/ARM_GCC_Support/ewl/lib/armv6-m\librt.a(__arm_eabi_init.o)
                0x000031b8                __init_registers
 .text.__init_user
                0x000031d4        0x4 C:/Freescale/CW MCU v10.3/MCU/ARM_GCC_Support/ewl/lib/armv6-m\librt.a(__arm_eabi_init.o)
                0x000031d4                __init_user
 *(.rodata)
 .rodata        0x000031d8       0x28 ./Sources/Application_c.obj
 *(.rodata*)
 .rodata.ChannelDevice
                0x00003200        0x4 ./Generated_Code/TU1_c.obj
 .rodata.ChannelMode
                0x00003204        0x4 ./Generated_Code/TU1_c.obj
 .rodata.ChannelDevice
                0x00003208        0x4 ./Generated_Code/TU2_c.obj
 .rodata.ChannelMode
                0x0000320c        0x4 ./Generated_Code/TU2_c.obj
 .rodata.ChannelDevice
                0x00003210        0x4 ./Generated_Code/TU3_c.obj
 .rodata.ChannelMode
                0x00003214        0x4 ./Generated_Code/TU3_c.obj
 .rodata.str1.1
                0x00003218        0x1 C:/Freescale/CW MCU v10.3/MCU/ARM_GCC_Support/ewl/lib/armv6-m\libc.a(printformat_.o)
 .rodata.__aeabi_ctype_table_C
                0x00003219      0x101 C:/Freescale/CW MCU v10.3/MCU/ARM_GCC_Support/ewl/lib/armv6-m\libc.a(ctype_aeabi.o)
                0x00003219                __aeabi_ctype_table_C
 *(.glue_7)
 .glue_7        0x00000000        0x0 linker stubs
 *(.glue_7t)
 .glue_7t       0x00000000        0x0 linker stubs
 *(.eh_frame)
 *(.init)
 *(.fini)
                0x0000331c                . = ALIGN (0x4)
 *fill*         0x0000331a        0x2 00
                0x0000331c                _etext = .

.vfp11_veneer   0x0000331c        0x0
 .vfp11_veneer  0x00000000        0x0 linker stubs

.v4_bx          0x0000331c        0x0
 .v4_bx         0x00000000        0x0 linker stubs

.ARM.extab
 *(.ARM.extab* .gnu.linkonce.armextab.*)

.ARM            0x0000331c        0x0
                0x0000331c                __exidx_start = .
 *(.ARM.exidx*)
                0x0000331c                __exidx_end = .

.ctors          0x0000331c        0x0
                0x0000331c                __CTOR_LIST__ = .
 *crtbegin.o(.ctors)
 *(EXCLUDE_FILE(*crtend.o) .ctors)
 *(SORT(.ctors.*))
 *(.ctors)
                0x0000331c                __CTOR_END__ = .

.dtors          0x0000331c        0x0
                0x0000331c                __DTOR_LIST__ = .
 *crtbegin.o(.dtors)
 *(EXCLUDE_FILE(*crtend.o) .dtors)
 *(SORT(.dtors.*))
 *(.dtors)
                0x0000331c                __DTOR_END__ = .

.preinit_array  0x0000331c        0x0
                0x0000331c                PROVIDE (__preinit_array_start, .)
 *(.preinit_array*)
                0x0000331c                PROVIDE (__preinit_array_end, .)

.init_array     0x0000331c        0x0
                0x0000331c                PROVIDE (__init_array_start, .)
 *(SORT(.init_array.*))
 *(.init_array*)
                0x0000331c                PROVIDE (__init_array_end, .)

.fini_array     0x0000331c        0x0
                0x0000331c                PROVIDE (__fini_array_start, .)
 *(SORT(.fini_array.*))
 *(.fini_array*)
                0x0000331c                PROVIDE (__fini_array_end, .)
                0x0000331c                ___ROM_AT = .

.mtb            0x1ffff000        0x0
                0x1ffff000                . = ALIGN (0x8)
                0x1ffff000                _mtb_start = .
 *(.mtb_buf)
                0x1ffff000                . = ALIGN (0x8)
                0x1ffff000                _mtb_end = .

.data           0x1ffff000        0x0 load address 0x0000331c
                0x1ffff000                . = ALIGN (0x4)
                0x1ffff000                _sdata = .
 *(.data)
 *(.data*)
                0x1ffff000                . = ALIGN (0x4)
                0x1ffff000                _edata = .
                0x00000000                ___data_size = (_edata - _sdata)
                0x1ffff000                . = ALIGN (0x4)

.bss            0x1ffff000      0x124
                0x1ffff000                __START_BSS = .
                0x1ffff000                __bss_start__ = __START_BSS
 *(.bss)
 *(.bss*)
 .bss.deviceData
                0x1ffff000        0xc ./Sources/Application_c.obj
 .bss.usDevice  0x1ffff00c       0x10 ./Sources/Ultrasonico_c.obj
 .bss.argv      0x1ffff01c        0x4 ./Project_Settings/Startup_Code/__arm_start_c.obj
 .bss.DeviceDataPrv__DEFAULT_RTOS_ALLOC
                0x1ffff020       0x18 ./Generated_Code/AS1_c.obj
 .bss.INT_UART0__DEFAULT_RTOS_ISRPARAM
                0x1ffff038        0x4 ./Generated_Code/AS1_c.obj
 .bss.DeviceDataPrv__DEFAULT_RTOS_ALLOC
                0x1ffff03c        0x4 ./Generated_Code/BitIoLdd1_c.obj
 .bss.DeviceDataPrv__DEFAULT_RTOS_ALLOC
                0x1ffff040        0x4 ./Generated_Code/BitIoLdd2_c.obj
 .bss.DeviceDataPrv__DEFAULT_RTOS_ALLOC
                0x1ffff044        0x4 ./Generated_Code/BitIoLdd4_c.obj
 .bss.DeviceDataPrv__DEFAULT_RTOS_ALLOC
                0x1ffff048        0x4 ./Generated_Code/BitIoLdd5_c.obj
 .bss.DeviceDataPrv__DEFAULT_RTOS_ALLOC
                0x1ffff04c        0x4 ./Generated_Code/BitIoLdd6_c.obj
 .bss.SR_lock   0x1ffff050        0x1 ./Generated_Code/Cpu_c.obj
                0x1ffff050                SR_lock
 *fill*         0x1ffff051        0x3 00
 .bss.PE_LDD_DeviceDataList
                0x1ffff054       0x30 ./Generated_Code/PE_LDD_c.obj
                0x1ffff054                PE_LDD_DeviceDataList
 .bss.DeviceDataPrv__DEFAULT_RTOS_ALLOC
                0x1ffff084        0xc ./Generated_Code/PwmLdd1_c.obj
 .bss.DeviceDataPrv__DEFAULT_RTOS_ALLOC
                0x1ffff090        0xc ./Generated_Code/PwmLdd2_c.obj
 .bss.RxBuf_buffer
                0x1ffff09c       0x40 ./Generated_Code/RxBuf_c.obj
 .bss.RxBuf_inIdx
                0x1ffff0dc        0x1 ./Generated_Code/RxBuf_c.obj
 .bss.RxBuf_outIdx
                0x1ffff0dd        0x1 ./Generated_Code/RxBuf_c.obj
 .bss.RxBuf_inSize
                0x1ffff0de        0x1 ./Generated_Code/RxBuf_c.obj
 *fill*         0x1ffff0df        0x1 00
 .bss.DeviceDataPrv__DEFAULT_RTOS_ALLOC
                0x1ffff0e0        0x4 ./Generated_Code/TRIG_c.obj
 .bss.DeviceDataPrv__DEFAULT_RTOS_ALLOC
                0x1ffff0e4        0x8 ./Generated_Code/TU1_c.obj
 .bss.INT_TPM0__DEFAULT_RTOS_ISRPARAM
                0x1ffff0ec        0x4 ./Generated_Code/TU1_c.obj
 .bss.DeviceDataPrv__DEFAULT_RTOS_ALLOC
                0x1ffff0f0        0xc ./Generated_Code/TU2_c.obj
 .bss.DeviceDataPrv__DEFAULT_RTOS_ALLOC
                0x1ffff0fc        0xc ./Generated_Code/TU3_c.obj
 .bss.__stdio_exit
                0x1ffff108        0x4 C:/Freescale/CW MCU v10.3/MCU/ARM_GCC_Support/ewl/lib/armv6-m\libc.a(exit.o)
                0x1ffff108                __stdio_exit
 .bss.__console_exit
                0x1ffff10c        0x4 C:/Freescale/CW MCU v10.3/MCU/ARM_GCC_Support/ewl/lib/armv6-m\libc.a(exit.o)
                0x1ffff10c                __console_exit
 .bss.__S_romp  0x1ffff110        0xc C:/Freescale/CW MCU v10.3/MCU/ARM_GCC_Support/ewl/lib/armv6-m\librt.a(ROMCopy.o)
 .bss.__global_destructor_chain
                0x1ffff11c        0x4 C:/Freescale/CW MCU v10.3/MCU/ARM_GCC_Support/ewl/lib/armv6-m\librt.a(__arm_eabi_init.o)
                0x1ffff11c                __global_destructor_chain
 *(COMMON)
 COMMON         0x1ffff120        0x1 ./Generated_Code/Cpu_c.obj
                0x1ffff120                SR_reg
 *fill*         0x1ffff121        0x1 00
 COMMON         0x1ffff122        0x2 ./Generated_Code/LED2_c.obj
                0x1ffff122                LED2_currPWM
                0x1ffff124                . = ALIGN (0x4)
                0x1ffff124                __END_BSS = .
                0x1ffff124                __bss_end__ = __END_BSS

._user_heap_stack
                0x1ffff124      0x400
                0x1ffff124                . = ALIGN (0x4)
                0x1ffff124                PROVIDE (end, .)
                0x1ffff124                PROVIDE (_end, .)
                0x1ffff124                __heap_addr = .
                0x1ffff124                . = (. + __heap_size)
                0x1ffff524                . = (. + __stack_size)
 *fill*         0x1ffff124      0x400 00
                0x1ffff524                . = ALIGN (0x4)
                0x0000331c                _romp_at = (___ROM_AT + SIZEOF (.data))

.romp           0x1ffff524       0x18 load address 0x0000331c
                0x0000331c                __S_romp = _romp_at
                0x1ffff524        0x4 LONG 0x331c ___ROM_AT
                0x1ffff528        0x4 LONG 0x1ffff000 _sdata
                0x1ffff52c        0x4 LONG 0x0 ___data_size
                0x1ffff530        0x4 LONG 0x0
                0x1ffff534        0x4 LONG 0x0
                0x1ffff538        0x4 LONG 0x0

.ARM.attributes
                0x00000000       0x31
 *(.ARM.attributes)
 .ARM.attributes
                0x00000000       0x31 ./Sources/Application_c.obj
 .ARM.attributes
                0x00000031       0x31 ./Sources/Events_c.obj
 .ARM.attributes
                0x00000062       0x31 ./Sources/ProcessorExpert_c.obj
 .ARM.attributes
                0x00000093       0x31 ./Sources/Ultrasonico_c.obj
 .ARM.attributes
                0x000000c4       0x31 ./Project_Settings/Startup_Code/__arm_end_c.obj
 .ARM.attributes
                0x000000f5       0x31 ./Project_Settings/Startup_Code/__arm_start_c.obj
 .ARM.attributes
                0x00000126       0x31 ./Generated_Code/AS1_c.obj
 .ARM.attributes
                0x00000157       0x31 ./Generated_Code/BitIoLdd1_c.obj
 .ARM.attributes
                0x00000188       0x31 ./Generated_Code/BitIoLdd2_c.obj
 .ARM.attributes
                0x000001b9       0x31 ./Generated_Code/BitIoLdd4_c.obj
 .ARM.attributes
                0x000001ea       0x31 ./Generated_Code/BitIoLdd5_c.obj
 .ARM.attributes
                0x0000021b       0x31 ./Generated_Code/BitIoLdd6_c.obj
 .ARM.attributes
                0x0000024c       0x31 ./Generated_Code/Cpu_c.obj
 .ARM.attributes
                0x0000027d       0x31 ./Generated_Code/LED2_c.obj
 .ARM.attributes
                0x000002ae       0x31 ./Generated_Code/PE_LDD_c.obj
 .ARM.attributes
                0x000002df       0x31 ./Generated_Code/PwmLdd1_c.obj
 .ARM.attributes
                0x00000310       0x31 ./Generated_Code/PwmLdd2_c.obj
 .ARM.attributes
                0x00000341       0x31 ./Generated_Code/RxBuf_c.obj
 .ARM.attributes
                0x00000372       0x31 ./Generated_Code/TRIG_c.obj
 .ARM.attributes
                0x000003a3       0x31 ./Generated_Code/TU1_c.obj
 .ARM.attributes
                0x000003d4       0x31 ./Generated_Code/TU2_c.obj
 .ARM.attributes
                0x00000405       0x31 ./Generated_Code/TU3_c.obj
 .ARM.attributes
                0x00000436       0x31 ./Generated_Code/UTIL1_c.obj
 .ARM.attributes
                0x00000467       0x31 ./Generated_Code/Vectors_c.obj
 .ARM.attributes
                0x00000498       0x31 ./Generated_Code/WAIT1_c.obj
 .ARM.attributes
                0x000004c9       0x31 C:/Freescale/CW MCU v10.3/MCU/ARM_GCC_Support/ewl/lib/armv6-m\libc.a(exit.o)
 .ARM.attributes
                0x000004fa       0x31 C:/Freescale/CW MCU v10.3/MCU/ARM_GCC_Support/ewl/lib/armv6-m\libc.a(memset.o)
 .ARM.attributes
                0x0000052b       0x31 C:/Freescale/CW MCU v10.3/MCU/ARM_GCC_Support/ewl/lib/armv6-m\libc.a(strchr.o)
 .ARM.attributes
                0x0000055c       0x31 C:/Freescale/CW MCU v10.3/MCU/ARM_GCC_Support/ewl/lib/armv6-m\libc.a(strlen.o)
 .ARM.attributes
                0x0000058d       0x31 C:/Freescale/CW MCU v10.3/MCU/ARM_GCC_Support/ewl/lib/armv6-m\libc.a(printformat_.o)
 .ARM.attributes
                0x000005be       0x31 C:/Freescale/CW MCU v10.3/MCU/ARM_GCC_Support/ewl/lib/armv6-m\libc.a(scanformat_.o)
 .ARM.attributes
                0x000005ef       0x31 C:/Freescale/CW MCU v10.3/MCU/ARM_GCC_Support/ewl/lib/armv6-m\libc.a(ctype_aeabi.o)
 .ARM.attributes
                0x00000620       0x31 C:/Freescale/CW MCU v10.3/MCU/ARM_GCC_Support/ewl/lib/armv6-m\libc.a(__strtoul.o)
 .ARM.attributes
                0x00000651       0x31 C:/Freescale/CW MCU v10.3/MCU/ARM_GCC_Support/ewl/lib/armv6-m\libc.a(__filll_mem.o)
 .ARM.attributes
                0x00000682       0x31 C:/Freescale/CW MCU v10.3/MCU/ARM_GCC_Support/ewl/lib/armv6-m\libc.a(memchr.o)
 .ARM.attributes
                0x000006b3       0x1e c:/freescale/cw mcu v10.3/cross_tools/arm-none-eabi-gcc-4_6_2/bin/../lib/gcc/arm-none-eabi/4.6.2/armv6-m\libgcc.a(_thumb1_case_uqi.o)
 .ARM.attributes
                0x000006d1       0x1e c:/freescale/cw mcu v10.3/cross_tools/arm-none-eabi-gcc-4_6_2/bin/../lib/gcc/arm-none-eabi/4.6.2/armv6-m\libgcc.a(_udivsi3.o)
 .ARM.attributes
                0x000006ef       0x1e c:/freescale/cw mcu v10.3/cross_tools/arm-none-eabi-gcc-4_6_2/bin/../lib/gcc/arm-none-eabi/4.6.2/armv6-m\libgcc.a(_dvmd_tls.o)
 .ARM.attributes
                0x0000070d       0x31 C:/Freescale/CW MCU v10.3/MCU/ARM_GCC_Support/ewl/lib/armv6-m\librt.a(gcc_ctor_dtor.o)
 .ARM.attributes
                0x0000073e       0x31 C:/Freescale/CW MCU v10.3/MCU/ARM_GCC_Support/ewl/lib/armv6-m\librt.a(ROMCopy.o)
 .ARM.attributes
                0x0000076f       0x31 C:/Freescale/CW MCU v10.3/MCU/ARM_GCC_Support/ewl/lib/armv6-m\librt.a(__arm_eabi_init.o)
OUTPUT(Hello.elf elf32-littlearm)

.debug_info     0x00000000     0x8741
 .debug_info    0x00000000      0x28d ./Sources/Application_c.obj
 .debug_info    0x0000028d      0x1e4 ./Sources/Events_c.obj
 .debug_info    0x00000471       0x97 ./Sources/ProcessorExpert_c.obj
 .debug_info    0x00000508      0x2de ./Sources/Ultrasonico_c.obj
 .debug_info    0x000007e6       0x5c ./Project_Settings/Startup_Code/__arm_end_c.obj
 .debug_info    0x00000842      0x138 ./Project_Settings/Startup_Code/__arm_start_c.obj
 .debug_info    0x0000097a      0x88b ./Generated_Code/AS1_c.obj
 .debug_info    0x00001205      0x30b ./Generated_Code/BitIoLdd1_c.obj
 .debug_info    0x00001510      0x3d6 ./Generated_Code/BitIoLdd2_c.obj
 .debug_info    0x000018e6      0x3a0 ./Generated_Code/BitIoLdd4_c.obj
 .debug_info    0x00001c86      0x3d6 ./Generated_Code/BitIoLdd5_c.obj
 .debug_info    0x0000205c      0x3d6 ./Generated_Code/BitIoLdd6_c.obj
 .debug_info    0x00002432      0x917 ./Generated_Code/Cpu_c.obj
 .debug_info    0x00002d49      0x122 ./Generated_Code/LED2_c.obj
 .debug_info    0x00002e6b      0x256 ./Generated_Code/PE_LDD_c.obj
 .debug_info    0x000030c1      0x3e6 ./Generated_Code/PwmLdd1_c.obj
 .debug_info    0x000034a7      0x3e6 ./Generated_Code/PwmLdd2_c.obj
 .debug_info    0x0000388d      0x1f7 ./Generated_Code/RxBuf_c.obj
 .debug_info    0x00003a84      0x40e ./Generated_Code/TRIG_c.obj
 .debug_info    0x00003e92      0x756 ./Generated_Code/TU1_c.obj
 .debug_info    0x000045e8      0x7d5 ./Generated_Code/TU2_c.obj
 .debug_info    0x00004dbd      0x7d5 ./Generated_Code/TU3_c.obj
 .debug_info    0x00005592     0x133d ./Generated_Code/UTIL1_c.obj
 .debug_info    0x000068cf      0x119 ./Generated_Code/Vectors_c.obj
 .debug_info    0x000069e8      0x11f ./Generated_Code/WAIT1_c.obj
 .debug_info    0x00006b07      0x103 C:/Freescale/CW MCU v10.3/MCU/ARM_GCC_Support/ewl/lib/armv6-m\libc.a(exit.o)
 .debug_info    0x00006c0a       0xf4 C:/Freescale/CW MCU v10.3/MCU/ARM_GCC_Support/ewl/lib/armv6-m\libc.a(memset.o)
 .debug_info    0x00006cfe      0x113 C:/Freescale/CW MCU v10.3/MCU/ARM_GCC_Support/ewl/lib/armv6-m\libc.a(strchr.o)
 .debug_info    0x00006e11       0xf4 C:/Freescale/CW MCU v10.3/MCU/ARM_GCC_Support/ewl/lib/armv6-m\libc.a(strlen.o)
 .debug_info    0x00006f05      0x512 C:/Freescale/CW MCU v10.3/MCU/ARM_GCC_Support/ewl/lib/armv6-m\libc.a(printformat_.o)
 .debug_info    0x00007417      0x567 C:/Freescale/CW MCU v10.3/MCU/ARM_GCC_Support/ewl/lib/armv6-m\libc.a(scanformat_.o)
 .debug_info    0x0000797e      0x337 C:/Freescale/CW MCU v10.3/MCU/ARM_GCC_Support/ewl/lib/armv6-m\libc.a(ctype_aeabi.o)
 .debug_info    0x00007cb5      0x1d7 C:/Freescale/CW MCU v10.3/MCU/ARM_GCC_Support/ewl/lib/armv6-m\libc.a(__strtoul.o)
 .debug_info    0x00007e8c      0x13f C:/Freescale/CW MCU v10.3/MCU/ARM_GCC_Support/ewl/lib/armv6-m\libc.a(__filll_mem.o)
 .debug_info    0x00007fcb      0x129 C:/Freescale/CW MCU v10.3/MCU/ARM_GCC_Support/ewl/lib/armv6-m\libc.a(memchr.o)
 .debug_info    0x000080f4      0x1c0 C:/Freescale/CW MCU v10.3/MCU/ARM_GCC_Support/ewl/lib/armv6-m\librt.a(gcc_ctor_dtor.o)
 .debug_info    0x000082b4      0x1b9 C:/Freescale/CW MCU v10.3/MCU/ARM_GCC_Support/ewl/lib/armv6-m\librt.a(ROMCopy.o)
 .debug_info    0x0000846d      0x2d4 C:/Freescale/CW MCU v10.3/MCU/ARM_GCC_Support/ewl/lib/armv6-m\librt.a(__arm_eabi_init.o)

.debug_abbrev   0x00000000     0x26ba
 .debug_abbrev  0x00000000      0x152 ./Sources/Application_c.obj
 .debug_abbrev  0x00000152       0xe1 ./Sources/Events_c.obj
 .debug_abbrev  0x00000233       0x43 ./Sources/ProcessorExpert_c.obj
 .debug_abbrev  0x00000276      0x121 ./Sources/Ultrasonico_c.obj
 .debug_abbrev  0x00000397       0x50 ./Project_Settings/Startup_Code/__arm_end_c.obj
 .debug_abbrev  0x000003e7       0x96 ./Project_Settings/Startup_Code/__arm_start_c.obj
 .debug_abbrev  0x0000047d      0x19b ./Generated_Code/AS1_c.obj
 .debug_abbrev  0x00000618      0x120 ./Generated_Code/BitIoLdd1_c.obj
 .debug_abbrev  0x00000738      0x12f ./Generated_Code/BitIoLdd2_c.obj
 .debug_abbrev  0x00000867      0x120 ./Generated_Code/BitIoLdd4_c.obj
 .debug_abbrev  0x00000987      0x12f ./Generated_Code/BitIoLdd5_c.obj
 .debug_abbrev  0x00000ab6      0x12f ./Generated_Code/BitIoLdd6_c.obj
 .debug_abbrev  0x00000be5      0x125 ./Generated_Code/Cpu_c.obj
 .debug_abbrev  0x00000d0a       0xb8 ./Generated_Code/LED2_c.obj
 .debug_abbrev  0x00000dc2      0x106 ./Generated_Code/PE_LDD_c.obj
 .debug_abbrev  0x00000ec8      0x122 ./Generated_Code/PwmLdd1_c.obj
 .debug_abbrev  0x00000fea      0x122 ./Generated_Code/PwmLdd2_c.obj
 .debug_abbrev  0x0000110c       0xde ./Generated_Code/RxBuf_c.obj
 .debug_abbrev  0x000011ea      0x155 ./Generated_Code/TRIG_c.obj
 .debug_abbrev  0x0000133f      0x19a ./Generated_Code/TU1_c.obj
 .debug_abbrev  0x000014d9      0x199 ./Generated_Code/TU2_c.obj
 .debug_abbrev  0x00001672      0x199 ./Generated_Code/TU3_c.obj
 .debug_abbrev  0x0000180b      0x13f ./Generated_Code/UTIL1_c.obj
 .debug_abbrev  0x0000194a       0xa7 ./Generated_Code/Vectors_c.obj
 .debug_abbrev  0x000019f1       0xae ./Generated_Code/WAIT1_c.obj
 .debug_abbrev  0x00001a9f       0x8f C:/Freescale/CW MCU v10.3/MCU/ARM_GCC_Support/ewl/lib/armv6-m\libc.a(exit.o)
 .debug_abbrev  0x00001b2e       0x66 C:/Freescale/CW MCU v10.3/MCU/ARM_GCC_Support/ewl/lib/armv6-m\libc.a(memset.o)
 .debug_abbrev  0x00001b94       0x7e C:/Freescale/CW MCU v10.3/MCU/ARM_GCC_Support/ewl/lib/armv6-m\libc.a(strchr.o)
 .debug_abbrev  0x00001c12       0x7e C:/Freescale/CW MCU v10.3/MCU/ARM_GCC_Support/ewl/lib/armv6-m\libc.a(strlen.o)
 .debug_abbrev  0x00001c90      0x204 C:/Freescale/CW MCU v10.3/MCU/ARM_GCC_Support/ewl/lib/armv6-m\libc.a(printformat_.o)
 .debug_abbrev  0x00001e94      0x1fb C:/Freescale/CW MCU v10.3/MCU/ARM_GCC_Support/ewl/lib/armv6-m\libc.a(scanformat_.o)
 .debug_abbrev  0x0000208f       0xb3 C:/Freescale/CW MCU v10.3/MCU/ARM_GCC_Support/ewl/lib/armv6-m\libc.a(ctype_aeabi.o)
 .debug_abbrev  0x00002142       0xc6 C:/Freescale/CW MCU v10.3/MCU/ARM_GCC_Support/ewl/lib/armv6-m\libc.a(__strtoul.o)
 .debug_abbrev  0x00002208       0x7c C:/Freescale/CW MCU v10.3/MCU/ARM_GCC_Support/ewl/lib/armv6-m\libc.a(__filll_mem.o)
 .debug_abbrev  0x00002284       0x99 C:/Freescale/CW MCU v10.3/MCU/ARM_GCC_Support/ewl/lib/armv6-m\libc.a(memchr.o)
 .debug_abbrev  0x0000231d       0x9d C:/Freescale/CW MCU v10.3/MCU/ARM_GCC_Support/ewl/lib/armv6-m\librt.a(gcc_ctor_dtor.o)
 .debug_abbrev  0x000023ba      0x149 C:/Freescale/CW MCU v10.3/MCU/ARM_GCC_Support/ewl/lib/armv6-m\librt.a(ROMCopy.o)
 .debug_abbrev  0x00002503      0x1b7 C:/Freescale/CW MCU v10.3/MCU/ARM_GCC_Support/ewl/lib/armv6-m\librt.a(__arm_eabi_init.o)

.debug_loc      0x00000000     0x4c7b
 .debug_loc     0x00000000      0x1dc ./Sources/Application_c.obj
 .debug_loc     0x000001dc      0x10c ./Sources/Events_c.obj
 .debug_loc     0x000002e8       0x2c ./Sources/ProcessorExpert_c.obj
 .debug_loc     0x00000314      0x17c ./Sources/Ultrasonico_c.obj
 .debug_loc     0x00000490       0x38 ./Project_Settings/Startup_Code/__arm_end_c.obj
 .debug_loc     0x000004c8       0x2c ./Project_Settings/Startup_Code/__arm_start_c.obj
 .debug_loc     0x000004f4      0x1f8 ./Generated_Code/AS1_c.obj
 .debug_loc     0x000006ec       0x70 ./Generated_Code/BitIoLdd1_c.obj
 .debug_loc     0x0000075c      0x150 ./Generated_Code/BitIoLdd2_c.obj
 .debug_loc     0x000008ac      0x118 ./Generated_Code/BitIoLdd4_c.obj
 .debug_loc     0x000009c4      0x150 ./Generated_Code/BitIoLdd5_c.obj
 .debug_loc     0x00000b14      0x150 ./Generated_Code/BitIoLdd6_c.obj
 .debug_loc     0x00000c64       0xb0 ./Generated_Code/Cpu_c.obj
 .debug_loc     0x00000d14       0x64 ./Generated_Code/LED2_c.obj
 .debug_loc     0x00000d78       0x9c ./Generated_Code/PE_LDD_c.obj
 .debug_loc     0x00000e14      0x1f8 ./Generated_Code/PwmLdd1_c.obj
 .debug_loc     0x0000100c      0x1f8 ./Generated_Code/PwmLdd2_c.obj
 .debug_loc     0x00001204      0x120 ./Generated_Code/RxBuf_c.obj
 .debug_loc     0x00001324      0x188 ./Generated_Code/TRIG_c.obj
 .debug_loc     0x000014ac      0x118 ./Generated_Code/TU1_c.obj
 .debug_loc     0x000015c4      0x230 ./Generated_Code/TU2_c.obj
 .debug_loc     0x000017f4      0x230 ./Generated_Code/TU3_c.obj
 .debug_loc     0x00001a24      0x9d8 ./Generated_Code/UTIL1_c.obj
 .debug_loc     0x000023fc       0xd4 ./Generated_Code/WAIT1_c.obj
 .debug_loc     0x000024d0       0x3e C:/Freescale/CW MCU v10.3/MCU/ARM_GCC_Support/ewl/lib/armv6-m\libc.a(exit.o)
 .debug_loc     0x0000250e       0x6f C:/Freescale/CW MCU v10.3/MCU/ARM_GCC_Support/ewl/lib/armv6-m\libc.a(memset.o)
 .debug_loc     0x0000257d       0xab C:/Freescale/CW MCU v10.3/MCU/ARM_GCC_Support/ewl/lib/armv6-m\libc.a(strchr.o)
 .debug_loc     0x00002628       0x51 C:/Freescale/CW MCU v10.3/MCU/ARM_GCC_Support/ewl/lib/armv6-m\libc.a(strlen.o)
 .debug_loc     0x00002679     0x1072 C:/Freescale/CW MCU v10.3/MCU/ARM_GCC_Support/ewl/lib/armv6-m\libc.a(printformat_.o)
 .debug_loc     0x000036eb      0xb25 C:/Freescale/CW MCU v10.3/MCU/ARM_GCC_Support/ewl/lib/armv6-m\libc.a(scanformat_.o)
 .debug_loc     0x00004210      0x2f7 C:/Freescale/CW MCU v10.3/MCU/ARM_GCC_Support/ewl/lib/armv6-m\libc.a(ctype_aeabi.o)
 .debug_loc     0x00004507      0x274 C:/Freescale/CW MCU v10.3/MCU/ARM_GCC_Support/ewl/lib/armv6-m\libc.a(__strtoul.o)
 .debug_loc     0x0000477b      0x16b C:/Freescale/CW MCU v10.3/MCU/ARM_GCC_Support/ewl/lib/armv6-m\libc.a(__filll_mem.o)
 .debug_loc     0x000048e6       0x82 C:/Freescale/CW MCU v10.3/MCU/ARM_GCC_Support/ewl/lib/armv6-m\libc.a(memchr.o)
 .debug_loc     0x00004968       0xbe C:/Freescale/CW MCU v10.3/MCU/ARM_GCC_Support/ewl/lib/armv6-m\librt.a(gcc_ctor_dtor.o)
 .debug_loc     0x00004a26       0xbb C:/Freescale/CW MCU v10.3/MCU/ARM_GCC_Support/ewl/lib/armv6-m\librt.a(ROMCopy.o)
 .debug_loc     0x00004ae1      0x19a C:/Freescale/CW MCU v10.3/MCU/ARM_GCC_Support/ewl/lib/armv6-m\librt.a(__arm_eabi_init.o)

.debug_aranges  0x00000000      0xa18
 .debug_aranges
                0x00000000       0x68 ./Sources/Application_c.obj
 .debug_aranges
                0x00000068       0x40 ./Sources/Events_c.obj
 .debug_aranges
                0x000000a8       0x20 ./Sources/ProcessorExpert_c.obj
 .debug_aranges
                0x000000c8       0x50 ./Sources/Ultrasonico_c.obj
 .debug_aranges
                0x00000118       0x20 ./Project_Settings/Startup_Code/__arm_end_c.obj
 .debug_aranges
                0x00000138       0x30 ./Project_Settings/Startup_Code/__arm_start_c.obj
 .debug_aranges
                0x00000168       0x60 ./Generated_Code/AS1_c.obj
 .debug_aranges
                0x000001c8       0x28 ./Generated_Code/BitIoLdd1_c.obj
 .debug_aranges
                0x000001f0       0x48 ./Generated_Code/BitIoLdd2_c.obj
 .debug_aranges
                0x00000238       0x40 ./Generated_Code/BitIoLdd4_c.obj
 .debug_aranges
                0x00000278       0x48 ./Generated_Code/BitIoLdd5_c.obj
 .debug_aranges
                0x000002c0       0x48 ./Generated_Code/BitIoLdd6_c.obj
 .debug_aranges
                0x00000308       0x38 ./Generated_Code/Cpu_c.obj
 .debug_aranges
                0x00000340       0x28 ./Generated_Code/LED2_c.obj
 .debug_aranges
                0x00000368       0x30 ./Generated_Code/PE_LDD_c.obj
 .debug_aranges
                0x00000398       0x60 ./Generated_Code/PwmLdd1_c.obj
 .debug_aranges
                0x000003f8       0x60 ./Generated_Code/PwmLdd2_c.obj
 .debug_aranges
                0x00000458       0x48 ./Generated_Code/RxBuf_c.obj
 .debug_aranges
                0x000004a0       0x50 ./Generated_Code/TRIG_c.obj
 .debug_aranges
                0x000004f0       0x40 ./Generated_Code/TU1_c.obj
 .debug_aranges
                0x00000530       0x68 ./Generated_Code/TU2_c.obj
 .debug_aranges
                0x00000598       0x68 ./Generated_Code/TU3_c.obj
 .debug_aranges
                0x00000600      0x180 ./Generated_Code/UTIL1_c.obj
 .debug_aranges
                0x00000780       0x38 ./Generated_Code/WAIT1_c.obj
 .debug_aranges
                0x000007b8       0x20 C:/Freescale/CW MCU v10.3/MCU/ARM_GCC_Support/ewl/lib/armv6-m\libc.a(exit.o)
 .debug_aranges
                0x000007d8       0x20 C:/Freescale/CW MCU v10.3/MCU/ARM_GCC_Support/ewl/lib/armv6-m\libc.a(memset.o)
 .debug_aranges
                0x000007f8       0x20 C:/Freescale/CW MCU v10.3/MCU/ARM_GCC_Support/ewl/lib/armv6-m\libc.a(strchr.o)
 .debug_aranges
                0x00000818       0x20 C:/Freescale/CW MCU v10.3/MCU/ARM_GCC_Support/ewl/lib/armv6-m\libc.a(strlen.o)
 .debug_aranges
                0x00000838       0x28 C:/Freescale/CW MCU v10.3/MCU/ARM_GCC_Support/ewl/lib/armv6-m\libc.a(printformat_.o)
 .debug_aranges
                0x00000860       0x20 C:/Freescale/CW MCU v10.3/MCU/ARM_GCC_Support/ewl/lib/armv6-m\libc.a(scanformat_.o)
 .debug_aranges
                0x00000880       0x88 C:/Freescale/CW MCU v10.3/MCU/ARM_GCC_Support/ewl/lib/armv6-m\libc.a(ctype_aeabi.o)
 .debug_aranges
                0x00000908       0x20 C:/Freescale/CW MCU v10.3/MCU/ARM_GCC_Support/ewl/lib/armv6-m\libc.a(__strtoul.o)
 .debug_aranges
                0x00000928       0x20 C:/Freescale/CW MCU v10.3/MCU/ARM_GCC_Support/ewl/lib/armv6-m\libc.a(__filll_mem.o)
 .debug_aranges
                0x00000948       0x20 C:/Freescale/CW MCU v10.3/MCU/ARM_GCC_Support/ewl/lib/armv6-m\libc.a(memchr.o)
 .debug_aranges
                0x00000968       0x28 C:/Freescale/CW MCU v10.3/MCU/ARM_GCC_Support/ewl/lib/armv6-m\librt.a(gcc_ctor_dtor.o)
 .debug_aranges
                0x00000990       0x30 C:/Freescale/CW MCU v10.3/MCU/ARM_GCC_Support/ewl/lib/armv6-m\librt.a(ROMCopy.o)
 .debug_aranges
                0x000009c0       0x58 C:/Freescale/CW MCU v10.3/MCU/ARM_GCC_Support/ewl/lib/armv6-m\librt.a(__arm_eabi_init.o)

.debug_line     0x00000000     0x8852
 .debug_line    0x00000000      0x52b ./Sources/Application_c.obj
 .debug_line    0x0000052b      0x492 ./Sources/Events_c.obj
 .debug_line    0x000009bd      0x446 ./Sources/ProcessorExpert_c.obj
 .debug_line    0x00000e03      0x4b8 ./Sources/Ultrasonico_c.obj
 .debug_line    0x000012bb      0x26a ./Project_Settings/Startup_Code/__arm_end_c.obj
 .debug_line    0x00001525      0x28e ./Project_Settings/Startup_Code/__arm_start_c.obj
 .debug_line    0x000017b3      0x6e9 ./Generated_Code/AS1_c.obj
 .debug_line    0x00001e9c      0x3ff ./Generated_Code/BitIoLdd1_c.obj
 .debug_line    0x0000229b      0x44a ./Generated_Code/BitIoLdd2_c.obj
 .debug_line    0x000026e5      0x437 ./Generated_Code/BitIoLdd4_c.obj
 .debug_line    0x00002b1c      0x44b ./Generated_Code/BitIoLdd5_c.obj
 .debug_line    0x00002f67      0x44b ./Generated_Code/BitIoLdd6_c.obj
 .debug_line    0x000033b2      0x647 ./Generated_Code/Cpu_c.obj
 .debug_line    0x000039f9      0x3f5 ./Generated_Code/LED2_c.obj
 .debug_line    0x00003dee      0x418 ./Generated_Code/PE_LDD_c.obj
 .debug_line    0x00004206      0x4a5 ./Generated_Code/PwmLdd1_c.obj
 .debug_line    0x000046ab      0x4a5 ./Generated_Code/PwmLdd2_c.obj
 .debug_line    0x00004b50      0x47f ./Generated_Code/RxBuf_c.obj
 .debug_line    0x00004fcf      0x45c ./Generated_Code/TRIG_c.obj
 .debug_line    0x0000542b      0x4e9 ./Generated_Code/TU1_c.obj
 .debug_line    0x00005914      0x4d8 ./Generated_Code/TU2_c.obj
 .debug_line    0x00005dec      0x4d8 ./Generated_Code/TU3_c.obj
 .debug_line    0x000062c4      0xb7f ./Generated_Code/UTIL1_c.obj
 .debug_line    0x00006e43      0x5d1 ./Generated_Code/Vectors_c.obj
 .debug_line    0x00007414      0x43a ./Generated_Code/WAIT1_c.obj
 .debug_line    0x0000784e       0x8d C:/Freescale/CW MCU v10.3/MCU/ARM_GCC_Support/ewl/lib/armv6-m\libc.a(exit.o)
 .debug_line    0x000078db       0x90 C:/Freescale/CW MCU v10.3/MCU/ARM_GCC_Support/ewl/lib/armv6-m\libc.a(memset.o)
 .debug_line    0x0000796b       0x84 C:/Freescale/CW MCU v10.3/MCU/ARM_GCC_Support/ewl/lib/armv6-m\libc.a(strchr.o)
 .debug_line    0x000079ef       0x9b C:/Freescale/CW MCU v10.3/MCU/ARM_GCC_Support/ewl/lib/armv6-m\libc.a(strlen.o)
 .debug_line    0x00007a8a      0x2d2 C:/Freescale/CW MCU v10.3/MCU/ARM_GCC_Support/ewl/lib/armv6-m\libc.a(printformat_.o)
 .debug_line    0x00007d5c      0x32b C:/Freescale/CW MCU v10.3/MCU/ARM_GCC_Support/ewl/lib/armv6-m\libc.a(scanformat_.o)
 .debug_line    0x00008087      0x21d C:/Freescale/CW MCU v10.3/MCU/ARM_GCC_Support/ewl/lib/armv6-m\libc.a(ctype_aeabi.o)
 .debug_line    0x000082a4      0x147 C:/Freescale/CW MCU v10.3/MCU/ARM_GCC_Support/ewl/lib/armv6-m\libc.a(__strtoul.o)
 .debug_line    0x000083eb      0x140 C:/Freescale/CW MCU v10.3/MCU/ARM_GCC_Support/ewl/lib/armv6-m\libc.a(__filll_mem.o)
 .debug_line    0x0000852b       0xa3 C:/Freescale/CW MCU v10.3/MCU/ARM_GCC_Support/ewl/lib/armv6-m\libc.a(memchr.o)
 .debug_line    0x000085ce       0x9d C:/Freescale/CW MCU v10.3/MCU/ARM_GCC_Support/ewl/lib/armv6-m\librt.a(gcc_ctor_dtor.o)
 .debug_line    0x0000866b       0xce C:/Freescale/CW MCU v10.3/MCU/ARM_GCC_Support/ewl/lib/armv6-m\librt.a(ROMCopy.o)
 .debug_line    0x00008739      0x119 C:/Freescale/CW MCU v10.3/MCU/ARM_GCC_Support/ewl/lib/armv6-m\librt.a(__arm_eabi_init.o)

.debug_macinfo  0x00000000   0x48d3d3
 .debug_macinfo
                0x00000000    0x32496 ./Sources/Application_c.obj
 .debug_macinfo
                0x00032496    0x32514 ./Sources/Events_c.obj
 .debug_macinfo
                0x000649aa    0x32502 ./Sources/ProcessorExpert_c.obj
 .debug_macinfo
                0x00096eac    0x32480 ./Sources/Ultrasonico_c.obj
 .debug_macinfo
                0x000c932c     0x3263 ./Project_Settings/Startup_Code/__arm_end_c.obj
 .debug_macinfo
                0x000cc58f     0x3c7a ./Project_Settings/Startup_Code/__arm_start_c.obj
 .debug_macinfo
                0x000d0209    0x33f8a ./Generated_Code/AS1_c.obj
 .debug_macinfo
                0x00104193    0x3245a ./Generated_Code/BitIoLdd1_c.obj
 .debug_macinfo
                0x001365ed    0x3245a ./Generated_Code/BitIoLdd2_c.obj
 .debug_macinfo
                0x00168a47    0x3245a ./Generated_Code/BitIoLdd4_c.obj
 .debug_macinfo
                0x0019aea1    0x3245a ./Generated_Code/BitIoLdd5_c.obj
 .debug_macinfo
                0x001cd2fb    0x3245a ./Generated_Code/BitIoLdd6_c.obj
 .debug_macinfo
                0x001ff755    0x324ec ./Generated_Code/Cpu_c.obj
 .debug_macinfo
                0x00231c41    0x32464 ./Generated_Code/LED2_c.obj
 .debug_macinfo
                0x002640a5    0x32452 ./Generated_Code/PE_LDD_c.obj
 .debug_macinfo
                0x002964f7    0x3246a ./Generated_Code/PwmLdd1_c.obj
 .debug_macinfo
                0x002c8961    0x3246a ./Generated_Code/PwmLdd2_c.obj
 .debug_macinfo
                0x002fadcb    0x3245a ./Generated_Code/RxBuf_c.obj
 .debug_macinfo
                0x0032d225    0x3245a ./Generated_Code/TRIG_c.obj
 .debug_macinfo
                0x0035f67f    0x325a0 ./Generated_Code/TU1_c.obj
 .debug_macinfo
                0x00391c1f    0x324a6 ./Generated_Code/TU2_c.obj
 .debug_macinfo
                0x003c40c5    0x324a6 ./Generated_Code/TU3_c.obj
 .debug_macinfo
                0x003f656b    0x32526 ./Generated_Code/UTIL1_c.obj
 .debug_macinfo
                0x00428a91    0x324e8 ./Generated_Code/Vectors_c.obj
 .debug_macinfo
                0x0045af79    0x3245a ./Generated_Code/WAIT1_c.obj

.debug_str      0x00000000     0x21ec
 .debug_str     0x00000000      0x1be ./Sources/Application_c.obj
                                0x209 (size before relaxing)
 .debug_str     0x000001be       0x83 ./Sources/Events_c.obj
                                0x1e3 (size before relaxing)
 .debug_str     0x00000241       0x22 ./Sources/ProcessorExpert_c.obj
                                0x138 (size before relaxing)
 .debug_str     0x00000263      0x157 ./Sources/Ultrasonico_c.obj
                                0x2b3 (size before relaxing)
 .debug_str     0x000003ba       0x65 ./Project_Settings/Startup_Code/__arm_end_c.obj
                                 0xc4 (size before relaxing)
 .debug_str     0x0000041f       0x85 ./Project_Settings/Startup_Code/__arm_start_c.obj
                                0x184 (size before relaxing)
 .debug_str     0x000004a4      0x2f1 ./Generated_Code/AS1_c.obj
                                0x483 (size before relaxing)
 .debug_str     0x00000795       0xa8 ./Generated_Code/BitIoLdd1_c.obj
                                0x29f (size before relaxing)
 .debug_str     0x0000083d       0xbf ./Generated_Code/BitIoLdd2_c.obj
                                0x2f1 (size before relaxing)
 .debug_str     0x000008fc       0xa0 ./Generated_Code/BitIoLdd4_c.obj
                                0x2e0 (size before relaxing)
 .debug_str     0x0000099c       0xb1 ./Generated_Code/BitIoLdd5_c.obj
                                0x2f1 (size before relaxing)
 .debug_str     0x00000a4d       0xb1 ./Generated_Code/BitIoLdd6_c.obj
                                0x2f1 (size before relaxing)
 .debug_str     0x00000afe      0x1a3 ./Generated_Code/Cpu_c.obj
                                0x440 (size before relaxing)
 .debug_str     0x00000ca1       0x48 ./Generated_Code/LED2_c.obj
                                0x192 (size before relaxing)
 .debug_str     0x00000ce9      0x172 ./Generated_Code/PE_LDD_c.obj
                                0x2d7 (size before relaxing)
 .debug_str     0x00000e5b      0x10a ./Generated_Code/PwmLdd1_c.obj
                                0x2d3 (size before relaxing)
 .debug_str     0x00000f65       0xb4 ./Generated_Code/PwmLdd2_c.obj
                                0x2d3 (size before relaxing)
 .debug_str     0x00001019       0xb0 ./Generated_Code/RxBuf_c.obj
                                0x1dd (size before relaxing)
 .debug_str     0x000010c9       0x90 ./Generated_Code/TRIG_c.obj
                                0x2d0 (size before relaxing)
 .debug_str     0x00001159      0x11b ./Generated_Code/TU1_c.obj
                                0x42a (size before relaxing)
 .debug_str     0x00001274      0x157 ./Generated_Code/TU2_c.obj
                                0x480 (size before relaxing)
 .debug_str     0x000013cb       0xd7 ./Generated_Code/TU3_c.obj
                                0x480 (size before relaxing)
 .debug_str     0x000014a2      0x466 ./Generated_Code/UTIL1_c.obj
                                0x5be (size before relaxing)
 .debug_str     0x00001908       0x2f ./Generated_Code/Vectors_c.obj
                                0x174 (size before relaxing)
 .debug_str     0x00001937       0x66 ./Generated_Code/WAIT1_c.obj
                                0x186 (size before relaxing)
 .debug_str     0x0000199d       0x54 C:/Freescale/CW MCU v10.3/MCU/ARM_GCC_Support/ewl/lib/armv6-m\libc.a(exit.o)
                                0x14e (size before relaxing)
 .debug_str     0x000019f1       0x1c C:/Freescale/CW MCU v10.3/MCU/ARM_GCC_Support/ewl/lib/armv6-m\libc.a(memset.o)
                                0x140 (size before relaxing)
 .debug_str     0x00001a0d       0x1c C:/Freescale/CW MCU v10.3/MCU/ARM_GCC_Support/ewl/lib/armv6-m\libc.a(strchr.o)
                                0x137 (size before relaxing)
 .debug_str     0x00001a29       0x24 C:/Freescale/CW MCU v10.3/MCU/ARM_GCC_Support/ewl/lib/armv6-m\libc.a(strlen.o)
                                0x140 (size before relaxing)
 .debug_str     0x00001a4d      0x233 C:/Freescale/CW MCU v10.3/MCU/ARM_GCC_Support/ewl/lib/armv6-m\libc.a(printformat_.o)
                                0x3aa (size before relaxing)
 .debug_str     0x00001c80      0x184 C:/Freescale/CW MCU v10.3/MCU/ARM_GCC_Support/ewl/lib/armv6-m\libc.a(scanformat_.o)
                                0x3f0 (size before relaxing)
 .debug_str     0x00001e04       0x9d C:/Freescale/CW MCU v10.3/MCU/ARM_GCC_Support/ewl/lib/armv6-m\libc.a(ctype_aeabi.o)
                                0x1b3 (size before relaxing)
 .debug_str     0x00001ea1       0x61 C:/Freescale/CW MCU v10.3/MCU/ARM_GCC_Support/ewl/lib/armv6-m\libc.a(__strtoul.o)
                                0x1f2 (size before relaxing)
 .debug_str     0x00001f02       0x25 C:/Freescale/CW MCU v10.3/MCU/ARM_GCC_Support/ewl/lib/armv6-m\libc.a(__filll_mem.o)
                                0x152 (size before relaxing)
 .debug_str     0x00001f27       0x1c C:/Freescale/CW MCU v10.3/MCU/ARM_GCC_Support/ewl/lib/armv6-m\libc.a(memchr.o)
                                0x148 (size before relaxing)
 .debug_str     0x00001f43      0x126 C:/Freescale/CW MCU v10.3/MCU/ARM_GCC_Support/ewl/lib/armv6-m\librt.a(gcc_ctor_dtor.o)
                                0x185 (size before relaxing)
 .debug_str     0x00002069       0x95 C:/Freescale/CW MCU v10.3/MCU/ARM_GCC_Support/ewl/lib/armv6-m\librt.a(ROMCopy.o)
                                0x140 (size before relaxing)
 .debug_str     0x000020fe       0xee C:/Freescale/CW MCU v10.3/MCU/ARM_GCC_Support/ewl/lib/armv6-m\librt.a(__arm_eabi_init.o)
                                0x1ac (size before relaxing)

.comment        0x00000000       0x79
 .comment       0x00000000       0x79 ./Sources/Application_c.obj
                                 0x7a (size before relaxing)
 .comment       0x00000000       0x7a ./Sources/Events_c.obj
 .comment       0x00000000       0x7a ./Sources/ProcessorExpert_c.obj
 .comment       0x00000000       0x7a ./Sources/Ultrasonico_c.obj
 .comment       0x00000000       0x7a ./Project_Settings/Startup_Code/__arm_end_c.obj
 .comment       0x00000000       0x7a ./Project_Settings/Startup_Code/__arm_start_c.obj
 .comment       0x00000000       0x7a ./Generated_Code/AS1_c.obj
 .comment       0x00000000       0x7a ./Generated_Code/BitIoLdd1_c.obj
 .comment       0x00000000       0x7a ./Generated_Code/BitIoLdd2_c.obj
 .comment       0x00000000       0x7a ./Generated_Code/BitIoLdd4_c.obj
 .comment       0x00000000       0x7a ./Generated_Code/BitIoLdd5_c.obj
 .comment       0x00000000       0x7a ./Generated_Code/BitIoLdd6_c.obj
 .comment       0x00000000       0x7a ./Generated_Code/Cpu_c.obj
 .comment       0x00000000       0x7a ./Generated_Code/LED2_c.obj
 .comment       0x00000000       0x7a ./Generated_Code/PE_LDD_c.obj
 .comment       0x00000000       0x7a ./Generated_Code/PwmLdd1_c.obj
 .comment       0x00000000       0x7a ./Generated_Code/PwmLdd2_c.obj
 .comment       0x00000000       0x7a ./Generated_Code/RxBuf_c.obj
 .comment       0x00000000       0x7a ./Generated_Code/TRIG_c.obj
 .comment       0x00000000       0x7a ./Generated_Code/TU1_c.obj
 .comment       0x00000000       0x7a ./Generated_Code/TU2_c.obj
 .comment       0x00000000       0x7a ./Generated_Code/TU3_c.obj
 .comment       0x00000000       0x7a ./Generated_Code/UTIL1_c.obj
 .comment       0x00000000       0x7a ./Generated_Code/Vectors_c.obj
 .comment       0x00000000       0x7a ./Generated_Code/WAIT1_c.obj
 .comment       0x00000000       0x7a C:/Freescale/CW MCU v10.3/MCU/ARM_GCC_Support/ewl/lib/armv6-m\libc.a(exit.o)
 .comment       0x00000000       0x7a C:/Freescale/CW MCU v10.3/MCU/ARM_GCC_Support/ewl/lib/armv6-m\libc.a(memset.o)
 .comment       0x00000000       0x7a C:/Freescale/CW MCU v10.3/MCU/ARM_GCC_Support/ewl/lib/armv6-m\libc.a(strchr.o)
 .comment       0x00000000       0x7a C:/Freescale/CW MCU v10.3/MCU/ARM_GCC_Support/ewl/lib/armv6-m\libc.a(strlen.o)
 .comment       0x00000000       0x7a C:/Freescale/CW MCU v10.3/MCU/ARM_GCC_Support/ewl/lib/armv6-m\libc.a(printformat_.o)
 .comment       0x00000000       0x7a C:/Freescale/CW MCU v10.3/MCU/ARM_GCC_Support/ewl/lib/armv6-m\libc.a(scanformat_.o)
 .comment       0x00000000       0x7a C:/Freescale/CW MCU v10.3/MCU/ARM_GCC_Support/ewl/lib/armv6-m\libc.a(ctype_aeabi.o)
 .comment       0x00000000       0x7a C:/Freescale/CW MCU v10.3/MCU/ARM_GCC_Support/ewl/lib/armv6-m\libc.a(__strtoul.o)
 .comment       0x00000000       0x7a C:/Freescale/CW MCU v10.3/MCU/ARM_GCC_Support/ewl/lib/armv6-m\libc.a(__filll_mem.o)
 .comment       0x00000000       0x7a C:/Freescale/CW MCU v10.3/MCU/ARM_GCC_Support/ewl/lib/armv6-m\libc.a(memchr.o)
 .comment       0x00000000       0x7a C:/Freescale/CW MCU v10.3/MCU/ARM_GCC_Support/ewl/lib/armv6-m\librt.a(gcc_ctor_dtor.o)
 .comment       0x00000000       0x7a C:/Freescale/CW MCU v10.3/MCU/ARM_GCC_Support/ewl/lib/armv6-m\librt.a(ROMCopy.o)
 .comment       0x00000000       0x7a C:/Freescale/CW MCU v10.3/MCU/ARM_GCC_Support/ewl/lib/armv6-m\librt.a(__arm_eabi_init.o)

.debug_frame    0x00000000     0x1bbc
 .debug_frame   0x00000000      0x138 ./Sources/Application_c.obj
 .debug_frame   0x00000138       0xac ./Sources/Events_c.obj
 .debug_frame   0x000001e4       0x2c ./Sources/ProcessorExpert_c.obj
 .debug_frame   0x00000210       0xf4 ./Sources/Ultrasonico_c.obj
 .debug_frame   0x00000304       0x30 ./Project_Settings/Startup_Code/__arm_end_c.obj
 .debug_frame   0x00000334       0x4c ./Project_Settings/Startup_Code/__arm_start_c.obj
 .debug_frame   0x00000380      0x138 ./Generated_Code/AS1_c.obj
 .debug_frame   0x000004b8       0x50 ./Generated_Code/BitIoLdd1_c.obj
 .debug_frame   0x00000508       0xd0 ./Generated_Code/BitIoLdd2_c.obj
 .debug_frame   0x000005d8       0xb0 ./Generated_Code/BitIoLdd4_c.obj
 .debug_frame   0x00000688       0xd0 ./Generated_Code/BitIoLdd5_c.obj
 .debug_frame   0x00000758       0xd0 ./Generated_Code/BitIoLdd6_c.obj
 .debug_frame   0x00000828       0x80 ./Generated_Code/Cpu_c.obj
 .debug_frame   0x000008a8       0x4c ./Generated_Code/LED2_c.obj
 .debug_frame   0x000008f4       0x70 ./Generated_Code/PE_LDD_c.obj
 .debug_frame   0x00000964      0x138 ./Generated_Code/PwmLdd1_c.obj
 .debug_frame   0x00000a9c      0x138 ./Generated_Code/PwmLdd2_c.obj
 .debug_frame   0x00000bd4       0xc0 ./Generated_Code/RxBuf_c.obj
 .debug_frame   0x00000c94       0xf0 ./Generated_Code/TRIG_c.obj
 .debug_frame   0x00000d84       0xb0 ./Generated_Code/TU1_c.obj
 .debug_frame   0x00000e34      0x154 ./Generated_Code/TU2_c.obj
 .debug_frame   0x00000f88      0x154 ./Generated_Code/TU3_c.obj
 .debug_frame   0x000010dc      0x5d4 ./Generated_Code/UTIL1_c.obj
 .debug_frame   0x000016b0       0x8c ./Generated_Code/WAIT1_c.obj
 .debug_frame   0x0000173c       0x2c C:/Freescale/CW MCU v10.3/MCU/ARM_GCC_Support/ewl/lib/armv6-m\libc.a(exit.o)
 .debug_frame   0x00001768       0x28 C:/Freescale/CW MCU v10.3/MCU/ARM_GCC_Support/ewl/lib/armv6-m\libc.a(memset.o)
 .debug_frame   0x00001790       0x28 C:/Freescale/CW MCU v10.3/MCU/ARM_GCC_Support/ewl/lib/armv6-m\libc.a(strchr.o)
 .debug_frame   0x000017b8       0x28 C:/Freescale/CW MCU v10.3/MCU/ARM_GCC_Support/ewl/lib/armv6-m\libc.a(strlen.o)
 .debug_frame   0x000017e0       0x54 C:/Freescale/CW MCU v10.3/MCU/ARM_GCC_Support/ewl/lib/armv6-m\libc.a(printformat_.o)
 .debug_frame   0x00001834       0x34 C:/Freescale/CW MCU v10.3/MCU/ARM_GCC_Support/ewl/lib/armv6-m\libc.a(scanformat_.o)
 .debug_frame   0x00001868      0x158 C:/Freescale/CW MCU v10.3/MCU/ARM_GCC_Support/ewl/lib/armv6-m\libc.a(ctype_aeabi.o)
 .debug_frame   0x000019c0       0x30 C:/Freescale/CW MCU v10.3/MCU/ARM_GCC_Support/ewl/lib/armv6-m\libc.a(__strtoul.o)
 .debug_frame   0x000019f0       0x2c C:/Freescale/CW MCU v10.3/MCU/ARM_GCC_Support/ewl/lib/armv6-m\libc.a(__filll_mem.o)
 .debug_frame   0x00001a1c       0x28 C:/Freescale/CW MCU v10.3/MCU/ARM_GCC_Support/ewl/lib/armv6-m\libc.a(memchr.o)
 .debug_frame   0x00001a44       0x20 c:/freescale/cw mcu v10.3/cross_tools/arm-none-eabi-gcc-4_6_2/bin/../lib/gcc/arm-none-eabi/4.6.2/armv6-m\libgcc.a(_udivsi3.o)
 .debug_frame   0x00001a64       0x48 C:/Freescale/CW MCU v10.3/MCU/ARM_GCC_Support/ewl/lib/armv6-m\librt.a(gcc_ctor_dtor.o)
 .debug_frame   0x00001aac       0x54 C:/Freescale/CW MCU v10.3/MCU/ARM_GCC_Support/ewl/lib/armv6-m\librt.a(ROMCopy.o)
 .debug_frame   0x00001b00       0xbc C:/Freescale/CW MCU v10.3/MCU/ARM_GCC_Support/ewl/lib/armv6-m\librt.a(__arm_eabi_init.o)
