Archive member included because of file (symbol)

C:/Freescale/CW MCU v10.3/MCU/ARM_GCC_Support/ewl/lib/armv6-m\libc.a(exit.o)
                              ./Project_Settings/Startup_Code/__arm_start_c.obj (exit)
C:/Freescale/CW MCU v10.3/MCU/ARM_GCC_Support/ewl/lib/armv6-m\libc.a(memset.o)
                              ./Project_Settings/Startup_Code/__arm_start_c.obj (memset)
C:/Freescale/CW MCU v10.3/MCU/ARM_GCC_Support/ewl/lib/armv6-m\libc.a(strchr.o)
                              ./Generated_Code/UTIL1_c.obj (strchr)
C:/Freescale/CW MCU v10.3/MCU/ARM_GCC_Support/ewl/lib/armv6-m\libc.a(strlen.o)
                              ./Generated_Code/UTIL1_c.obj (strlen)
C:/Freescale/CW MCU v10.3/MCU/ARM_GCC_Support/ewl/lib/armv6-m\libc.a(strncmp.o)
                              ./MQXLITE/kernel/task_c.obj (strncmp)
C:/Freescale/CW MCU v10.3/MCU/ARM_GCC_Support/ewl/lib/armv6-m\libc.a(printformat_.o)
                              (__pformatter_)
C:/Freescale/CW MCU v10.3/MCU/ARM_GCC_Support/ewl/lib/armv6-m\libc.a(scanformat_.o)
                              (__sformatter)
C:/Freescale/CW MCU v10.3/MCU/ARM_GCC_Support/ewl/lib/armv6-m\libc.a(ctype_aeabi.o)
                              C:/Freescale/CW MCU v10.3/MCU/ARM_GCC_Support/ewl/lib/armv6-m\libc.a(scanformat_.o) (isspace)
C:/Freescale/CW MCU v10.3/MCU/ARM_GCC_Support/ewl/lib/armv6-m\libc.a(__strtoul.o)
                              C:/Freescale/CW MCU v10.3/MCU/ARM_GCC_Support/ewl/lib/armv6-m\libc.a(scanformat_.o) (__strtoul)
C:/Freescale/CW MCU v10.3/MCU/ARM_GCC_Support/ewl/lib/armv6-m\libc.a(__filll_mem.o)
                              C:/Freescale/CW MCU v10.3/MCU/ARM_GCC_Support/ewl/lib/armv6-m\libc.a(memset.o) (__fill_mem)
C:/Freescale/CW MCU v10.3/MCU/ARM_GCC_Support/ewl/lib/armv6-m\libc.a(memchr.o)
                              C:/Freescale/CW MCU v10.3/MCU/ARM_GCC_Support/ewl/lib/armv6-m\libc.a(printformat_.o) (memchr)
c:/freescale/cw mcu v10.3/cross_tools/arm-none-eabi-gcc-4_6_2/bin/../lib/gcc/arm-none-eabi/4.6.2/armv6-m\libgcc.a(_thumb1_case_uqi.o)
                              C:/Freescale/CW MCU v10.3/MCU/ARM_GCC_Support/ewl/lib/armv6-m\libc.a(scanformat_.o) (__gnu_thumb1_case_uqi)
c:/freescale/cw mcu v10.3/cross_tools/arm-none-eabi-gcc-4_6_2/bin/../lib/gcc/arm-none-eabi/4.6.2/armv6-m\libgcc.a(_udivsi3.o)
                              ./Sources/Ultrasonico_c.obj (__aeabi_uidiv)
c:/freescale/cw mcu v10.3/cross_tools/arm-none-eabi-gcc-4_6_2/bin/../lib/gcc/arm-none-eabi/4.6.2/armv6-m\libgcc.a(_divsi3.o)
                              ./Generated_Code/UTIL1_c.obj (__aeabi_idiv)
c:/freescale/cw mcu v10.3/cross_tools/arm-none-eabi-gcc-4_6_2/bin/../lib/gcc/arm-none-eabi/4.6.2/armv6-m\libgcc.a(_dvmd_tls.o)
                              c:/freescale/cw mcu v10.3/cross_tools/arm-none-eabi-gcc-4_6_2/bin/../lib/gcc/arm-none-eabi/4.6.2/armv6-m\libgcc.a(_udivsi3.o) (__aeabi_idiv0)
c:/freescale/cw mcu v10.3/cross_tools/arm-none-eabi-gcc-4_6_2/bin/../lib/gcc/arm-none-eabi/4.6.2/armv6-m\libgcc.a(_arm_cmpdf2.o)
                              ./Sources/Application_c.obj (__aeabi_dcmpgt)
c:/freescale/cw mcu v10.3/cross_tools/arm-none-eabi-gcc-4_6_2/bin/../lib/gcc/arm-none-eabi/4.6.2/armv6-m\libgcc.a(_arm_cmpsf2.o)
                              ./Generated_Code/PwmLdd1_c.obj (__aeabi_fcmpgt)
c:/freescale/cw mcu v10.3/cross_tools/arm-none-eabi-gcc-4_6_2/bin/../lib/gcc/arm-none-eabi/4.6.2/armv6-m\libgcc.a(_fixunssfsi.o)
                              ./Generated_Code/PwmLdd1_c.obj (__aeabi_f2uiz)
c:/freescale/cw mcu v10.3/cross_tools/arm-none-eabi-gcc-4_6_2/bin/../lib/gcc/arm-none-eabi/4.6.2/armv6-m\libgcc.a(eqsf2.o)
                              c:/freescale/cw mcu v10.3/cross_tools/arm-none-eabi-gcc-4_6_2/bin/../lib/gcc/arm-none-eabi/4.6.2/armv6-m\libgcc.a(_arm_cmpsf2.o) (__eqsf2)
c:/freescale/cw mcu v10.3/cross_tools/arm-none-eabi-gcc-4_6_2/bin/../lib/gcc/arm-none-eabi/4.6.2/armv6-m\libgcc.a(gesf2.o)
                              c:/freescale/cw mcu v10.3/cross_tools/arm-none-eabi-gcc-4_6_2/bin/../lib/gcc/arm-none-eabi/4.6.2/armv6-m\libgcc.a(_arm_cmpsf2.o) (__gesf2)
c:/freescale/cw mcu v10.3/cross_tools/arm-none-eabi-gcc-4_6_2/bin/../lib/gcc/arm-none-eabi/4.6.2/armv6-m\libgcc.a(lesf2.o)
                              c:/freescale/cw mcu v10.3/cross_tools/arm-none-eabi-gcc-4_6_2/bin/../lib/gcc/arm-none-eabi/4.6.2/armv6-m\libgcc.a(_arm_cmpsf2.o) (__lesf2)
c:/freescale/cw mcu v10.3/cross_tools/arm-none-eabi-gcc-4_6_2/bin/../lib/gcc/arm-none-eabi/4.6.2/armv6-m\libgcc.a(mulsf3.o)
                              ./Generated_Code/PwmLdd1_c.obj (__aeabi_fmul)
c:/freescale/cw mcu v10.3/cross_tools/arm-none-eabi-gcc-4_6_2/bin/../lib/gcc/arm-none-eabi/4.6.2/armv6-m\libgcc.a(subsf3.o)
                              c:/freescale/cw mcu v10.3/cross_tools/arm-none-eabi-gcc-4_6_2/bin/../lib/gcc/arm-none-eabi/4.6.2/armv6-m\libgcc.a(_fixunssfsi.o) (__aeabi_fsub)
[...]
Memory Configuration

Name             Origin             Length             Attributes
m_interrupts     0x00000000         0x000000c0         xr
m_text           0x00000410         0x0001fbf0         xr
m_data           0x1ffff000         0x00004000         rw
m_cfmprotrom     0x00000400         0x00000010         xr
*default*        0x00000000         0xffffffff

Linker script and memory map

LOAD ./Sources/Application_c.obj
LOAD ./Sources/Events_c.obj
LOAD ./Sources/ProcessorExpert_c.obj
LOAD ./Sources/Ultrasonico_c.obj
LOAD ./Sources/mqx_tasks_c.obj
LOAD ./Sources/sa_mtb_c.obj
LOAD ./Project_Settings/Startup_Code/__arm_end_c.obj
LOAD ./Project_Settings/Startup_Code/__arm_start_c.obj
LOAD ./MQXLITE/psp/cortex_m/cortex_c.obj
LOAD ./MQXLITE/psp/cortex_m/int_gkis_c.obj
LOAD ./MQXLITE/psp/cortex_m/int_inst_c.obj
LOAD ./MQXLITE/psp/cortex_m/int_kisr_c.obj
LOAD ./MQXLITE/psp/cortex_m/int_pvta_c.obj
LOAD ./MQXLITE/psp/cortex_m/int_unx_c.obj
LOAD ./MQXLITE/psp/cortex_m/int_vtab_c.obj
LOAD ./MQXLITE/psp/cortex_m/int_xcpt_c.obj
LOAD ./MQXLITE/psp/cortex_m/mem_zero_c.obj
LOAD ./MQXLITE/psp/cortex_m/psp_iinit_c.obj
LOAD ./MQXLITE/psp/cortex_m/psp_supp_c.obj
LOAD ./MQXLITE/psp/cortex_m/psp_tiad_c.obj
LOAD ./MQXLITE/psp/cortex_m/psp_tinm_c.obj
LOAD ./MQXLITE/psp/cortex_m/psp_tisu_c.obj
LOAD ./MQXLITE/psp/cortex_m/sc_irdyq_c.obj
LOAD ./MQXLITE/psp/cortex_m/stack_bu_c.obj
LOAD ./MQXLITE/psp/cortex_m/stack_de_c.obj
LOAD ./MQXLITE/psp/cortex_m/stack_st_c.obj
LOAD ./MQXLITE/psp/cortex_m/core/M0/boot_S.obj
LOAD ./MQXLITE/psp/cortex_m/core/M0/dispatch_S.obj
LOAD ./MQXLITE/kernel/idletask_c.obj
LOAD ./MQXLITE/kernel/int_c.obj
LOAD ./MQXLITE/kernel/klog_c.obj
LOAD ./MQXLITE/kernel/lwevent_c.obj
LOAD ./MQXLITE/kernel/lwlog_c.obj
LOAD ./MQXLITE/kernel/lwmsgq_c.obj
LOAD ./MQXLITE/kernel/lwsem_c.obj
LOAD ./MQXLITE/kernel/lwtimer_c.obj
LOAD ./MQXLITE/kernel/mqx_utils_c.obj
LOAD ./MQXLITE/kernel/mqxlite_c.obj
LOAD ./MQXLITE/kernel/mutex_c.obj
LOAD ./MQXLITE/kernel/qu_test_c.obj
LOAD ./MQXLITE/kernel/sched_c.obj
LOAD ./MQXLITE/kernel/task_c.obj
LOAD ./MQXLITE/kernel/time_ticks_c.obj
LOAD ./Generated_Code/AS1_c.obj
LOAD ./Generated_Code/Bit1_c.obj
LOAD ./Generated_Code/BitIoLdd1_c.obj
LOAD ./Generated_Code/BitIoLdd10_c.obj
LOAD ./Generated_Code/BitIoLdd2_c.obj
LOAD ./Generated_Code/BitIoLdd4_c.obj
LOAD ./Generated_Code/BitIoLdd5_c.obj
LOAD ./Generated_Code/BitIoLdd6_c.obj
LOAD ./Generated_Code/BitIoLdd7_c.obj
LOAD ./Generated_Code/BitIoLdd8_c.obj
LOAD ./Generated_Code/BitIoLdd9_c.obj
LOAD ./Generated_Code/Cpu_c.obj
LOAD ./Generated_Code/Inhr1_c.obj
LOAD ./Generated_Code/Inhr2_c.obj
LOAD ./Generated_Code/LED1_c.obj
LOAD ./Generated_Code/LED2_c.obj
LOAD ./Generated_Code/LED3_c.obj
LOAD ./Generated_Code/LEDpin1_c.obj
LOAD ./Generated_Code/LEDpin3_c.obj
LOAD ./Generated_Code/LEDpin4_c.obj
LOAD ./Generated_Code/LEDpin5_c.obj
LOAD ./Generated_Code/MF01_c.obj
LOAD ./Generated_Code/MF02_c.obj
LOAD ./Generated_Code/MQX1_c.obj
LOAD ./Generated_Code/P1_c.obj
LOAD ./Generated_Code/P2_c.obj
LOAD ./Generated_Code/P3_c.obj
LOAD ./Generated_Code/P4_c.obj
LOAD ./Generated_Code/PE_LDD_c.obj
LOAD ./Generated_Code/PwmLdd1_c.obj
LOAD ./Generated_Code/PwmLdd2_c.obj
LOAD ./Generated_Code/RxBuf_c.obj
LOAD ./Generated_Code/SS1_c.obj
LOAD ./Generated_Code/SystemTimer1_c.obj
LOAD ./Generated_Code/TRIG_c.obj
LOAD ./Generated_Code/TRIG2_c.obj
LOAD ./Generated_Code/TU1_c.obj
LOAD ./Generated_Code/TU2_c.obj
LOAD ./Generated_Code/TU3_c.obj
LOAD ./Generated_Code/UTIL1_c.obj
LOAD ./Generated_Code/Vectors_c.obj
LOAD ./Generated_Code/WAIT1_c.obj
LOAD ./Generated_Code/task_template_list_c.obj
                0x00005530                __pformatter = __pformatter_
                [0x00005968]                __sformatter = __sformatter
START GROUP
LOAD C:/Freescale/CW MCU v10.3/MCU/ARM_GCC_Support/ewl/lib/armv6-m\libc.a
LOAD C:/Freescale/CW MCU v10.3/MCU/ARM_GCC_Support/ewl/lib/armv6-m\libm.a
LOAD c:/freescale/cw mcu v10.3/cross_tools/arm-none-eabi-gcc-4_6_2/bin/../lib/gcc/arm-none-eabi/4.6.2/armv6-m\libgcc.a
LOAD C:/Freescale/CW MCU v10.3/MCU/ARM_GCC_Support/ewl/lib/armv6-m\librt.a
LOAD C:/Freescale/CW MCU v10.3/MCU/ARM_GCC_Support/ewl/lib/armv6-m\libuart.a
END GROUP
                0x20003000                _estack = 0x20003000
                0x20003000                __SP_INIT = _estack
                0x00000000                __heap_size = 0x0
                0x00000400                __stack_size = 0x400

.interrupts     0x00000000       0xc0
                0x00000000                __vector_table = .
                0x00000000                . = ALIGN (0x4)
 *(.vectortable)
 .vectortable   0x00000000       0xc0 ./Generated_Code/Vectors_c.obj
                0x00000000                __vect_table
                0x000000c0                . = ALIGN (0x4)

.cfmprotect     0x00000400       0x10
                0x00000400                . = ALIGN (0x4)
 *(.cfmconfig)
 .cfmconfig     0x00000400       0x10 ./Generated_Code/Cpu_c.obj
                0x00000400                _cfm
                0x00000410                . = ALIGN (0x4)

.text           0x00000410     0x6670
                0x00000410                . = ALIGN (0x4)
 *(.text)
 .text          0x00000410       0x34 ./MQXLITE/psp/cortex_m/core/M0/boot_S.obj
                0x00000410                __boot
 .text          0x00000444       0x14 c:/freescale/cw mcu v10.3/cross_tools/arm-none-eabi-gcc-4_6_2/bin/../lib/gcc/arm-none-eabi/4.6.2/armv6-m\libgcc.a(_thumb1_case_uqi.o)
                0x00000444                __gnu_thumb1_case_uqi
 .text          0x00000458       0x9c c:/freescale/cw mcu v10.3/cross_tools/arm-none-eabi-gcc-4_6_2/bin/../lib/gcc/arm-none-eabi/4.6.2/armv6-m\libgcc.a(_udivsi3.o)
                0x00000458                __aeabi_uidiv
                0x00000458                __udivsi3
                0x000004e0                __aeabi_uidivmod
 .text          0x000004f4        0x4 c:/freescale/cw mcu v10.3/cross_tools/arm-none-eabi-gcc-4_6_2/bin/../lib/gcc/arm-none-eabi/4.6.2/armv6-m\libgcc.a(_dvmd_tls.o)
                0x000004f4                __aeabi_idiv0
                0x000004f4                __aeabi_ldiv0
 .text          0x000004f8       0x7c c:/freescale/cw mcu v10.3/cross_tools/arm-none-eabi-gcc-4_6_2/bin/../lib/gcc/arm-none-eabi/4.6.2/armv6-m\libgcc.a(_arm_cmpdf2.o)
                0x000004f8                __aeabi_cdrcmple
                0x00000508                __aeabi_cdcmple
                0x00000508                __aeabi_cdcmpeq
                0x00000518                __aeabi_dcmpeq
                0x00000524                __aeabi_dcmplt
                0x00000538                __aeabi_dcmple
                0x0000054c                __aeabi_dcmpgt
                0x00000560                __aeabi_dcmpge
 .text          0x00000574      0x6d4 c:/freescale/cw mcu v10.3/cross_tools/arm-none-eabi-gcc-4_6_2/bin/../lib/gcc/arm-none-eabi/4.6.2/armv6-m\libgcc.a(adddf3.o)
                0x00000574                __aeabi_dadd
 .text          0x00000c48       0x80 c:/freescale/cw mcu v10.3/cross_tools/arm-none-eabi-gcc-4_6_2/bin/../lib/gcc/arm-none-eabi/4.6.2/armv6-m\libgcc.a(eqdf2.o)
                0x00000c48                __nedf2
                0x00000c48                __eqdf2
 .text          0x00000cc8       0xec c:/freescale/cw mcu v10.3/cross_tools/arm-none-eabi-gcc-4_6_2/bin/../lib/gcc/arm-none-eabi/4.6.2/armv6-m\libgcc.a(gedf2.o)
                0x00000cc8                __gedf2
                0x00000cc8                __gtdf2
 .text          0x00000db4       0xc0 c:/freescale/cw mcu v10.3/cross_tools/arm-none-eabi-gcc-4_6_2/bin/../lib/gcc/arm-none-eabi/4.6.2/armv6-m\libgcc.a(ledf2.o)
                0x00000db4                __ledf2
                0x00000db4                __ltdf2
 .text          0x00000e74      0x72c c:/freescale/cw mcu v10.3/cross_tools/arm-none-eabi-gcc-4_6_2/bin/../lib/gcc/arm-none-eabi/4.6.2/armv6-m\libgcc.a(subdf3.o)
                0x00000e74                __aeabi_dsub
 .text          0x000015a0       0x68 c:/freescale/cw mcu v10.3/cross_tools/arm-none-eabi-gcc-4_6_2/bin/../lib/gcc/arm-none-eabi/4.6.2/armv6-m\libgcc.a(fixdfsi.o)
                0x000015a0                __aeabi_d2iz
 .text          0x00001608       0x78 c:/freescale/cw mcu v10.3/cross_tools/arm-none-eabi-gcc-4_6_2/bin/../lib/gcc/arm-none-eabi/4.6.2/armv6-m\libgcc.a(floatsidf.o)
                0x00001608                __aeabi_i2d
 .text          0x00001680       0x3c c:/freescale/cw mcu v10.3/cross_tools/arm-none-eabi-gcc-4_6_2/bin/../lib/gcc/arm-none-eabi/4.6.2/armv6-m\libgcc.a(_clzsi2.o)
                0x00001680                __clzsi2
 *(.text*)
 .text.setPasso
                0x000016bc       0x58 ./Sources/Application_c.obj
                0x000016bc                setPasso
 .text.passos   0x00001714       0x60 ./Sources/Application_c.obj
                0x00001714                passos
 *fill*         0x00001774        0x4 00
 .text.virar    0x00001778       0xf8 ./Sources/Application_c.obj
                0x00001778                virar
 .text.endireitaVolante
                0x00001870       0x24 ./Sources/Application_c.obj
                0x00001870                endireitaVolante
 .text.re       0x00001894       0x24 ./Sources/Application_c.obj
                0x00001894                re
 .text.aceleracao
                0x000018b8       0x24 ./Sources/Application_c.obj
                0x000018b8                aceleracao
 .text.mudaRota
                0x000018dc       0x5c ./Sources/Application_c.obj
                0x000018dc                mudaRota
 .text.AS1_OnBlockReceived
                0x00001938       0x30 ./Sources/Events_c.obj
                0x00001938                AS1_OnBlockReceived
 .text.AS1_OnBlockSent
                0x00001968       0x18 ./Sources/Events_c.obj
                0x00001968                AS1_OnBlockSent
 .text.TU1_OnCounterRestart
                0x00001980       0x18 ./Sources/Events_c.obj
                0x00001980                TU1_OnCounterRestart
 .text.TU1_OnChannel0
                0x00001998       0x18 ./Sources/Events_c.obj
                0x00001998                TU1_OnChannel0
 .text.Cpu_OnNMIINT
                0x000019b0        0x8 ./Sources/Events_c.obj
                0x000019b0                Cpu_OnNMIINT
 .text.SS1_OnBlockSent
                0x000019b8       0x10 ./Sources/Events_c.obj
                0x000019b8                SS1_OnBlockSent
 .text.SS1_OnBlockReceived
                0x000019c8       0x10 ./Sources/Events_c.obj
                0x000019c8                SS1_OnBlockReceived
 .text.TU1_OnChannel1
                0x000019d8       0x18 ./Sources/Events_c.obj
                0x000019d8                TU1_OnChannel1
 .text.main     0x000019f0       0x10 ./Sources/ProcessorExpert_c.obj
                0x000019f0                main
 .text.inicioUltrasonico
                0x00001a00       0x34 ./Sources/Ultrasonico_c.obj
                0x00001a00                inicioUltrasonico
 .text.inicioUltrasonico2
                0x00001a34       0x34 ./Sources/Ultrasonico_c.obj
                0x00001a34                inicioUltrasonico2
 .text.tUltrasonico
                0x00001a68       0x90 ./Sources/Ultrasonico_c.obj
                0x00001a68                tUltrasonico
 .text.US_EventEchoCapture
                0x00001af8       0x50 ./Sources/Ultrasonico_c.obj
                0x00001af8                US_EventEchoCapture
 .text.US_EventEchoOverflow
                0x00001b48       0x18 ./Sources/Ultrasonico_c.obj
                0x00001b48                US_EventEchoOverflow
 .text.calcAirspeed_dms
                0x00001b60       0x48 ./Sources/Ultrasonico_c.obj
 .text.US_usToCentimeters
                0x00001ba8       0x40 ./Sources/Ultrasonico_c.obj
                0x00001ba8                US_usToCentimeters
 .text.sUltrasonico
                0x00001be8       0x74 ./Sources/Ultrasonico_c.obj
                0x00001be8                sUltrasonico
 .text.formataDado
                0x00001c5c       0xc8 ./Sources/mqx_tasks_c.obj
                0x00001c5c                formataDado
 .text.SendChar
                0x00001d24       0x3c ./Sources/mqx_tasks_c.obj
 .text.SendString
                0x00001d60       0x30 ./Sources/mqx_tasks_c.obj
 .text.mString  0x00001d90       0x20 ./Sources/mqx_tasks_c.obj
                0x00001d90                mString
 .text.Init     0x00001db0       0x74 ./Sources/mqx_tasks_c.obj
 .text.Task1_task
                0x00001e24       0x80 ./Sources/mqx_tasks_c.obj
                0x00001e24                Task1_task
 .text.Task2_task
                0x00001ea4       0x6c ./Sources/mqx_tasks_c.obj
                0x00001ea4                Task2_task
 .text._ExitProcess
                0x00001f10        0xc ./Project_Settings/Startup_Code/__arm_end_c.obj
                0x00001f10                _ExitProcess
 .text.zero_fill_bss
                0x00001f1c       0x24 ./Project_Settings/Startup_Code/__arm_start_c.obj
 .text.__thumb_startup
                0x00001f40       0x30 ./Project_Settings/Startup_Code/__arm_start_c.obj
                0x00001f40                __thumb_startup
 .text._psp_int_install
                0x00001f70       0x20 ./MQXLITE/psp/cortex_m/int_inst_c.obj
                0x00001f70                _psp_int_install
 .text._int_set_vector_table
                0x00001f90       0x40 ./MQXLITE/psp/cortex_m/int_vtab_c.obj
                0x00001f90                _int_set_vector_table
 .text._int_get_vector_table
                0x00001fd0       0x18 ./MQXLITE/psp/cortex_m/int_vtab_c.obj
                0x00001fd0                _int_get_vector_table
 .text._mem_zero
                0x00001fe8      0x15c ./MQXLITE/psp/cortex_m/mem_zero_c.obj
                0x00001fe8                _mem_zero
 .text._psp_int_init
                0x00002144       0x30 ./MQXLITE/psp/cortex_m/psp_iinit_c.obj
                0x00002144                _psp_int_init
 .text._psp_normalize_ticks
                0x00002174       0x6c ./MQXLITE/psp/cortex_m/psp_tinm_c.obj
                0x00002174                _psp_normalize_ticks
 .text._psp_set_kernel_disable_level
                0x000021e0       0xa4 ./MQXLITE/psp/cortex_m/sc_irdyq_c.obj
                0x000021e0                _psp_set_kernel_disable_level
 .text._psp_init_readyqs
                0x00002284       0xb4 ./MQXLITE/psp/cortex_m/sc_irdyq_c.obj
                0x00002284                _psp_init_readyqs
 .text._psp_build_stack_frame
                0x00002338       0x80 ./MQXLITE/psp/cortex_m/stack_bu_c.obj
                0x00002338                _psp_build_stack_frame
 .text._psp_destroy_stack_frame
                0x000023b8       0x10 ./MQXLITE/psp/cortex_m/stack_de_c.obj
                0x000023b8                _psp_destroy_stack_frame
 .text._mqx_idle_task
                0x000023c8       0x14 ./MQXLITE/kernel/idletask_c.obj
                0x000023c8                _mqx_idle_task
 .text._int_default_isr
                0x000023dc       0x5c ./MQXLITE/kernel/int_c.obj
                0x000023dc                _int_default_isr
 .text._int_disable
                0x00002438       0x2c ./MQXLITE/kernel/int_c.obj
                0x00002438                _int_disable
 .text._int_enable
                0x00002464       0x40 ./MQXLITE/kernel/int_c.obj
                0x00002464                _int_enable
 .text._int_get_isr_data
                0x000024a4       0x68 ./MQXLITE/kernel/int_c.obj
                0x000024a4                _int_get_isr_data
 .text._int_install_isr
                0x0000250c       0x84 ./MQXLITE/kernel/int_c.obj
                0x0000250c                _int_install_isr
 .text._int_init
                0x00002590       0x90 ./MQXLITE/kernel/int_c.obj
                0x00002590                _int_init
 .text._lwsem_create_internal
                0x00002620       0xc8 ./MQXLITE/kernel/lwsem_c.obj
                0x00002620                _lwsem_create_internal
 .text._lwsem_create
                0x000026e8       0x24 ./MQXLITE/kernel/lwsem_c.obj
                0x000026e8                _lwsem_create
 .text._lwsem_post
                0x0000270c      0x154 ./MQXLITE/kernel/lwsem_c.obj
                0x0000270c                _lwsem_post
 .text._lwsem_wait
                0x00002860      0x114 ./MQXLITE/kernel/lwsem_c.obj
                0x00002860                _lwsem_wait
 .text._mqx_set_cpu_type
                0x00002974       0x20 ./MQXLITE/kernel/mqx_utils_c.obj
                0x00002974                _mqx_set_cpu_type
 .text._mqx_init_kernel_data_internal
                0x00002994      0x1a8 ./MQXLITE/kernel/mqx_utils_c.obj
                0x00002994                _mqx_init_kernel_data_internal
 .text._mqxlite_init
                0x00002b3c      0x188 ./MQXLITE/kernel/mqxlite_c.obj
                0x00002b3c                _mqxlite_init
 .text._mqxlite
                0x00002cc4      0x100 ./MQXLITE/kernel/mqxlite_c.obj
                0x00002cc4                _mqxlite
 .text._mqx_exit
                0x00002dc4       0x44 ./MQXLITE/kernel/mqxlite_c.obj
                0x00002dc4                _mqx_exit
 .text._task_destroy_internal
                0x00002e08      0x280 ./MQXLITE/kernel/task_c.obj
                0x00002e08                _task_destroy_internal
 .text._task_destroy
                0x00003088       0x1c ./MQXLITE/kernel/task_c.obj
                0x00003088                _task_destroy
 .text._task_get_td
                0x000030a4       0xb8 ./MQXLITE/kernel/task_c.obj
                0x000030a4                _task_get_td
 .text._task_set_error
                0x0000315c       0x48 ./MQXLITE/kernel/task_c.obj
                0x0000315c                _task_set_error
 .text._task_exit_function_internal
                0x000031a4       0x30 ./MQXLITE/kernel/task_c.obj
                0x000031a4                _task_exit_function_internal
 .text._task_init_internal
                0x000031d4      0x1a0 ./MQXLITE/kernel/task_c.obj
                0x000031d4                _task_init_internal
 .text._task_fill_stack_internal
                0x00003374       0x38 ./MQXLITE/kernel/task_c.obj
                0x00003374                _task_fill_stack_internal
 .text._task_ready_internal
                0x000033ac       0x44 ./MQXLITE/kernel/task_c.obj
                0x000033ac                _task_ready_internal
 .text._task_alloc_td_internal
                0x000033f0      0x130 ./MQXLITE/kernel/task_c.obj
                0x000033f0                _task_alloc_td_internal
 .text._task_set_error_td_internal
                0x00003520       0x2c ./MQXLITE/kernel/task_c.obj
                0x00003520                _task_set_error_td_internal
 .text._time_notify_kernel
                0x0000354c      0x1b0 ./MQXLITE/kernel/time_ticks_c.obj
                0x0000354c                _time_notify_kernel
 .text._time_set_hwtick_function
                0x000036fc       0x28 ./MQXLITE/kernel/time_ticks_c.obj
                0x000036fc                _time_set_hwtick_function
 .text.AS1_Init
                0x00003724      0x1c8 ./Generated_Code/AS1_c.obj
                0x00003724                AS1_Init
 .text.AS1_ReceiveBlock
                0x000038ec       0x50 ./Generated_Code/AS1_c.obj
                0x000038ec                AS1_ReceiveBlock
 .text.AS1_SendBlock
                0x0000393c       0x80 ./Generated_Code/AS1_c.obj
                0x0000393c                AS1_SendBlock
 .text.InterruptRx
                0x000039bc       0x58 ./Generated_Code/AS1_c.obj
 .text.InterruptTx
                0x00003a14       0x80 ./Generated_Code/AS1_c.obj
 .text.AS1_Interrupt
                0x00003a94       0x6c ./Generated_Code/AS1_c.obj
                0x00003a94                AS1_Interrupt
 .text.BitIoLdd1_Init
                0x00003b00       0x6c ./Generated_Code/BitIoLdd1_c.obj
                0x00003b00                BitIoLdd1_Init
 .text.BitIoLdd10_Init
                0x00003b6c       0x6c ./Generated_Code/BitIoLdd10_c.obj
                0x00003b6c                BitIoLdd10_Init
 .text.BitIoLdd10_PutVal
                0x00003bd8       0x34 ./Generated_Code/BitIoLdd10_c.obj
                0x00003bd8                BitIoLdd10_PutVal
 .text.BitIoLdd2_Init
                0x00003c0c       0x6c ./Generated_Code/BitIoLdd2_c.obj
                0x00003c0c                BitIoLdd2_Init
 .text.BitIoLdd2_SetVal
                0x00003c78       0x1c ./Generated_Code/BitIoLdd2_c.obj
                0x00003c78                BitIoLdd2_SetVal
 .text.BitIoLdd4_Init
                0x00003c94       0x64 ./Generated_Code/BitIoLdd4_c.obj
                0x00003c94                BitIoLdd4_Init
 .text.BitIoLdd4_SetVal
                0x00003cf8       0x18 ./Generated_Code/BitIoLdd4_c.obj
                0x00003cf8                BitIoLdd4_SetVal
 .text.BitIoLdd5_Init
                0x00003d10       0x64 ./Generated_Code/BitIoLdd5_c.obj
                0x00003d10                BitIoLdd5_Init
 .text.BitIoLdd5_PutVal
                0x00003d74       0x30 ./Generated_Code/BitIoLdd5_c.obj
                0x00003d74                BitIoLdd5_PutVal
 .text.BitIoLdd5_SetVal
                0x00003da4       0x18 ./Generated_Code/BitIoLdd5_c.obj
                0x00003da4                BitIoLdd5_SetVal
 .text.BitIoLdd6_Init
                0x00003dbc       0x64 ./Generated_Code/BitIoLdd6_c.obj
                0x00003dbc                BitIoLdd6_Init
 .text.BitIoLdd6_PutVal
                0x00003e20       0x30 ./Generated_Code/BitIoLdd6_c.obj
                0x00003e20                BitIoLdd6_PutVal
 .text.BitIoLdd6_SetVal
                0x00003e50       0x18 ./Generated_Code/BitIoLdd6_c.obj
                0x00003e50                BitIoLdd6_SetVal
 .text.BitIoLdd7_Init
                0x00003e68       0x64 ./Generated_Code/BitIoLdd7_c.obj
                0x00003e68                BitIoLdd7_Init
 .text.BitIoLdd7_PutVal
                0x00003ecc       0x30 ./Generated_Code/BitIoLdd7_c.obj
                0x00003ecc                BitIoLdd7_PutVal
 .text.BitIoLdd8_Init
                0x00003efc       0x64 ./Generated_Code/BitIoLdd8_c.obj
                0x00003efc                BitIoLdd8_Init
 .text.BitIoLdd8_PutVal
                0x00003f60       0x30 ./Generated_Code/BitIoLdd8_c.obj
                0x00003f60                BitIoLdd8_PutVal
 .text.BitIoLdd9_Init
                0x00003f90       0x6c ./Generated_Code/BitIoLdd9_c.obj
                0x00003f90                BitIoLdd9_Init
 .text.BitIoLdd9_PutVal
                0x00003ffc       0x34 ./Generated_Code/BitIoLdd9_c.obj
                0x00003ffc                BitIoLdd9_PutVal
 .text.Cpu_INT_NMIInterrupt
                0x00004030        0xc ./Generated_Code/Cpu_c.obj
                0x00004030                Cpu_INT_NMIInterrupt
 .text.Cpu_Interrupt
                0x0000403c        0xc ./Generated_Code/Cpu_c.obj
                0x0000403c                Cpu_Interrupt
 .text.__init_hardware
                0x00004048       0xe8 ./Generated_Code/Cpu_c.obj
                0x00004048                __init_hardware
 .text.PE_low_level_init
                0x00004130      0x158 ./Generated_Code/Cpu_c.obj
                0x00004130                PE_low_level_init
 .text.LED2_SetRatio16
                0x00004288       0x38 ./Generated_Code/LED2_c.obj
                0x00004288                LED2_SetRatio16
 .text.SystemTimer1_OnCounterRestart
                0x000042c0       0x14 ./Generated_Code/MQX1_c.obj
                0x000042c0                SystemTimer1_OnCounterRestart
 .text.SystemTimer1_GetTicsPerSecond
                0x000042d4       0x34 ./Generated_Code/MQX1_c.obj
                0x000042d4                SystemTimer1_GetTicsPerSecond
 .text.PwmLdd1_Init
                0x00004308       0x54 ./Generated_Code/PwmLdd1_c.obj
                0x00004308                PwmLdd1_Init
 .text.PwmLdd1_SetRatio8
                0x0000435c       0x34 ./Generated_Code/PwmLdd1_c.obj
                0x0000435c                PwmLdd1_SetRatio8
 .text.PwmLdd1_SetRatio16
                0x00004390       0x2c ./Generated_Code/PwmLdd1_c.obj
                0x00004390                PwmLdd1_SetRatio16
 .text.SetRatio
                0x000043bc       0x70 ./Generated_Code/PwmLdd1_c.obj
 .text.PwmLdd2_Init
                0x0000442c       0x54 ./Generated_Code/PwmLdd2_c.obj
                0x0000442c                PwmLdd2_Init
 .text.PwmLdd2_SetRatio8
                0x00004480       0x34 ./Generated_Code/PwmLdd2_c.obj
                0x00004480                PwmLdd2_SetRatio8
 .text.SetRatio
                0x000044b4       0x70 ./Generated_Code/PwmLdd2_c.obj
 .text.RxBuf_Put
                0x00004524       0xb4 ./Generated_Code/RxBuf_c.obj
                0x00004524                RxBuf_Put
 .text.RxBuf_Init
                0x000045d8       0x28 ./Generated_Code/RxBuf_c.obj
                0x000045d8                RxBuf_Init
 .text.SS1_Init
                0x00004600      0x148 ./Generated_Code/SS1_c.obj
                0x00004600                SS1_Init
 .text.SS1_Interrupt
                0x00004748       0xe0 ./Generated_Code/SS1_c.obj
                0x00004748                SS1_Interrupt
 .text.SystemTimer1_Init
                0x00004828       0x8c ./Generated_Code/SystemTimer1_c.obj
                0x00004828                SystemTimer1_Init
 .text.SystemTimer1_Enable
                0x000048b4       0x24 ./Generated_Code/SystemTimer1_c.obj
                0x000048b4                SystemTimer1_Enable
 .text.SystemTimer1_GetInputFrequency
                0x000048d8       0x14 ./Generated_Code/SystemTimer1_c.obj
                0x000048d8                SystemTimer1_GetInputFrequency
 .text.SystemTimer1_GetPeriodTicks
                0x000048ec       0x38 ./Generated_Code/SystemTimer1_c.obj
                0x000048ec                SystemTimer1_GetPeriodTicks
 .text.SystemTimer1_GetCounterValue
                0x00004924       0x18 ./Generated_Code/SystemTimer1_c.obj
                0x00004924                SystemTimer1_GetCounterValue
 .text.SystemTimer1_Interrupt
                0x0000493c       0x34 ./Generated_Code/SystemTimer1_c.obj
                0x0000493c                SystemTimer1_Interrupt
 .text.TRIG_Init
                0x00004970       0x6c ./Generated_Code/TRIG_c.obj
                0x00004970                TRIG_Init
 .text.TRIG_ClrVal
                0x000049dc       0x1c ./Generated_Code/TRIG_c.obj
                0x000049dc                TRIG_ClrVal
 .text.TRIG_SetVal
                0x000049f8       0x1c ./Generated_Code/TRIG_c.obj
                0x000049f8                TRIG_SetVal
 .text.TRIG2_Init
                0x00004a14       0x6c ./Generated_Code/TRIG2_c.obj
                0x00004a14                TRIG2_Init
 .text.TU1_Init
                0x00004a80      0x124 ./Generated_Code/TU1_c.obj
                0x00004a80                TU1_Init
 .text.TU1_Deinit
                0x00004ba4       0x40 ./Generated_Code/TU1_c.obj
                0x00004ba4                TU1_Deinit
 .text.TU1_ResetCounter
                0x00004be4       0x1c ./Generated_Code/TU1_c.obj
                0x00004be4                TU1_ResetCounter
 .text.TU1_GetCaptureValue
                0x00004c00       0x64 ./Generated_Code/TU1_c.obj
                0x00004c00                TU1_GetCaptureValue
 .text.TU1_Interrupt
                0x00004c64      0x108 ./Generated_Code/TU1_c.obj
                0x00004c64                TU1_Interrupt
 .text.TU2_Init
                0x00004d6c       0xcc ./Generated_Code/TU2_c.obj
                0x00004d6c                TU2_Init
 .text.TU2_GetPeriodTicks
                0x00004e38       0x3c ./Generated_Code/TU2_c.obj
                0x00004e38                TU2_GetPeriodTicks
 .text.TU2_SetOffsetTicks
                0x00004e74       0x58 ./Generated_Code/TU2_c.obj
                0x00004e74                TU2_SetOffsetTicks
 .text.TU3_Init
                0x00004ecc       0xcc ./Generated_Code/TU3_c.obj
                0x00004ecc                TU3_Init
 .text.TU3_GetPeriodTicks
                0x00004f98       0x3c ./Generated_Code/TU3_c.obj
                0x00004f98                TU3_GetPeriodTicks
 .text.TU3_SetOffsetTicks
                0x00004fd4       0x58 ./Generated_Code/TU3_c.obj
                0x00004fd4                TU3_SetOffsetTicks
 .text.UTIL1_Num16uToStr
                0x0000502c      0x138 ./Generated_Code/UTIL1_c.obj
                0x0000502c                UTIL1_Num16uToStr
 .text.ShiftRightAndFill
                0x00005164       0xe4 ./Generated_Code/UTIL1_c.obj
 .text.UTIL1_Num16uToStrFormatted
                0x00005248       0x44 ./Generated_Code/UTIL1_c.obj
                0x00005248                UTIL1_Num16uToStrFormatted
 .text.WAIT1_Wait100Cycles
                0x0000528c       0x30 ./Generated_Code/WAIT1_c.obj
                0x0000528c                WAIT1_Wait100Cycles
 .text.WAIT1_WaitCycles
                0x000052bc       0x2c ./Generated_Code/WAIT1_c.obj
                0x000052bc                WAIT1_WaitCycles
 .text.WAIT1_Waitms
                0x000052e8       0x30 ./Generated_Code/WAIT1_c.obj
                0x000052e8                WAIT1_Waitms
 .text.exit     0x00005318       0x38 C:/Freescale/CW MCU v10.3/MCU/ARM_GCC_Support/ewl/lib/armv6-m\libc.a(exit.o)
                0x00005318                exit
 .text.memset   0x00005350        0xc C:/Freescale/CW MCU v10.3/MCU/ARM_GCC_Support/ewl/lib/armv6-m\libc.a(memset.o)
                0x00005350                memset
 .text.strchr   0x0000535c       0x1e C:/Freescale/CW MCU v10.3/MCU/ARM_GCC_Support/ewl/lib/armv6-m\libc.a(strchr.o)
                0x0000535c                strchr
 .text.strlen   0x0000537a       0x14 C:/Freescale/CW MCU v10.3/MCU/ARM_GCC_Support/ewl/lib/armv6-m\libc.a(strlen.o)
                0x0000537a                strlen
 *fill*         0x0000538e        0x2 00
 .text.long2str.isra.0
                0x00005390      0x1a0 C:/Freescale/CW MCU v10.3/MCU/ARM_GCC_Support/ewl/lib/armv6-m\libc.a(printformat_.o)
 .text.__pformatter_
                0x00005530      0x438 C:/Freescale/CW MCU v10.3/MCU/ARM_GCC_Support/ewl/lib/armv6-m\libc.a(printformat_.o)
                0x00005530                __pformatter_
 .text.__sformatter
                0x00005968      0x780 C:/Freescale/CW MCU v10.3/MCU/ARM_GCC_Support/ewl/lib/armv6-m\libc.a(scanformat_.o)
                0x00005968                __sformatter
 .text.isalpha  0x000060e8       0x20 C:/Freescale/CW MCU v10.3/MCU/ARM_GCC_Support/ewl/lib/armv6-m\libc.a(ctype_aeabi.o)
                0x000060e8                isalpha
 .text.isspace  0x00006108       0x20 C:/Freescale/CW MCU v10.3/MCU/ARM_GCC_Support/ewl/lib/armv6-m\libc.a(ctype_aeabi.o)
                0x00006108                isspace
 .text.toupper  0x00006128        0xe C:/Freescale/CW MCU v10.3/MCU/ARM_GCC_Support/ewl/lib/armv6-m\libc.a(ctype_aeabi.o)
                0x00006128                toupper
 .text.__strtoul
                0x00006136      0x1d0 C:/Freescale/CW MCU v10.3/MCU/ARM_GCC_Support/ewl/lib/armv6-m\libc.a(__strtoul.o)
                0x00006136                __strtoul
 .text.__fill_mem
                0x00006306       0x84 C:/Freescale/CW MCU v10.3/MCU/ARM_GCC_Support/ewl/lib/armv6-m\libc.a(__filll_mem.o)
                0x00006306                __fill_mem
 .text.memchr   0x0000638a       0x1a C:/Freescale/CW MCU v10.3/MCU/ARM_GCC_Support/ewl/lib/armv6-m\libc.a(memchr.o)
                0x0000638a                memchr
 .text.__init_cpp
                0x000063a4       0x48 C:/Freescale/CW MCU v10.3/MCU/ARM_GCC_Support/ewl/lib/armv6-m\librt.a(gcc_ctor_dtor.o)
                0x000063a4                __init_cpp
 .text.__fini_cpp
                0x000063ec       0x34 C:/Freescale/CW MCU v10.3/MCU/ARM_GCC_Support/ewl/lib/armv6-m\librt.a(gcc_ctor_dtor.o)
                0x000063ec                __fini_cpp
 .text.__copy_rom_section
                0x00006420       0x4a C:/Freescale/CW MCU v10.3/MCU/ARM_GCC_Support/ewl/lib/armv6-m\librt.a(ROMCopy.o)
                0x00006420                __copy_rom_section
 *fill*         0x0000646a        0x2 00
 .text.__copy_rom_sections_to_ram
                0x0000646c       0x2c C:/Freescale/CW MCU v10.3/MCU/ARM_GCC_Support/ewl/lib/armv6-m\librt.a(ROMCopy.o)
                0x0000646c                __copy_rom_sections_to_ram
 .text.__destroy_global_chain
                0x00006498       0x1c C:/Freescale/CW MCU v10.3/MCU/ARM_GCC_Support/ewl/lib/armv6-m\librt.a(__arm_eabi_init.o)
                0x00006498                __destroy_global_chain
 .text.__init_registers
                0x000064b4       0x1c C:/Freescale/CW MCU v10.3/MCU/ARM_GCC_Support/ewl/lib/armv6-m\librt.a(__arm_eabi_init.o)
                0x000064b4                __init_registers
 .text.__init_user
                0x000064d0        0x4 C:/Freescale/CW MCU v10.3/MCU/ARM_GCC_Support/ewl/lib/armv6-m\librt.a(__arm_eabi_init.o)
                0x000064d0                __init_user
 .text.__setjmp
                0x000064d4       0x1c C:/Freescale/CW MCU v10.3/MCU/ARM_GCC_Support/ewl/lib/armv6-m\librt.a(setjmp.o)
                0x000064d4                __setjmp
 .text.longjmp  0x000064f0       0x20 C:/Freescale/CW MCU v10.3/MCU/ARM_GCC_Support/ewl/lib/armv6-m\librt.a(setjmp.o)
                0x000064f0                longjmp
 *(.rodata)
 .rodata        0x00006510        0x8 ./Sources/Ultrasonico_c.obj
 .rodata        0x00006518       0x50 ./Sources/mqx_tasks_c.obj
 .rodata        0x00006568       0x10 ./MQXLITE/kernel/mqx_utils_c.obj
 .rodata        0x00006578       0xdc ./MQXLITE/kernel/mqxlite_c.obj
 .rodata        0x00006654       0x10 ./Generated_Code/task_template_list_c.obj
 *(.rodata*)
 .rodata._mem_zero
                0x00006664       0x40 ./MQXLITE/psp/cortex_m/mem_zero_c.obj
 .rodata._mqx_version_number
                0x000066a4        0x4 ./MQXLITE/kernel/mqxlite_c.obj
                0x000066a4                _mqx_version_number
 .rodata._mqx_vendor
                0x000066a8        0x4 ./MQXLITE/kernel/mqxlite_c.obj
                0x000066a8                _mqx_vendor
 .rodata._mqx_path
                0x000066ac        0x4 ./MQXLITE/kernel/mqxlite_c.obj
                0x000066ac                _mqx_path
 .rodata._mqxlite_version_number
                0x000066b0        0x4 ./MQXLITE/kernel/mqxlite_c.obj
                0x000066b0                _mqxlite_version_number
 .rodata.MQX_init_struct
                0x000066b4       0x24 ./Generated_Code/MQX1_c.obj
                0x000066b4                MQX_init_struct
 .rodata.ChannelDevice
                0x000066d8        0x4 ./Generated_Code/TU1_c.obj
 .rodata.ChannelMode
                0x000066dc        0x4 ./Generated_Code/TU1_c.obj
 .rodata.ChannelDevice
                0x000066e0        0x4 ./Generated_Code/TU2_c.obj
 .rodata.ChannelMode
                0x000066e4        0x4 ./Generated_Code/TU2_c.obj
 .rodata.ChannelDevice
                0x000066e8        0x4 ./Generated_Code/TU3_c.obj
 .rodata.ChannelMode
                0x000066ec        0x4 ./Generated_Code/TU3_c.obj
 .rodata.MQX_template_list
                0x000066f0       0x54 ./Generated_Code/task_template_list_c.obj
                0x000066f0                MQX_template_list
 .rodata.str1.1
                0x00006744        0x1 C:/Freescale/CW MCU v10.3/MCU/ARM_GCC_Support/ewl/lib/armv6-m\libc.a(printformat_.o)
 .rodata.__aeabi_ctype_table_C
                0x00006745      0x101 C:/Freescale/CW MCU v10.3/MCU/ARM_GCC_Support/ewl/lib/armv6-m\libc.a(ctype_aeabi.o)
                0x00006745                __aeabi_ctype_table_C
 *(.glue_7)
 .glue_7        0x00000000        0x0 linker stubs
 *(.glue_7t)
 .glue_7t       0x00000000        0x0 linker stubs
 *(.eh_frame)
 *(.init)
 *(.fini)
                0x00006848                . = ALIGN (0x4)
 *fill*         0x00006846        0x2 00
 *(KERNEL)
 KERNEL         0x00006848      0x238 ./MQXLITE/psp/cortex_m/core/M0/dispatch_S.obj
                0x00006848                _sched_start_internal
                0x0000684e                _sched_run_internal
                0x00006854                _sched_check_scheduler_internal
                0x0000686c                _sched_execute_scheduler_internal
                0x0000690a                _mqx_api_call
                0x0000690c                _task_block
                0x0000694e                _int_kernel_isr
                0x000069ea                _psp_exception_return
                0x00006a22                _mem_test_and_set
                0x00006a38                __get_PSP
                0x00006a3e                __get_MSP
                0x00006a44                __set_MSP
                0x00006a4a                __get_PSR
                0x00006a50                __enable_interrupt
                0x00006a54                __disable_interrupt
                0x00006a58                __get_LR
                0x00006a5c                __get_PC
                0x00006a60                __get_CONTROL
                0x00000000                __VECTOR_TABLE_START = __vector_table
                0x00006a80                . = ALIGN (0x4)
 *(.rdata)
                0x00006a80                . = ALIGN (0x4)
 *(.exception)
                0x00006a80                . = ALIGN (0x4)
                0x00006a80                __exception_table_start__ = .
                0x00006a80                __exception_table_end__ = .
                0x00006a80                __sinit__ = .
                0x00006a80                _etext = .

.vfp11_veneer   0x00006a80        0x0
 .vfp11_veneer  0x00000000        0x0 linker stubs

.v4_bx          0x00006a80        0x0
 .v4_bx         0x00000000        0x0 linker stubs

.ARM.extab
 *(.ARM.extab* .gnu.linkonce.armextab.*)

.ARM            0x00006a80        0x8
                0x00006a80                __exidx_start = .
 *(.ARM.exidx*)
 .ARM.exidx     0x00006a80        0x8 c:/freescale/cw mcu v10.3/cross_tools/arm-none-eabi-gcc-4_6_2/bin/../lib/gcc/arm-none-eabi/4.6.2/armv6-m\libgcc.a(adddf3.o)
 .ARM.exidx     0x00006a88        0x0 c:/freescale/cw mcu v10.3/cross_tools/arm-none-eabi-gcc-4_6_2/bin/../lib/gcc/arm-none-eabi/4.6.2/armv6-m\libgcc.a(eqdf2.o)
                                  0x8 (size before relaxing)
 .ARM.exidx     0x00006a88        0x0 c:/freescale/cw mcu v10.3/cross_tools/arm-none-eabi-gcc-4_6_2/bin/../lib/gcc/arm-none-eabi/4.6.2/armv6-m\libgcc.a(gedf2.o)
                                  0x8 (size before relaxing)
 .ARM.exidx     0x00006a88        0x0 c:/freescale/cw mcu v10.3/cross_tools/arm-none-eabi-gcc-4_6_2/bin/../lib/gcc/arm-none-eabi/4.6.2/armv6-m\libgcc.a(ledf2.o)
                                  0x8 (size before relaxing)
 .ARM.exidx     0x00006a88        0x0 c:/freescale/cw mcu v10.3/cross_tools/arm-none-eabi-gcc-4_6_2/bin/../lib/gcc/arm-none-eabi/4.6.2/armv6-m\libgcc.a(subdf3.o)
                                  0x8 (size before relaxing)
 .ARM.exidx     0x00006a88        0x0 c:/freescale/cw mcu v10.3/cross_tools/arm-none-eabi-gcc-4_6_2/bin/../lib/gcc/arm-none-eabi/4.6.2/armv6-m\libgcc.a(fixdfsi.o)
                                  0x8 (size before relaxing)
 .ARM.exidx     0x00006a88        0x0 c:/freescale/cw mcu v10.3/cross_tools/arm-none-eabi-gcc-4_6_2/bin/../lib/gcc/arm-none-eabi/4.6.2/armv6-m\libgcc.a(floatsidf.o)
                                  0x8 (size before relaxing)
                0x00006a88                __exidx_end = .

.ctors          0x00006a88        0x0
                0x00006a88                __CTOR_LIST__ = .
 *crtbegin.o(.ctors)
 *(EXCLUDE_FILE(*crtend.o) .ctors)
 *(SORT(.ctors.*))
 *(.ctors)
                0x00006a88                __CTOR_END__ = .

.dtors          0x00006a88        0x0
                0x00006a88                __DTOR_LIST__ = .
 *crtbegin.o(.dtors)
 *(EXCLUDE_FILE(*crtend.o) .dtors)
 *(SORT(.dtors.*))
 *(.dtors)
                0x00006a88                __DTOR_END__ = .

.preinit_array  0x00006a88        0x0
                0x00006a88                PROVIDE (__preinit_array_start, .)
 *(.preinit_array*)
                0x00006a88                PROVIDE (__preinit_array_end, .)

.init_array     0x00006a88        0x0
                0x00006a88                PROVIDE (__init_array_start, .)
 *(SORT(.init_array.*))
 *(.init_array*)
                0x00006a88                PROVIDE (__init_array_end, .)

.fini_array     0x00006a88        0x0
                0x00006a88                PROVIDE (__fini_array_start, .)
 *(SORT(.fini_array.*))
 *(.fini_array*)
                0x00006a88                PROVIDE (__fini_array_end, .)
                0x00006a88                ___ROM_AT = .

.mtb            0x1ffff000        0x0
                0x1ffff000                . = ALIGN (0x8)
                0x1ffff000                _mtb_start = .
 *(.mtb_buf)
                0x1ffff000                . = ALIGN (0x8)
                0x1ffff000                _mtb_end = .

.data           0x1ffff000       0x10 load address 0x00006a88
                0x1ffff000                . = ALIGN (0x4)
                0x1ffff000                _sdata = .
 *(.data)
 *(.data*)
 .data._mqx_kernel_data
                0x1ffff000        0x4 ./MQXLITE/kernel/mqxlite_c.obj
                0x1ffff000                _mqx_kernel_data
 .data.mqx_task_stack_pointers
                0x1ffff004        0xc ./Generated_Code/MQX1_c.obj
                0x1ffff004                mqx_task_stack_pointers
                0x1ffff010                . = ALIGN (0x4)
                0x1ffff010                _edata = .
                0x00000010                ___data_size = (_edata - _sdata)
                0x1ffff010                . = ALIGN (0x4)

.bss            0x1ffff010      0xde8 load address 0x00006a98
                0x1ffff010                __START_BSS = .
                0x1ffff010                __bss_start__ = __START_BSS
 *(.bss)
 *(.bss*)
 .bss.passo     0x1ffff010        0x4 ./Sources/Application_c.obj
                0x1ffff010                passo
 .bss.angulo    0x1ffff014        0x4 ./Sources/Application_c.obj
                0x1ffff014                angulo
 .bss.usDevice  0x1ffff018       0x10 ./Sources/Ultrasonico_c.obj
 .bss.usDevice2
                0x1ffff028       0x10 ./Sources/Ultrasonico_c.obj
 .bss.deviceData
                0x1ffff038        0xc ./Sources/mqx_tasks_c.obj
 .bss.argv      0x1ffff044        0x4 ./Project_Settings/Startup_Code/__arm_start_c.obj
 .bss.DeviceDataPrv__DEFAULT_RTOS_ALLOC
                0x1ffff048       0x20 ./Generated_Code/AS1_c.obj
 .bss.DeviceDataPrv__DEFAULT_RTOS_ALLOC
                0x1ffff068        0x4 ./Generated_Code/BitIoLdd1_c.obj
 .bss.DeviceDataPrv__DEFAULT_RTOS_ALLOC
                0x1ffff06c        0x4 ./Generated_Code/BitIoLdd10_c.obj
 .bss.DeviceDataPrv__DEFAULT_RTOS_ALLOC
                0x1ffff070        0x4 ./Generated_Code/BitIoLdd2_c.obj
 .bss.DeviceDataPrv__DEFAULT_RTOS_ALLOC
                0x1ffff074        0x4 ./Generated_Code/BitIoLdd4_c.obj
 .bss.DeviceDataPrv__DEFAULT_RTOS_ALLOC
                0x1ffff078        0x4 ./Generated_Code/BitIoLdd5_c.obj
 .bss.DeviceDataPrv__DEFAULT_RTOS_ALLOC
                0x1ffff07c        0x4 ./Generated_Code/BitIoLdd6_c.obj
 .bss.DeviceDataPrv__DEFAULT_RTOS_ALLOC
                0x1ffff080        0x4 ./Generated_Code/BitIoLdd7_c.obj
 .bss.DeviceDataPrv__DEFAULT_RTOS_ALLOC
                0x1ffff084        0x4 ./Generated_Code/BitIoLdd8_c.obj
 .bss.DeviceDataPrv__DEFAULT_RTOS_ALLOC
                0x1ffff088        0x4 ./Generated_Code/BitIoLdd9_c.obj
 .bss.SR_lock   0x1ffff08c        0x1 ./Generated_Code/Cpu_c.obj
                0x1ffff08c                SR_lock
 *fill*         0x1ffff08d        0x3 00
 .bss.PE_LDD_DeviceDataList
                0x1ffff090       0x4c ./Generated_Code/PE_LDD_c.obj
                0x1ffff090                PE_LDD_DeviceDataList
 .bss.DeviceDataPrv__DEFAULT_RTOS_ALLOC
                0x1ffff0dc        0xc ./Generated_Code/PwmLdd1_c.obj
 .bss.DeviceDataPrv__DEFAULT_RTOS_ALLOC
                0x1ffff0e8        0xc ./Generated_Code/PwmLdd2_c.obj
 .bss.RxBuf_buffer
                0x1ffff0f4       0x40 ./Generated_Code/RxBuf_c.obj
 .bss.RxBuf_inIdx
                0x1ffff134        0x1 ./Generated_Code/RxBuf_c.obj
 .bss.RxBuf_outIdx
                0x1ffff135        0x1 ./Generated_Code/RxBuf_c.obj
 .bss.RxBuf_inSize
                0x1ffff136        0x1 ./Generated_Code/RxBuf_c.obj
 *fill*         0x1ffff137        0x1 00
 .bss.DeviceDataPrv__DEFAULT_RTOS_ALLOC
                0x1ffff138       0x24 ./Generated_Code/SS1_c.obj
 .bss.DeviceDataPrv__DEFAULT_RTOS_ALLOC
                0x1ffff15c        0xc ./Generated_Code/SystemTimer1_c.obj
 .bss.DeviceDataPrv__DEFAULT_RTOS_ALLOC
                0x1ffff168        0x4 ./Generated_Code/TRIG_c.obj
 .bss.DeviceDataPrv__DEFAULT_RTOS_ALLOC
                0x1ffff16c        0x4 ./Generated_Code/TRIG2_c.obj
 .bss.DeviceDataPrv__DEFAULT_RTOS_ALLOC
                0x1ffff170       0x10 ./Generated_Code/TU1_c.obj
 .bss.DeviceDataPrv__DEFAULT_RTOS_ALLOC
                0x1ffff180        0xc ./Generated_Code/TU2_c.obj
 .bss.DeviceDataPrv__DEFAULT_RTOS_ALLOC
                0x1ffff18c        0xc ./Generated_Code/TU3_c.obj
 .bss.__stdio_exit
                0x1ffff198        0x4 C:/Freescale/CW MCU v10.3/MCU/ARM_GCC_Support/ewl/lib/armv6-m\libc.a(exit.o)
                0x1ffff198                __stdio_exit
 .bss.__console_exit
                0x1ffff19c        0x4 C:/Freescale/CW MCU v10.3/MCU/ARM_GCC_Support/ewl/lib/armv6-m\libc.a(exit.o)
                0x1ffff19c                __console_exit
 .bss.__S_romp  0x1ffff1a0        0xc C:/Freescale/CW MCU v10.3/MCU/ARM_GCC_Support/ewl/lib/armv6-m\librt.a(ROMCopy.o)
 .bss.__global_destructor_chain
                0x1ffff1ac        0x4 C:/Freescale/CW MCU v10.3/MCU/ARM_GCC_Support/ewl/lib/armv6-m\librt.a(__arm_eabi_init.o)
                0x1ffff1ac                __global_destructor_chain
 *(COMMON)
 COMMON         0x1ffff1b0       0x40 ./Sources/mqx_tasks_c.obj
                0x1ffff1b0                sValorMotor
                0x1ffff1cc                c1
                0x1ffff1ce                c
                0x1ffff1d0                UserDataPtr
                0x1ffff1d4                sValor
 COMMON         0x1ffff1f0       0x50 ./MQXLITE/kernel/mqxlite_c.obj
                0x1ffff1f0                _mqx_zero_tick_struct
                0x1ffff1fc                _mqx_system_stack
                0x1ffff200                _mqx_exit_jump_buffer_internal
 COMMON         0x1ffff240        0x1 ./Generated_Code/Cpu_c.obj
                0x1ffff240                SR_reg
 *fill*         0x1ffff241        0x1 00
 COMMON         0x1ffff242        0x2 ./Generated_Code/LED2_c.obj
                0x1ffff242                LED2_currPWM
 COMMON         0x1ffff244      0xbb4 ./Generated_Code/MQX1_c.obj
                0x1ffff244                _mqx_kernel_data_struct
                0x1ffff484                mqx_interrupt_stack
                0x1ffff594                mqx_static_ready_queue
                0x1ffff634                mqx_static_isr_table
                0x1ffff730                mqx_idle_task_stack
                0x1ffff850                mqx_system_stack
                0x1ffff8f8                Task2_task_stack
                0x1ffffb78                Task1_task_stack
                0x1ffffdf8                . = ALIGN (0x4)
                0x1ffffdf8                __END_BSS = .
                0x1ffffdf8                __bss_end__ = __END_BSS

._user_heap_stack
                0x1ffffdf8      0x400 load address 0x00007880
                0x1ffffdf8                . = ALIGN (0x4)
                0x1ffffdf8                PROVIDE (end, .)
                0x1ffffdf8                PROVIDE (_end, .)
                0x1ffffdf8                __heap_addr = .
                0x1ffffdf8                . = (. + __heap_size)
                0x200001f8                . = (. + __stack_size)
 *fill*         0x1ffffdf8      0x400 00
                0x200001f8                . = ALIGN (0x4)
                0x00006a98                _romp_at = (___ROM_AT + SIZEOF (.data))

.romp           0x200001f8       0x18 load address 0x00006a98
                0x00006a98                __S_romp = _romp_at
                0x200001f8        0x4 LONG 0x6a88 ___ROM_AT
                0x200001fc        0x4 LONG 0x1ffff000 _sdata
                0x20000200        0x4 LONG 0x10 ___data_size
                0x20000204        0x4 LONG 0x0
                0x20000208        0x4 LONG 0x0
                0x2000020c        0x4 LONG 0x0

.ARM.attributes
                0x00000000       0x2f
 *(.ARM.attributes)
 .ARM.attributes
                0x00000000       0x31 ./Sources/Application_c.obj
 .ARM.attributes
                0x00000031       0x31 ./Sources/Events_c.obj
 .ARM.attributes
                0x00000062       0x31 ./Sources/ProcessorExpert_c.obj
 .ARM.attributes
                0x00000093       0x31 ./Sources/Ultrasonico_c.obj
 .ARM.attributes
                0x000000c4       0x31 ./Sources/mqx_tasks_c.obj
 .ARM.attributes
                0x000000f5       0x31 ./Project_Settings/Startup_Code/__arm_end_c.obj
 .ARM.attributes
                0x00000126       0x31 ./Project_Settings/Startup_Code/__arm_start_c.obj
 .ARM.attributes
                0x00000157       0x31 ./MQXLITE/psp/cortex_m/int_inst_c.obj
 .ARM.attributes
                0x00000188       0x31 ./MQXLITE/psp/cortex_m/int_vtab_c.obj
 .ARM.attributes
                0x000001b9       0x31 ./MQXLITE/psp/cortex_m/mem_zero_c.obj
 .ARM.attributes
                0x000001ea       0x31 ./MQXLITE/psp/cortex_m/psp_iinit_c.obj
 .ARM.attributes
                0x0000021b       0x31 ./MQXLITE/psp/cortex_m/psp_tinm_c.obj
 .ARM.attributes
                0x0000024c       0x31 ./MQXLITE/psp/cortex_m/sc_irdyq_c.obj
 .ARM.attributes
                0x0000027d       0x31 ./MQXLITE/psp/cortex_m/stack_bu_c.obj
 .ARM.attributes
                0x000002ae       0x31 ./MQXLITE/psp/cortex_m/stack_de_c.obj
 .ARM.attributes
                0x000002df       0x21 ./MQXLITE/psp/cortex_m/core/M0/boot_S.obj
 .ARM.attributes
                0x00000300       0x21 ./MQXLITE/psp/cortex_m/core/M0/dispatch_S.obj
 .ARM.attributes
                0x00000321       0x31 ./MQXLITE/kernel/idletask_c.obj
 .ARM.attributes
                0x00000352       0x31 ./MQXLITE/kernel/int_c.obj
 .ARM.attributes
                0x00000383       0x31 ./MQXLITE/kernel/lwsem_c.obj
 .ARM.attributes
                0x000003b4       0x31 ./MQXLITE/kernel/mqx_utils_c.obj
 .ARM.attributes
                0x000003e5       0x31 ./MQXLITE/kernel/mqxlite_c.obj
 .ARM.attributes
                0x00000416       0x31 ./MQXLITE/kernel/task_c.obj
 .ARM.attributes
                0x00000447       0x31 ./MQXLITE/kernel/time_ticks_c.obj
 .ARM.attributes
                0x00000478       0x31 ./Generated_Code/AS1_c.obj
 .ARM.attributes
                0x000004a9       0x31 ./Generated_Code/BitIoLdd1_c.obj
 .ARM.attributes
                0x000004da       0x31 ./Generated_Code/BitIoLdd10_c.obj
 .ARM.attributes
                0x0000050b       0x31 ./Generated_Code/BitIoLdd2_c.obj
 .ARM.attributes
                0x0000053c       0x31 ./Generated_Code/BitIoLdd4_c.obj
 .ARM.attributes
                0x0000056d       0x31 ./Generated_Code/BitIoLdd5_c.obj
 .ARM.attributes
                0x0000059e       0x31 ./Generated_Code/BitIoLdd6_c.obj
 .ARM.attributes
                0x000005cf       0x31 ./Generated_Code/BitIoLdd7_c.obj
 .ARM.attributes
                0x00000600       0x31 ./Generated_Code/BitIoLdd8_c.obj
 .ARM.attributes
                0x00000631       0x31 ./Generated_Code/BitIoLdd9_c.obj
 .ARM.attributes
                0x00000662       0x31 ./Generated_Code/Cpu_c.obj
 .ARM.attributes
                0x00000693       0x31 ./Generated_Code/LED2_c.obj
 .ARM.attributes
                0x000006c4       0x31 ./Generated_Code/MQX1_c.obj
 .ARM.attributes
                0x000006f5       0x31 ./Generated_Code/PE_LDD_c.obj
 .ARM.attributes
                0x00000726       0x31 ./Generated_Code/PwmLdd1_c.obj
 .ARM.attributes
                0x00000757       0x31 ./Generated_Code/PwmLdd2_c.obj
 .ARM.attributes
                0x00000788       0x31 ./Generated_Code/RxBuf_c.obj
 .ARM.attributes
                0x000007b9       0x31 ./Generated_Code/SS1_c.obj
 .ARM.attributes
                0x000007ea       0x31 ./Generated_Code/SystemTimer1_c.obj
 .ARM.attributes
                0x0000081b       0x31 ./Generated_Code/TRIG_c.obj
 .ARM.attributes
                0x0000084c       0x31 ./Generated_Code/TRIG2_c.obj
 .ARM.attributes
                0x0000087d       0x31 ./Generated_Code/TU1_c.obj
 .ARM.attributes
                0x000008ae       0x31 ./Generated_Code/TU2_c.obj
 .ARM.attributes
                0x000008df       0x31 ./Generated_Code/TU3_c.obj
 .ARM.attributes
                0x00000910       0x31 ./Generated_Code/UTIL1_c.obj
 .ARM.attributes
                0x00000941       0x31 ./Generated_Code/Vectors_c.obj
 .ARM.attributes
                0x00000972       0x31 ./Generated_Code/WAIT1_c.obj
 .ARM.attributes
                0x000009a3       0x31 ./Generated_Code/task_template_list_c.obj
 .ARM.attributes
                0x000009d4       0x31 C:/Freescale/CW MCU v10.3/MCU/ARM_GCC_Support/ewl/lib/armv6-m\libc.a(exit.o)
 .ARM.attributes
                0x00000a05       0x31 C:/Freescale/CW MCU v10.3/MCU/ARM_GCC_Support/ewl/lib/armv6-m\libc.a(memset.o)
 .ARM.attributes
                0x00000a36       0x31 C:/Freescale/CW MCU v10.3/MCU/ARM_GCC_Support/ewl/lib/armv6-m\libc.a(strchr.o)
 .ARM.attributes
                0x00000a67       0x31 C:/Freescale/CW MCU v10.3/MCU/ARM_GCC_Support/ewl/lib/armv6-m\libc.a(strlen.o)
 .ARM.attributes
                0x00000a98       0x31 C:/Freescale/CW MCU v10.3/MCU/ARM_GCC_Support/ewl/lib/armv6-m\libc.a(printformat_.o)
 .ARM.attributes
                0x00000ac9       0x31 C:/Freescale/CW MCU v10.3/MCU/ARM_GCC_Support/ewl/lib/armv6-m\libc.a(scanformat_.o)
 .ARM.attributes
                0x00000afa       0x31 C:/Freescale/CW MCU v10.3/MCU/ARM_GCC_Support/ewl/lib/armv6-m\libc.a(ctype_aeabi.o)
 .ARM.attributes
                0x00000b2b       0x31 C:/Freescale/CW MCU v10.3/MCU/ARM_GCC_Support/ewl/lib/armv6-m\libc.a(__strtoul.o)
 .ARM.attributes
                0x00000b5c       0x31 C:/Freescale/CW MCU v10.3/MCU/ARM_GCC_Support/ewl/lib/armv6-m\libc.a(__filll_mem.o)
 .ARM.attributes
                0x00000b8d       0x31 C:/Freescale/CW MCU v10.3/MCU/ARM_GCC_Support/ewl/lib/armv6-m\libc.a(memchr.o)
 .ARM.attributes
                0x00000bbe       0x1e c:/freescale/cw mcu v10.3/cross_tools/arm-none-eabi-gcc-4_6_2/bin/../lib/gcc/arm-none-eabi/4.6.2/armv6-m\libgcc.a(_thumb1_case_uqi.o)
 .ARM.attributes
                0x00000bdc       0x1e c:/freescale/cw mcu v10.3/cross_tools/arm-none-eabi-gcc-4_6_2/bin/../lib/gcc/arm-none-eabi/4.6.2/armv6-m\libgcc.a(_udivsi3.o)
 .ARM.attributes
                0x00000bfa       0x1e c:/freescale/cw mcu v10.3/cross_tools/arm-none-eabi-gcc-4_6_2/bin/../lib/gcc/arm-none-eabi/4.6.2/armv6-m\libgcc.a(_dvmd_tls.o)
 .ARM.attributes
                0x00000c18       0x1e c:/freescale/cw mcu v10.3/cross_tools/arm-none-eabi-gcc-4_6_2/bin/../lib/gcc/arm-none-eabi/4.6.2/armv6-m\libgcc.a(_arm_cmpdf2.o)
 .ARM.attributes
                0x00000c36       0x2c c:/freescale/cw mcu v10.3/cross_tools/arm-none-eabi-gcc-4_6_2/bin/../lib/gcc/arm-none-eabi/4.6.2/armv6-m\libgcc.a(adddf3.o)
 .ARM.attributes
                0x00000c62       0x2c c:/freescale/cw mcu v10.3/cross_tools/arm-none-eabi-gcc-4_6_2/bin/../lib/gcc/arm-none-eabi/4.6.2/armv6-m\libgcc.a(eqdf2.o)
 .ARM.attributes
                0x00000c8e       0x2c c:/freescale/cw mcu v10.3/cross_tools/arm-none-eabi-gcc-4_6_2/bin/../lib/gcc/arm-none-eabi/4.6.2/armv6-m\libgcc.a(gedf2.o)
 .ARM.attributes
                0x00000cba       0x2c c:/freescale/cw mcu v10.3/cross_tools/arm-none-eabi-gcc-4_6_2/bin/../lib/gcc/arm-none-eabi/4.6.2/armv6-m\libgcc.a(ledf2.o)
 .ARM.attributes
                0x00000ce6       0x2c c:/freescale/cw mcu v10.3/cross_tools/arm-none-eabi-gcc-4_6_2/bin/../lib/gcc/arm-none-eabi/4.6.2/armv6-m\libgcc.a(subdf3.o)
 .ARM.attributes
                0x00000d12       0x2c c:/freescale/cw mcu v10.3/cross_tools/arm-none-eabi-gcc-4_6_2/bin/../lib/gcc/arm-none-eabi/4.6.2/armv6-m\libgcc.a(fixdfsi.o)
 .ARM.attributes
                0x00000d3e       0x2c c:/freescale/cw mcu v10.3/cross_tools/arm-none-eabi-gcc-4_6_2/bin/../lib/gcc/arm-none-eabi/4.6.2/armv6-m\libgcc.a(floatsidf.o)
 .ARM.attributes
                0x00000d6a       0x1e c:/freescale/cw mcu v10.3/cross_tools/arm-none-eabi-gcc-4_6_2/bin/../lib/gcc/arm-none-eabi/4.6.2/armv6-m\libgcc.a(_clzsi2.o)
 .ARM.attributes
                0x00000d88       0x31 C:/Freescale/CW MCU v10.3/MCU/ARM_GCC_Support/ewl/lib/armv6-m\librt.a(gcc_ctor_dtor.o)
 .ARM.attributes
                0x00000db9       0x31 C:/Freescale/CW MCU v10.3/MCU/ARM_GCC_Support/ewl/lib/armv6-m\librt.a(ROMCopy.o)
 .ARM.attributes
                0x00000dea       0x31 C:/Freescale/CW MCU v10.3/MCU/ARM_GCC_Support/ewl/lib/armv6-m\librt.a(__arm_eabi_init.o)
 .ARM.attributes
                0x00000e1b       0x31 C:/Freescale/CW MCU v10.3/MCU/ARM_GCC_Support/ewl/lib/armv6-m\librt.a(setjmp.o)
OUTPUT(Hello.elf elf32-littlearm)

.debug_info     0x00000000    0x19a5f
 .debug_info    0x00000000      0x334 ./Sources/Application_c.obj
 .debug_info    0x00000334      0x26e ./Sources/Events_c.obj
 .debug_info    0x000005a2       0x9e ./Sources/ProcessorExpert_c.obj
 .debug_info    0x00000640      0x4e4 ./Sources/Ultrasonico_c.obj
 .debug_info    0x00000b24      0x5a8 ./Sources/mqx_tasks_c.obj
 .debug_info    0x000010cc       0x5c ./Project_Settings/Startup_Code/__arm_end_c.obj
 .debug_info    0x00001128      0x138 ./Project_Settings/Startup_Code/__arm_start_c.obj
 .debug_info    0x00001260      0xad0 ./MQXLITE/psp/cortex_m/int_inst_c.obj
 .debug_info    0x00001d30      0xd99 ./MQXLITE/psp/cortex_m/int_vtab_c.obj
 .debug_info    0x00002ac9      0x141 ./MQXLITE/psp/cortex_m/mem_zero_c.obj
 .debug_info    0x00002c0a       0xdf ./MQXLITE/psp/cortex_m/psp_iinit_c.obj
 .debug_info    0x00002ce9      0xb65 ./MQXLITE/psp/cortex_m/psp_tinm_c.obj
 .debug_info    0x0000384e      0xcb8 ./MQXLITE/psp/cortex_m/sc_irdyq_c.obj
 .debug_info    0x00004506      0x673 ./MQXLITE/psp/cortex_m/stack_bu_c.obj
 .debug_info    0x00004b79      0x446 ./MQXLITE/psp/cortex_m/stack_de_c.obj
 .debug_info    0x00004fbf       0x84 ./MQXLITE/psp/cortex_m/core/M0/boot_S.obj
 .debug_info    0x00005043       0x88 ./MQXLITE/psp/cortex_m/core/M0/dispatch_S.obj
 .debug_info    0x000050cb      0xae3 ./MQXLITE/kernel/idletask_c.obj
 .debug_info    0x00005bae      0xf0d ./MQXLITE/kernel/int_c.obj
 .debug_info    0x00006abb     0x1184 ./MQXLITE/kernel/lwsem_c.obj
 .debug_info    0x00007c3f      0xcb8 ./MQXLITE/kernel/mqx_utils_c.obj
 .debug_info    0x000088f7      0xfa4 ./MQXLITE/kernel/mqxlite_c.obj
 .debug_info    0x0000989b     0x20a9 ./MQXLITE/kernel/task_c.obj
 .debug_info    0x0000b944     0x1171 ./MQXLITE/kernel/time_ticks_c.obj
 .debug_info    0x0000cab5      0x9e8 ./Generated_Code/AS1_c.obj
 .debug_info    0x0000d49d      0x43b ./Generated_Code/BitIoLdd1_c.obj
 .debug_info    0x0000d8d8      0x51f ./Generated_Code/BitIoLdd10_c.obj
 .debug_info    0x0000ddf7      0x511 ./Generated_Code/BitIoLdd2_c.obj
 .debug_info    0x0000e308      0x4db ./Generated_Code/BitIoLdd4_c.obj
 .debug_info    0x0000e7e3      0x511 ./Generated_Code/BitIoLdd5_c.obj
 .debug_info    0x0000ecf4      0x511 ./Generated_Code/BitIoLdd6_c.obj
 .debug_info    0x0000f205      0x51f ./Generated_Code/BitIoLdd7_c.obj
 .debug_info    0x0000f724      0x51f ./Generated_Code/BitIoLdd8_c.obj
 .debug_info    0x0000fc43      0x51f ./Generated_Code/BitIoLdd9_c.obj
 .debug_info    0x00010162      0xbe0 ./Generated_Code/Cpu_c.obj
 .debug_info    0x00010d42      0x252 ./Generated_Code/LED2_c.obj
 .debug_info    0x00010f94      0xe24 ./Generated_Code/MQX1_c.obj
 .debug_info    0x00011db8      0x39c ./Generated_Code/PE_LDD_c.obj
 .debug_info    0x00012154      0x52e ./Generated_Code/PwmLdd1_c.obj
 .debug_info    0x00012682      0x52e ./Generated_Code/PwmLdd2_c.obj
 .debug_info    0x00012bb0      0x327 ./Generated_Code/RxBuf_c.obj
 .debug_info    0x00012ed7      0x920 ./Generated_Code/SS1_c.obj
 .debug_info    0x000137f7      0x65e ./Generated_Code/SystemTimer1_c.obj
 .debug_info    0x00013e55      0x556 ./Generated_Code/TRIG_c.obj
 .debug_info    0x000143ab      0x556 ./Generated_Code/TRIG2_c.obj
 .debug_info    0x00014901      0x8ee ./Generated_Code/TU1_c.obj
 .debug_info    0x000151ef      0x914 ./Generated_Code/TU2_c.obj
 .debug_info    0x00015b03      0x914 ./Generated_Code/TU3_c.obj
 .debug_info    0x00016417     0x135c ./Generated_Code/UTIL1_c.obj
 .debug_info    0x00017773      0x249 ./Generated_Code/Vectors_c.obj
 .debug_info    0x000179bc      0x126 ./Generated_Code/WAIT1_c.obj
 .debug_info    0x00017ae2      0x2a7 ./Generated_Code/task_template_list_c.obj
 .debug_info    0x00017d89      0x103 C:/Freescale/CW MCU v10.3/MCU/ARM_GCC_Support/ewl/lib/armv6-m\libc.a(exit.o)
 .debug_info    0x00017e8c       0xf4 C:/Freescale/CW MCU v10.3/MCU/ARM_GCC_Support/ewl/lib/armv6-m\libc.a(memset.o)
 .debug_info    0x00017f80      0x113 C:/Freescale/CW MCU v10.3/MCU/ARM_GCC_Support/ewl/lib/armv6-m\libc.a(strchr.o)
 .debug_info    0x00018093       0xf4 C:/Freescale/CW MCU v10.3/MCU/ARM_GCC_Support/ewl/lib/armv6-m\libc.a(strlen.o)
 .debug_info    0x00018187      0x512 C:/Freescale/CW MCU v10.3/MCU/ARM_GCC_Support/ewl/lib/armv6-m\libc.a(printformat_.o)
 .debug_info    0x00018699      0x567 C:/Freescale/CW MCU v10.3/MCU/ARM_GCC_Support/ewl/lib/armv6-m\libc.a(scanformat_.o)
 .debug_info    0x00018c00      0x337 C:/Freescale/CW MCU v10.3/MCU/ARM_GCC_Support/ewl/lib/armv6-m\libc.a(ctype_aeabi.o)
 .debug_info    0x00018f37      0x1d7 C:/Freescale/CW MCU v10.3/MCU/ARM_GCC_Support/ewl/lib/armv6-m\libc.a(__strtoul.o)
 .debug_info    0x0001910e      0x13f C:/Freescale/CW MCU v10.3/MCU/ARM_GCC_Support/ewl/lib/armv6-m\libc.a(__filll_mem.o)
 .debug_info    0x0001924d      0x129 C:/Freescale/CW MCU v10.3/MCU/ARM_GCC_Support/ewl/lib/armv6-m\libc.a(memchr.o)
 .debug_info    0x00019376      0x1c0 C:/Freescale/CW MCU v10.3/MCU/ARM_GCC_Support/ewl/lib/armv6-m\librt.a(gcc_ctor_dtor.o)
 .debug_info    0x00019536      0x1b9 C:/Freescale/CW MCU v10.3/MCU/ARM_GCC_Support/ewl/lib/armv6-m\librt.a(ROMCopy.o)
 .debug_info    0x000196ef      0x2d4 C:/Freescale/CW MCU v10.3/MCU/ARM_GCC_Support/ewl/lib/armv6-m\librt.a(__arm_eabi_init.o)
 .debug_info    0x000199c3       0x9c C:/Freescale/CW MCU v10.3/MCU/ARM_GCC_Support/ewl/lib/armv6-m\librt.a(setjmp.o)

.debug_abbrev   0x00000000     0x4abd
 .debug_abbrev  0x00000000      0x111 ./Sources/Application_c.obj
 .debug_abbrev  0x00000111       0xe1 ./Sources/Events_c.obj
 .debug_abbrev  0x000001f2       0x43 ./Sources/ProcessorExpert_c.obj
 .debug_abbrev  0x00000235      0x147 ./Sources/Ultrasonico_c.obj
 .debug_abbrev  0x0000037c      0x195 ./Sources/mqx_tasks_c.obj
 .debug_abbrev  0x00000511       0x50 ./Project_Settings/Startup_Code/__arm_end_c.obj
 .debug_abbrev  0x00000561       0x96 ./Project_Settings/Startup_Code/__arm_start_c.obj
 .debug_abbrev  0x000005f7      0x11b ./MQXLITE/psp/cortex_m/int_inst_c.obj
 .debug_abbrev  0x00000712      0x171 ./MQXLITE/psp/cortex_m/int_vtab_c.obj
 .debug_abbrev  0x00000883       0x7c ./MQXLITE/psp/cortex_m/mem_zero_c.obj
 .debug_abbrev  0x000008ff       0x6e ./MQXLITE/psp/cortex_m/psp_iinit_c.obj
 .debug_abbrev  0x0000096d      0x142 ./MQXLITE/psp/cortex_m/psp_tinm_c.obj
 .debug_abbrev  0x00000aaf      0x17c ./MQXLITE/psp/cortex_m/sc_irdyq_c.obj
 .debug_abbrev  0x00000c2b      0x11a ./MQXLITE/psp/cortex_m/stack_bu_c.obj
 .debug_abbrev  0x00000d45       0xdf ./MQXLITE/psp/cortex_m/stack_de_c.obj
 .debug_abbrev  0x00000e24       0x14 ./MQXLITE/psp/cortex_m/core/M0/boot_S.obj
 .debug_abbrev  0x00000e38       0x14 ./MQXLITE/psp/cortex_m/core/M0/dispatch_S.obj
 .debug_abbrev  0x00000e4c      0x131 ./MQXLITE/kernel/idletask_c.obj
 .debug_abbrev  0x00000f7d      0x194 ./MQXLITE/kernel/int_c.obj
 .debug_abbrev  0x00001111      0x195 ./MQXLITE/kernel/lwsem_c.obj
 .debug_abbrev  0x000012a6      0x191 ./MQXLITE/kernel/mqx_utils_c.obj
 .debug_abbrev  0x00001437      0x1db ./MQXLITE/kernel/mqxlite_c.obj
 .debug_abbrev  0x00001612      0x232 ./MQXLITE/kernel/task_c.obj
 .debug_abbrev  0x00001844      0x1b1 ./MQXLITE/kernel/time_ticks_c.obj
 .debug_abbrev  0x000019f5      0x1c8 ./Generated_Code/AS1_c.obj
 .debug_abbrev  0x00001bbd      0x136 ./Generated_Code/BitIoLdd1_c.obj
 .debug_abbrev  0x00001cf3      0x145 ./Generated_Code/BitIoLdd10_c.obj
 .debug_abbrev  0x00001e38      0x145 ./Generated_Code/BitIoLdd2_c.obj
 .debug_abbrev  0x00001f7d      0x136 ./Generated_Code/BitIoLdd4_c.obj
 .debug_abbrev  0x000020b3      0x145 ./Generated_Code/BitIoLdd5_c.obj
 .debug_abbrev  0x000021f8      0x145 ./Generated_Code/BitIoLdd6_c.obj
 .debug_abbrev  0x0000233d      0x145 ./Generated_Code/BitIoLdd7_c.obj
 .debug_abbrev  0x00002482      0x145 ./Generated_Code/BitIoLdd8_c.obj
 .debug_abbrev  0x000025c7      0x145 ./Generated_Code/BitIoLdd9_c.obj
 .debug_abbrev  0x0000270c      0x15c ./Generated_Code/Cpu_c.obj
 .debug_abbrev  0x00002868       0xce ./Generated_Code/LED2_c.obj
 .debug_abbrev  0x00002936      0x191 ./Generated_Code/MQX1_c.obj
 .debug_abbrev  0x00002ac7      0x11c ./Generated_Code/PE_LDD_c.obj
 .debug_abbrev  0x00002be3      0x13f ./Generated_Code/PwmLdd1_c.obj
 .debug_abbrev  0x00002d22      0x13f ./Generated_Code/PwmLdd2_c.obj
 .debug_abbrev  0x00002e61       0xf4 ./Generated_Code/RxBuf_c.obj
 .debug_abbrev  0x00002f55      0x1b3 ./Generated_Code/SS1_c.obj
 .debug_abbrev  0x00003108      0x1c2 ./Generated_Code/SystemTimer1_c.obj
 .debug_abbrev  0x000032ca      0x172 ./Generated_Code/TRIG_c.obj
 .debug_abbrev  0x0000343c      0x172 ./Generated_Code/TRIG2_c.obj
 .debug_abbrev  0x000035ae      0x1c7 ./Generated_Code/TU1_c.obj
 .debug_abbrev  0x00003775      0x1a0 ./Generated_Code/TU2_c.obj
 .debug_abbrev  0x00003915      0x1a0 ./Generated_Code/TU3_c.obj
 .debug_abbrev  0x00003ab5      0x146 ./Generated_Code/UTIL1_c.obj
 .debug_abbrev  0x00003bfb       0xbd ./Generated_Code/Vectors_c.obj
 .debug_abbrev  0x00003cb8       0xae ./Generated_Code/WAIT1_c.obj
 .debug_abbrev  0x00003d66       0xbd ./Generated_Code/task_template_list_c.obj
 .debug_abbrev  0x00003e23       0x8f C:/Freescale/CW MCU v10.3/MCU/ARM_GCC_Support/ewl/lib/armv6-m\libc.a(exit.o)
 .debug_abbrev  0x00003eb2       0x66 C:/Freescale/CW MCU v10.3/MCU/ARM_GCC_Support/ewl/lib/armv6-m\libc.a(memset.o)
 .debug_abbrev  0x00003f18       0x7e C:/Freescale/CW MCU v10.3/MCU/ARM_GCC_Support/ewl/lib/armv6-m\libc.a(strchr.o)
 .debug_abbrev  0x00003f96       0x7e C:/Freescale/CW MCU v10.3/MCU/ARM_GCC_Support/ewl/lib/armv6-m\libc.a(strlen.o)
 .debug_abbrev  0x00004014      0x204 C:/Freescale/CW MCU v10.3/MCU/ARM_GCC_Support/ewl/lib/armv6-m\libc.a(printformat_.o)
 .debug_abbrev  0x00004218      0x1fb C:/Freescale/CW MCU v10.3/MCU/ARM_GCC_Support/ewl/lib/armv6-m\libc.a(scanformat_.o)
 .debug_abbrev  0x00004413       0xb3 C:/Freescale/CW MCU v10.3/MCU/ARM_GCC_Support/ewl/lib/armv6-m\libc.a(ctype_aeabi.o)
 .debug_abbrev  0x000044c6       0xc6 C:/Freescale/CW MCU v10.3/MCU/ARM_GCC_Support/ewl/lib/armv6-m\libc.a(__strtoul.o)
 .debug_abbrev  0x0000458c       0x7c C:/Freescale/CW MCU v10.3/MCU/ARM_GCC_Support/ewl/lib/armv6-m\libc.a(__filll_mem.o)
 .debug_abbrev  0x00004608       0x99 C:/Freescale/CW MCU v10.3/MCU/ARM_GCC_Support/ewl/lib/armv6-m\libc.a(memchr.o)
 .debug_abbrev  0x000046a1       0x9d C:/Freescale/CW MCU v10.3/MCU/ARM_GCC_Support/ewl/lib/armv6-m\librt.a(gcc_ctor_dtor.o)
 .debug_abbrev  0x0000473e      0x149 C:/Freescale/CW MCU v10.3/MCU/ARM_GCC_Support/ewl/lib/armv6-m\librt.a(ROMCopy.o)
 .debug_abbrev  0x00004887      0x1b7 C:/Freescale/CW MCU v10.3/MCU/ARM_GCC_Support/ewl/lib/armv6-m\librt.a(__arm_eabi_init.o)
 .debug_abbrev  0x00004a3e       0x7f C:/Freescale/CW MCU v10.3/MCU/ARM_GCC_Support/ewl/lib/armv6-m\librt.a(setjmp.o)

.debug_loc      0x00000000     0x7225
 .debug_loc     0x00000000      0x178 ./Sources/Application_c.obj
 .debug_loc     0x00000178      0x1b4 ./Sources/Events_c.obj
 .debug_loc     0x0000032c       0x2c ./Sources/ProcessorExpert_c.obj
 .debug_loc     0x00000358      0x218 ./Sources/Ultrasonico_c.obj
 .debug_loc     0x00000570      0x17c ./Sources/mqx_tasks_c.obj
 .debug_loc     0x000006ec       0x38 ./Project_Settings/Startup_Code/__arm_end_c.obj
 .debug_loc     0x00000724       0x2c ./Project_Settings/Startup_Code/__arm_start_c.obj
 .debug_loc     0x00000750       0x38 ./MQXLITE/psp/cortex_m/int_inst_c.obj
 .debug_loc     0x00000788       0x64 ./MQXLITE/psp/cortex_m/int_vtab_c.obj
 .debug_loc     0x000007ec       0x38 ./MQXLITE/psp/cortex_m/mem_zero_c.obj
 .debug_loc     0x00000824       0x38 ./MQXLITE/psp/cortex_m/psp_iinit_c.obj
 .debug_loc     0x0000085c       0x44 ./MQXLITE/psp/cortex_m/psp_tinm_c.obj
 .debug_loc     0x000008a0       0x70 ./MQXLITE/psp/cortex_m/sc_irdyq_c.obj
 .debug_loc     0x00000910       0x38 ./MQXLITE/psp/cortex_m/stack_bu_c.obj
 .debug_loc     0x00000948       0x38 ./MQXLITE/psp/cortex_m/stack_de_c.obj
 .debug_loc     0x00000980       0x38 ./MQXLITE/kernel/idletask_c.obj
 .debug_loc     0x000009b8      0x348 ./MQXLITE/kernel/int_c.obj
 .debug_loc     0x00000d00      0x2d8 ./MQXLITE/kernel/lwsem_c.obj
 .debug_loc     0x00000fd8      0x1f8 ./MQXLITE/kernel/mqx_utils_c.obj
 .debug_loc     0x000011d0       0xa8 ./MQXLITE/kernel/mqxlite_c.obj
 .debug_loc     0x00001278      0x937 ./MQXLITE/kernel/task_c.obj
 .debug_loc     0x00001baf      0x424 ./MQXLITE/kernel/time_ticks_c.obj
 .debug_loc     0x00001fd3      0x1f8 ./Generated_Code/AS1_c.obj
 .debug_loc     0x000021cb       0x70 ./Generated_Code/BitIoLdd1_c.obj
 .debug_loc     0x0000223b      0x150 ./Generated_Code/BitIoLdd10_c.obj
 .debug_loc     0x0000238b      0x150 ./Generated_Code/BitIoLdd2_c.obj
 .debug_loc     0x000024db      0x118 ./Generated_Code/BitIoLdd4_c.obj
 .debug_loc     0x000025f3      0x150 ./Generated_Code/BitIoLdd5_c.obj
 .debug_loc     0x00002743      0x150 ./Generated_Code/BitIoLdd6_c.obj
 .debug_loc     0x00002893      0x150 ./Generated_Code/BitIoLdd7_c.obj
 .debug_loc     0x000029e3      0x150 ./Generated_Code/BitIoLdd8_c.obj
 .debug_loc     0x00002b33      0x150 ./Generated_Code/BitIoLdd9_c.obj
 .debug_loc     0x00002c83       0xb0 ./Generated_Code/Cpu_c.obj
 .debug_loc     0x00002d33       0x64 ./Generated_Code/LED2_c.obj
 .debug_loc     0x00002d97       0x70 ./Generated_Code/MQX1_c.obj
 .debug_loc     0x00002e07       0x9c ./Generated_Code/PE_LDD_c.obj
 .debug_loc     0x00002ea3      0x1f8 ./Generated_Code/PwmLdd1_c.obj
 .debug_loc     0x0000309b      0x1f8 ./Generated_Code/PwmLdd2_c.obj
 .debug_loc     0x00003293      0x120 ./Generated_Code/RxBuf_c.obj
 .debug_loc     0x000033b3      0x188 ./Generated_Code/SS1_c.obj
 .debug_loc     0x0000353b      0x1f8 ./Generated_Code/SystemTimer1_c.obj
 .debug_loc     0x00003733      0x188 ./Generated_Code/TRIG_c.obj
 .debug_loc     0x000038bb      0x188 ./Generated_Code/TRIG2_c.obj
 .debug_loc     0x00003a43      0x118 ./Generated_Code/TU1_c.obj
 .debug_loc     0x00003b5b      0x230 ./Generated_Code/TU2_c.obj
 .debug_loc     0x00003d8b      0x230 ./Generated_Code/TU3_c.obj
 .debug_loc     0x00003fbb      0x9d8 ./Generated_Code/UTIL1_c.obj
 .debug_loc     0x00004993       0xd4 ./Generated_Code/WAIT1_c.obj
 .debug_loc     0x00004a67       0x3e C:/Freescale/CW MCU v10.3/MCU/ARM_GCC_Support/ewl/lib/armv6-m\libc.a(exit.o)
 .debug_loc     0x00004aa5       0x6f C:/Freescale/CW MCU v10.3/MCU/ARM_GCC_Support/ewl/lib/armv6-m\libc.a(memset.o)
 .debug_loc     0x00004b14       0xab C:/Freescale/CW MCU v10.3/MCU/ARM_GCC_Support/ewl/lib/armv6-m\libc.a(strchr.o)
 .debug_loc     0x00004bbf       0x51 C:/Freescale/CW MCU v10.3/MCU/ARM_GCC_Support/ewl/lib/armv6-m\libc.a(strlen.o)
 .debug_loc     0x00004c10     0x1072 C:/Freescale/CW MCU v10.3/MCU/ARM_GCC_Support/ewl/lib/armv6-m\libc.a(printformat_.o)
 .debug_loc     0x00005c82      0xb25 C:/Freescale/CW MCU v10.3/MCU/ARM_GCC_Support/ewl/lib/armv6-m\libc.a(scanformat_.o)
 .debug_loc     0x000067a7      0x2f7 C:/Freescale/CW MCU v10.3/MCU/ARM_GCC_Support/ewl/lib/armv6-m\libc.a(ctype_aeabi.o)
 .debug_loc     0x00006a9e      0x274 C:/Freescale/CW MCU v10.3/MCU/ARM_GCC_Support/ewl/lib/armv6-m\libc.a(__strtoul.o)
 .debug_loc     0x00006d12      0x16b C:/Freescale/CW MCU v10.3/MCU/ARM_GCC_Support/ewl/lib/armv6-m\libc.a(__filll_mem.o)
 .debug_loc     0x00006e7d       0x82 C:/Freescale/CW MCU v10.3/MCU/ARM_GCC_Support/ewl/lib/armv6-m\libc.a(memchr.o)
 .debug_loc     0x00006eff       0xbe C:/Freescale/CW MCU v10.3/MCU/ARM_GCC_Support/ewl/lib/armv6-m\librt.a(gcc_ctor_dtor.o)
 .debug_loc     0x00006fbd       0xbb C:/Freescale/CW MCU v10.3/MCU/ARM_GCC_Support/ewl/lib/armv6-m\librt.a(ROMCopy.o)
 .debug_loc     0x00007078      0x19a C:/Freescale/CW MCU v10.3/MCU/ARM_GCC_Support/ewl/lib/armv6-m\librt.a(__arm_eabi_init.o)
 .debug_loc     0x00007212       0x13 C:/Freescale/CW MCU v10.3/MCU/ARM_GCC_Support/ewl/lib/armv6-m\librt.a(setjmp.o)

.debug_aranges  0x00000000     0x1230
 .debug_aranges
                0x00000000       0x58 ./Sources/Application_c.obj
 .debug_aranges
                0x00000058       0x58 ./Sources/Events_c.obj
 .debug_aranges
                0x000000b0       0x20 ./Sources/ProcessorExpert_c.obj
 .debug_aranges
                0x000000d0       0x68 ./Sources/Ultrasonico_c.obj
 .debug_aranges
                0x00000138       0x50 ./Sources/mqx_tasks_c.obj
 .debug_aranges
                0x00000188       0x20 ./Project_Settings/Startup_Code/__arm_end_c.obj
 .debug_aranges
                0x000001a8       0x30 ./Project_Settings/Startup_Code/__arm_start_c.obj
 .debug_aranges
                0x000001d8       0x20 ./MQXLITE/psp/cortex_m/int_inst_c.obj
 .debug_aranges
                0x000001f8       0x28 ./MQXLITE/psp/cortex_m/int_vtab_c.obj
 .debug_aranges
                0x00000220       0x20 ./MQXLITE/psp/cortex_m/mem_zero_c.obj
 .debug_aranges
                0x00000240       0x20 ./MQXLITE/psp/cortex_m/psp_iinit_c.obj
 .debug_aranges
                0x00000260       0x20 ./MQXLITE/psp/cortex_m/psp_tinm_c.obj
 .debug_aranges
                0x00000280       0x28 ./MQXLITE/psp/cortex_m/sc_irdyq_c.obj
 .debug_aranges
                0x000002a8       0x20 ./MQXLITE/psp/cortex_m/stack_bu_c.obj
 .debug_aranges
                0x000002c8       0x20 ./MQXLITE/psp/cortex_m/stack_de_c.obj
 .debug_aranges
                0x000002e8       0x20 ./MQXLITE/psp/cortex_m/core/M0/boot_S.obj
 .debug_aranges
                0x00000308       0x20 ./MQXLITE/psp/cortex_m/core/M0/dispatch_S.obj
 .debug_aranges
                0x00000328       0x20 ./MQXLITE/kernel/idletask_c.obj
 .debug_aranges
                0x00000348       0x90 ./MQXLITE/kernel/int_c.obj
 .debug_aranges
                0x000003d8       0x80 ./MQXLITE/kernel/lwsem_c.obj
 .debug_aranges
                0x00000458       0x60 ./MQXLITE/kernel/mqx_utils_c.obj
 .debug_aranges
                0x000004b8       0x30 ./MQXLITE/kernel/mqxlite_c.obj
 .debug_aranges
                0x000004e8      0x170 ./MQXLITE/kernel/task_c.obj
 .debug_aranges
                0x00000658       0xb8 ./MQXLITE/kernel/time_ticks_c.obj
 .debug_aranges
                0x00000710       0x60 ./Generated_Code/AS1_c.obj
 .debug_aranges
                0x00000770       0x28 ./Generated_Code/BitIoLdd1_c.obj
 .debug_aranges
                0x00000798       0x48 ./Generated_Code/BitIoLdd10_c.obj
 .debug_aranges
                0x000007e0       0x48 ./Generated_Code/BitIoLdd2_c.obj
 .debug_aranges
                0x00000828       0x40 ./Generated_Code/BitIoLdd4_c.obj
 .debug_aranges
                0x00000868       0x48 ./Generated_Code/BitIoLdd5_c.obj
 .debug_aranges
                0x000008b0       0x48 ./Generated_Code/BitIoLdd6_c.obj
 .debug_aranges
                0x000008f8       0x48 ./Generated_Code/BitIoLdd7_c.obj
 .debug_aranges
                0x00000940       0x48 ./Generated_Code/BitIoLdd8_c.obj
 .debug_aranges
                0x00000988       0x48 ./Generated_Code/BitIoLdd9_c.obj
 .debug_aranges
                0x000009d0       0x38 ./Generated_Code/Cpu_c.obj
 .debug_aranges
                0x00000a08       0x28 ./Generated_Code/LED2_c.obj
 .debug_aranges
                0x00000a30       0x28 ./Generated_Code/MQX1_c.obj
 .debug_aranges
                0x00000a58       0x30 ./Generated_Code/PE_LDD_c.obj
 .debug_aranges
                0x00000a88       0x60 ./Generated_Code/PwmLdd1_c.obj
 .debug_aranges
                0x00000ae8       0x60 ./Generated_Code/PwmLdd2_c.obj
 .debug_aranges
                0x00000b48       0x48 ./Generated_Code/RxBuf_c.obj
 .debug_aranges
                0x00000b90       0x50 ./Generated_Code/SS1_c.obj
 .debug_aranges
                0x00000be0       0x60 ./Generated_Code/SystemTimer1_c.obj
 .debug_aranges
                0x00000c40       0x50 ./Generated_Code/TRIG_c.obj
 .debug_aranges
                0x00000c90       0x50 ./Generated_Code/TRIG2_c.obj
 .debug_aranges
                0x00000ce0       0x40 ./Generated_Code/TU1_c.obj
 .debug_aranges
                0x00000d20       0x68 ./Generated_Code/TU2_c.obj
 .debug_aranges
                0x00000d88       0x68 ./Generated_Code/TU3_c.obj
 .debug_aranges
                0x00000df0      0x180 ./Generated_Code/UTIL1_c.obj
 .debug_aranges
                0x00000f70       0x38 ./Generated_Code/WAIT1_c.obj
 .debug_aranges
                0x00000fa8       0x20 C:/Freescale/CW MCU v10.3/MCU/ARM_GCC_Support/ewl/lib/armv6-m\libc.a(exit.o)
 .debug_aranges
                0x00000fc8       0x20 C:/Freescale/CW MCU v10.3/MCU/ARM_GCC_Support/ewl/lib/armv6-m\libc.a(memset.o)
 .debug_aranges
                0x00000fe8       0x20 C:/Freescale/CW MCU v10.3/MCU/ARM_GCC_Support/ewl/lib/armv6-m\libc.a(strchr.o)
 .debug_aranges
                0x00001008       0x20 C:/Freescale/CW MCU v10.3/MCU/ARM_GCC_Support/ewl/lib/armv6-m\libc.a(strlen.o)
 .debug_aranges
                0x00001028       0x28 C:/Freescale/CW MCU v10.3/MCU/ARM_GCC_Support/ewl/lib/armv6-m\libc.a(printformat_.o)
 .debug_aranges
                0x00001050       0x20 C:/Freescale/CW MCU v10.3/MCU/ARM_GCC_Support/ewl/lib/armv6-m\libc.a(scanformat_.o)
 .debug_aranges
                0x00001070       0x88 C:/Freescale/CW MCU v10.3/MCU/ARM_GCC_Support/ewl/lib/armv6-m\libc.a(ctype_aeabi.o)
 .debug_aranges
                0x000010f8       0x20 C:/Freescale/CW MCU v10.3/MCU/ARM_GCC_Support/ewl/lib/armv6-m\libc.a(__strtoul.o)
 .debug_aranges
                0x00001118       0x20 C:/Freescale/CW MCU v10.3/MCU/ARM_GCC_Support/ewl/lib/armv6-m\libc.a(__filll_mem.o)
 .debug_aranges
                0x00001138       0x20 C:/Freescale/CW MCU v10.3/MCU/ARM_GCC_Support/ewl/lib/armv6-m\libc.a(memchr.o)
 .debug_aranges
                0x00001158       0x28 C:/Freescale/CW MCU v10.3/MCU/ARM_GCC_Support/ewl/lib/armv6-m\librt.a(gcc_ctor_dtor.o)
 .debug_aranges
                0x00001180       0x30 C:/Freescale/CW MCU v10.3/MCU/ARM_GCC_Support/ewl/lib/armv6-m\librt.a(ROMCopy.o)
 .debug_aranges
                0x000011b0       0x58 C:/Freescale/CW MCU v10.3/MCU/ARM_GCC_Support/ewl/lib/armv6-m\librt.a(__arm_eabi_init.o)
 .debug_aranges
                0x00001208       0x28 C:/Freescale/CW MCU v10.3/MCU/ARM_GCC_Support/ewl/lib/armv6-m\librt.a(setjmp.o)

.debug_line     0x00000000    0x18845
 .debug_line    0x00000000      0x73c ./Sources/Application_c.obj
 .debug_line    0x0000073c      0x717 ./Sources/Events_c.obj
 .debug_line    0x00000e53      0x699 ./Sources/ProcessorExpert_c.obj
 .debug_line    0x000014ec      0x74b ./Sources/Ultrasonico_c.obj
 .debug_line    0x00001c37      0x770 ./Sources/mqx_tasks_c.obj
 .debug_line    0x000023a7      0x26a ./Project_Settings/Startup_Code/__arm_end_c.obj
 .debug_line    0x00002611      0x29f ./Project_Settings/Startup_Code/__arm_start_c.obj
 .debug_line    0x000028b0      0x71b ./MQXLITE/psp/cortex_m/int_inst_c.obj
 .debug_line    0x00002fcb      0x72e ./MQXLITE/psp/cortex_m/int_vtab_c.obj
 .debug_line    0x000036f9      0x7a0 ./MQXLITE/psp/cortex_m/mem_zero_c.obj
 .debug_line    0x00003e99      0x71c ./MQXLITE/psp/cortex_m/psp_iinit_c.obj
 .debug_line    0x000045b5      0x71d ./MQXLITE/psp/cortex_m/psp_tinm_c.obj
 .debug_line    0x00004cd2      0x775 ./MQXLITE/psp/cortex_m/sc_irdyq_c.obj
 .debug_line    0x00005447      0x726 ./MQXLITE/psp/cortex_m/stack_bu_c.obj
 .debug_line    0x00005b6d      0x717 ./MQXLITE/psp/cortex_m/stack_de_c.obj
 .debug_line    0x00006284       0x63 ./MQXLITE/psp/cortex_m/core/M0/boot_S.obj
 .debug_line    0x000062e7      0x15d ./MQXLITE/psp/cortex_m/core/M0/dispatch_S.obj
 .debug_line    0x00006444      0x718 ./MQXLITE/kernel/idletask_c.obj
 .debug_line    0x00006b5c      0x8e3 ./MQXLITE/kernel/int_c.obj
 .debug_line    0x0000743f      0x9d8 ./MQXLITE/kernel/lwsem_c.obj
 .debug_line    0x00007e17      0x807 ./MQXLITE/kernel/mqx_utils_c.obj
 .debug_line    0x0000861e      0x7c3 ./MQXLITE/kernel/mqxlite_c.obj
 .debug_line    0x00008de1      0xcfd ./MQXLITE/kernel/task_c.obj
 .debug_line    0x00009ade      0xaac ./MQXLITE/kernel/time_ticks_c.obj
 .debug_line    0x0000a58a      0x9a9 ./Generated_Code/AS1_c.obj
 .debug_line    0x0000af33      0x68a ./Generated_Code/BitIoLdd1_c.obj
 .debug_line    0x0000b5bd      0x6da ./Generated_Code/BitIoLdd10_c.obj
 .debug_line    0x0000bc97      0x6d5 ./Generated_Code/BitIoLdd2_c.obj
 .debug_line    0x0000c36c      0x6c2 ./Generated_Code/BitIoLdd4_c.obj
 .debug_line    0x0000ca2e      0x6d6 ./Generated_Code/BitIoLdd5_c.obj
 .debug_line    0x0000d104      0x6d6 ./Generated_Code/BitIoLdd6_c.obj
 .debug_line    0x0000d7da      0x6da ./Generated_Code/BitIoLdd7_c.obj
 .debug_line    0x0000deb4      0x6da ./Generated_Code/BitIoLdd8_c.obj
 .debug_line    0x0000e58e      0x6d9 ./Generated_Code/BitIoLdd9_c.obj
 .debug_line    0x0000ec67      0x93b ./Generated_Code/Cpu_c.obj
 .debug_line    0x0000f5a2      0x680 ./Generated_Code/LED2_c.obj
 .debug_line    0x0000fc22      0x8d1 ./Generated_Code/MQX1_c.obj
 .debug_line    0x000104f3      0x6a4 ./Generated_Code/PE_LDD_c.obj
 .debug_line    0x00010b97      0x730 ./Generated_Code/PwmLdd1_c.obj
 .debug_line    0x000112c7      0x730 ./Generated_Code/PwmLdd2_c.obj
 .debug_line    0x000119f7      0x70a ./Generated_Code/RxBuf_c.obj
 .debug_line    0x00012101      0x761 ./Generated_Code/SS1_c.obj
 .debug_line    0x00012862      0x721 ./Generated_Code/SystemTimer1_c.obj
 .debug_line    0x00012f83      0x6e7 ./Generated_Code/TRIG_c.obj
 .debug_line    0x0001366a      0x6e8 ./Generated_Code/TRIG2_c.obj
 .debug_line    0x00013d52      0x740 ./Generated_Code/TU1_c.obj
 .debug_line    0x00014492      0x763 ./Generated_Code/TU2_c.obj
 .debug_line    0x00014bf5      0x763 ./Generated_Code/TU3_c.obj
 .debug_line    0x00015358      0xe0a ./Generated_Code/UTIL1_c.obj
 .debug_line    0x00016162      0x8ba ./Generated_Code/Vectors_c.obj
 .debug_line    0x00016a1c      0x6c5 ./Generated_Code/WAIT1_c.obj
 .debug_line    0x000170e1      0x6c8 ./Generated_Code/task_template_list_c.obj
 .debug_line    0x000177a9       0x8d C:/Freescale/CW MCU v10.3/MCU/ARM_GCC_Support/ewl/lib/armv6-m\libc.a(exit.o)
 .debug_line    0x00017836       0x90 C:/Freescale/CW MCU v10.3/MCU/ARM_GCC_Support/ewl/lib/armv6-m\libc.a(memset.o)
 .debug_line    0x000178c6       0x84 C:/Freescale/CW MCU v10.3/MCU/ARM_GCC_Support/ewl/lib/armv6-m\libc.a(strchr.o)
 .debug_line    0x0001794a       0x9b C:/Freescale/CW MCU v10.3/MCU/ARM_GCC_Support/ewl/lib/armv6-m\libc.a(strlen.o)
 .debug_line    0x000179e5      0x2d2 C:/Freescale/CW MCU v10.3/MCU/ARM_GCC_Support/ewl/lib/armv6-m\libc.a(printformat_.o)
 .debug_line    0x00017cb7      0x32b C:/Freescale/CW MCU v10.3/MCU/ARM_GCC_Support/ewl/lib/armv6-m\libc.a(scanformat_.o)
 .debug_line    0x00017fe2      0x21d C:/Freescale/CW MCU v10.3/MCU/ARM_GCC_Support/ewl/lib/armv6-m\libc.a(ctype_aeabi.o)
 .debug_line    0x000181ff      0x147 C:/Freescale/CW MCU v10.3/MCU/ARM_GCC_Support/ewl/lib/armv6-m\libc.a(__strtoul.o)
 .debug_line    0x00018346      0x140 C:/Freescale/CW MCU v10.3/MCU/ARM_GCC_Support/ewl/lib/armv6-m\libc.a(__filll_mem.o)
 .debug_line    0x00018486       0xa3 C:/Freescale/CW MCU v10.3/MCU/ARM_GCC_Support/ewl/lib/armv6-m\libc.a(memchr.o)
 .debug_line    0x00018529       0x9d C:/Freescale/CW MCU v10.3/MCU/ARM_GCC_Support/ewl/lib/armv6-m\librt.a(gcc_ctor_dtor.o)
 .debug_line    0x000185c6       0xce C:/Freescale/CW MCU v10.3/MCU/ARM_GCC_Support/ewl/lib/armv6-m\librt.a(ROMCopy.o)
 .debug_line    0x00018694      0x119 C:/Freescale/CW MCU v10.3/MCU/ARM_GCC_Support/ewl/lib/armv6-m\librt.a(__arm_eabi_init.o)
 .debug_line    0x000187ad       0x98 C:/Freescale/CW MCU v10.3/MCU/ARM_GCC_Support/ewl/lib/armv6-m\librt.a(setjmp.o)

.debug_macinfo  0x00000000   0xbfea51
 .debug_macinfo
                0x00000000    0x3f946 ./Sources/Application_c.obj
 .debug_macinfo
                0x0003f946    0x3fa0d ./Sources/Events_c.obj
 .debug_macinfo
                0x0007f353    0x3f9fb ./Sources/ProcessorExpert_c.obj
 .debug_macinfo
                0x000bed4e    0x3f930 ./Sources/Ultrasonico_c.obj
 .debug_macinfo
                0x000fe67e    0x3fa0d ./Sources/mqx_tasks_c.obj
 .debug_macinfo
                0x0013e08b     0x3263 ./Project_Settings/Startup_Code/__arm_end_c.obj
 .debug_macinfo
                0x001412ee     0x3c7a ./Project_Settings/Startup_Code/__arm_start_c.obj
 .debug_macinfo
                0x00144f68    0x403c2 ./MQXLITE/psp/cortex_m/int_inst_c.obj
 .debug_macinfo
                0x0018532a    0x403c2 ./MQXLITE/psp/cortex_m/int_vtab_c.obj
 .debug_macinfo
                0x001c56ec    0x403c2 ./MQXLITE/psp/cortex_m/mem_zero_c.obj
 .debug_macinfo
                0x00205aae    0x403c2 ./MQXLITE/psp/cortex_m/psp_iinit_c.obj
 .debug_macinfo
                0x00245e70    0x403c2 ./MQXLITE/psp/cortex_m/psp_tinm_c.obj
 .debug_macinfo
                0x00286232    0x403c2 ./MQXLITE/psp/cortex_m/sc_irdyq_c.obj
 .debug_macinfo
                0x002c65f4    0x403c2 ./MQXLITE/psp/cortex_m/stack_bu_c.obj
 .debug_macinfo
                0x003069b6    0x403c2 ./MQXLITE/psp/cortex_m/stack_de_c.obj
 .debug_macinfo
                0x00346d78    0x403c2 ./MQXLITE/kernel/idletask_c.obj
 .debug_macinfo
                0x0038713a    0x403c2 ./MQXLITE/kernel/int_c.obj
 .debug_macinfo
                0x003c74fc    0x403c2 ./MQXLITE/kernel/lwsem_c.obj
 .debug_macinfo
                0x004078be    0x4044e ./MQXLITE/kernel/mqx_utils_c.obj
 .debug_macinfo
                0x00447d0c    0x4044e ./MQXLITE/kernel/mqxlite_c.obj
 .debug_macinfo
                0x0048815a    0x403bf ./MQXLITE/kernel/task_c.obj
 .debug_macinfo
                0x004c8519    0x40414 ./MQXLITE/kernel/time_ticks_c.obj
 .debug_macinfo
                0x0050892d    0x41432 ./Generated_Code/AS1_c.obj
 .debug_macinfo
                0x00549d5f    0x3f90a ./Generated_Code/BitIoLdd1_c.obj
 .debug_macinfo
                0x00589669    0x3f90a ./Generated_Code/BitIoLdd10_c.obj
 .debug_macinfo
                0x005c8f73    0x3f90a ./Generated_Code/BitIoLdd2_c.obj
 .debug_macinfo
                0x0060887d    0x3f90a ./Generated_Code/BitIoLdd4_c.obj
 .debug_macinfo
                0x00648187    0x3f90a ./Generated_Code/BitIoLdd5_c.obj
 .debug_macinfo
                0x00687a91    0x3f90a ./Generated_Code/BitIoLdd6_c.obj
 .debug_macinfo
                0x006c739b    0x3f90a ./Generated_Code/BitIoLdd7_c.obj
 .debug_macinfo
                0x00706ca5    0x3f90a ./Generated_Code/BitIoLdd8_c.obj
 .debug_macinfo
                0x007465af    0x3f90a ./Generated_Code/BitIoLdd9_c.obj
 .debug_macinfo
                0x00785eb9    0x3f9eb ./Generated_Code/Cpu_c.obj
 .debug_macinfo
                0x007c58a4    0x3f914 ./Generated_Code/LED2_c.obj
 .debug_macinfo
                0x008051b8    0x3fa74 ./Generated_Code/MQX1_c.obj
 .debug_macinfo
                0x00844c2c    0x3f8c4 ./Generated_Code/PE_LDD_c.obj
 .debug_macinfo
                0x008844f0    0x3f91a ./Generated_Code/PwmLdd1_c.obj
 .debug_macinfo
                0x008c3e0a    0x3f91a ./Generated_Code/PwmLdd2_c.obj
 .debug_macinfo
                0x00903724    0x3f90a ./Generated_Code/RxBuf_c.obj
 .debug_macinfo
                0x0094302e    0x3fa97 ./Generated_Code/SS1_c.obj
 .debug_macinfo
                0x00982ac5    0x3f95a ./Generated_Code/SystemTimer1_c.obj
 .debug_macinfo
                0x009c241f    0x3f90a ./Generated_Code/TRIG_c.obj
 .debug_macinfo
                0x00a01d29    0x3f90a ./Generated_Code/TRIG2_c.obj
 .debug_macinfo
                0x00a41633    0x3fab1 ./Generated_Code/TU1_c.obj
 .debug_macinfo
                0x00a810e4    0x3f956 ./Generated_Code/TU2_c.obj
 .debug_macinfo
                0x00ac0a3a    0x3f956 ./Generated_Code/TU3_c.obj
 .debug_macinfo
                0x00b00390    0x3f9d6 ./Generated_Code/UTIL1_c.obj
 .debug_macinfo
                0x00b3fd66    0x3f9e7 ./Generated_Code/Vectors_c.obj
 .debug_macinfo
                0x00b7f74d    0x3f90a ./Generated_Code/WAIT1_c.obj
 .debug_macinfo
                0x00bbf057    0x3f9fa ./Generated_Code/task_template_list_c.obj

.debug_str      0x00000000     0x48db
 .debug_str     0x00000000      0x3c2 ./Sources/Application_c.obj
                                0x408 (size before relaxing)
 .debug_str     0x000003c2       0xf1 ./Sources/Events_c.obj
                                0x231 (size before relaxing)
 .debug_str     0x000004b3       0x22 ./Sources/ProcessorExpert_c.obj
                                0x14b (size before relaxing)
 .debug_str     0x000004d5      0x1a0 ./Sources/Ultrasonico_c.obj
                                0x547 (size before relaxing)
 .debug_str     0x00000675       0xf5 ./Sources/mqx_tasks_c.obj
                                0x51f (size before relaxing)
 .debug_str     0x0000076a       0x76 ./Project_Settings/Startup_Code/__arm_end_c.obj
                                 0xd5 (size before relaxing)
 .debug_str     0x000007e0       0x85 ./Project_Settings/Startup_Code/__arm_start_c.obj
                                0x195 (size before relaxing)
 .debug_str     0x00000865      0x850 ./MQXLITE/psp/cortex_m/int_inst_c.obj
                                0xa91 (size before relaxing)
 .debug_str     0x000010b5      0x178 ./MQXLITE/psp/cortex_m/int_vtab_c.obj
                                0xbda (size before relaxing)
 .debug_str     0x0000122d       0x8f ./MQXLITE/psp/cortex_m/mem_zero_c.obj
                                0x1d2 (size before relaxing)
 .debug_str     0x000012bc       0x6b ./MQXLITE/psp/cortex_m/psp_iinit_c.obj
                                0x1ac (size before relaxing)
 .debug_str     0x00001327       0x64 ./MQXLITE/psp/cortex_m/psp_tinm_c.obj
                                0xad9 (size before relaxing)
 .debug_str     0x0000138b      0x13b ./MQXLITE/psp/cortex_m/sc_irdyq_c.obj
                                0xbaf (size before relaxing)
 .debug_str     0x000014c6      0x144 ./MQXLITE/psp/cortex_m/stack_bu_c.obj
                                0x586 (size before relaxing)
 .debug_str     0x0000160a       0x3c ./MQXLITE/psp/cortex_m/stack_de_c.obj
                                0x43b (size before relaxing)
 .debug_str     0x00001646       0x2c ./MQXLITE/kernel/idletask_c.obj
                                0xa93 (size before relaxing)
 .debug_str     0x00001672      0x1d5 ./MQXLITE/kernel/int_c.obj
                                0xccd (size before relaxing)
 .debug_str     0x00001847      0x17f ./MQXLITE/kernel/lwsem_c.obj
                                0xc75 (size before relaxing)
 .debug_str     0x000019c6       0xfb ./MQXLITE/kernel/mqx_utils_c.obj
                                0xbe8 (size before relaxing)
 .debug_str     0x00001ac1      0x1df ./MQXLITE/kernel/mqxlite_c.obj
                                0xee4 (size before relaxing)
 .debug_str     0x00001ca0      0x639 ./MQXLITE/kernel/task_c.obj
                               0x14de (size before relaxing)
 .debug_str     0x000022d9      0x226 ./MQXLITE/kernel/time_ticks_c.obj
                                0xd6b (size before relaxing)
 .debug_str     0x000024ff      0x2c2 ./Generated_Code/AS1_c.obj
                                0x70c (size before relaxing)
 .debug_str     0x000027c1       0xa8 ./Generated_Code/BitIoLdd1_c.obj
                                0x4ea (size before relaxing)
 .debug_str     0x00002869       0xc8 ./Generated_Code/BitIoLdd10_c.obj
                                0x54d (size before relaxing)
 .debug_str     0x00002931       0xb1 ./Generated_Code/BitIoLdd2_c.obj
                                0x544 (size before relaxing)
 .debug_str     0x000029e2       0xa0 ./Generated_Code/BitIoLdd4_c.obj
                                0x533 (size before relaxing)
 .debug_str     0x00002a82       0xb1 ./Generated_Code/BitIoLdd5_c.obj
                                0x544 (size before relaxing)
 .debug_str     0x00002b33       0xb1 ./Generated_Code/BitIoLdd6_c.obj
                                0x544 (size before relaxing)