   1              		.cpu cortex-m0
   2              		.fpu softvfp
   3              		.eabi_attribute 20, 1
   4              		.eabi_attribute 21, 1
   5              		.eabi_attribute 23, 3
   6              		.eabi_attribute 24, 1
   7              		.eabi_attribute 25, 1
   8              		.eabi_attribute 26, 1
   9              		.eabi_attribute 30, 6
  10              		.eabi_attribute 34, 0
  11              		.eabi_attribute 18, 4
  12              		.code	16
  13              		.file	"ProcessorExpert.c"
  14              		.text
  15              	.Ltext0:
  16              		.cfi_sections	.debug_frame
  17              		.section	.text.main,"ax",%progbits
  18              		.align	2
  19              		.global	main
  20              		.code	16
  21              		.thumb_func
  23              	main:
  24              	.LFB0:
  25              		.file 1 "../Sources/ProcessorExpert.c"
   1:../Sources/ProcessorExpert.c **** /** ###################################################################
   2:../Sources/ProcessorExpert.c **** **     Filename    : ProcessorExpert.c
   3:../Sources/ProcessorExpert.c **** **     Project     : ProcessorExpert
   4:../Sources/ProcessorExpert.c **** **     Processor   : MKL25Z128VLK4
   5:../Sources/ProcessorExpert.c **** **     Version     : Driver 01.01
   6:../Sources/ProcessorExpert.c **** **     Compiler    : GNU C Compiler
   7:../Sources/ProcessorExpert.c **** **     Date/Time   : 2013-07-11, 11:30, # CodeGen: 0
   8:../Sources/ProcessorExpert.c **** **     Abstract    :
   9:../Sources/ProcessorExpert.c **** **         Main module.
  10:../Sources/ProcessorExpert.c **** **         This module contains user's application code.
  11:../Sources/ProcessorExpert.c **** **     Settings    :
  12:../Sources/ProcessorExpert.c **** **     Contents    :
  13:../Sources/ProcessorExpert.c **** **         No public methods
  14:../Sources/ProcessorExpert.c **** **
  15:../Sources/ProcessorExpert.c **** ** ###################################################################*/
  16:../Sources/ProcessorExpert.c **** /* MODULE ProcessorExpert */
  17:../Sources/ProcessorExpert.c **** 
  18:../Sources/ProcessorExpert.c **** 
  19:../Sources/ProcessorExpert.c **** /* Including needed modules to compile this module/procedure */
  20:../Sources/ProcessorExpert.c **** #include "Cpu.h"
  21:../Sources/ProcessorExpert.c **** #include "Events.h"
  22:../Sources/ProcessorExpert.c **** #include "mqx_tasks.h"
  23:../Sources/ProcessorExpert.c **** #include "AS1.h"
  24:../Sources/ProcessorExpert.c **** #include "RxBuf.h"
  25:../Sources/ProcessorExpert.c **** #include "Bit1.h"
  26:../Sources/ProcessorExpert.c **** #include "BitIoLdd1.h"
  27:../Sources/ProcessorExpert.c **** #include "TRIG.h"
  28:../Sources/ProcessorExpert.c **** #include "TU1.h"
  29:../Sources/ProcessorExpert.c **** #include "WAIT1.h"
  30:../Sources/ProcessorExpert.c **** #include "UTIL1.h"
  31:../Sources/ProcessorExpert.c **** #include "LED1.h"
  32:../Sources/ProcessorExpert.c **** #include "LEDpin1.h"
  33:../Sources/ProcessorExpert.c **** #include "BitIoLdd2.h"
  34:../Sources/ProcessorExpert.c **** #include "TU2.h"
  35:../Sources/ProcessorExpert.c **** #include "LED2.h"
  36:../Sources/ProcessorExpert.c **** #include "Inhr1.h"
  37:../Sources/ProcessorExpert.c **** #include "PwmLdd1.h"
  38:../Sources/ProcessorExpert.c **** #include "TU3.h"
  39:../Sources/ProcessorExpert.c **** #include "LED3.h"
  40:../Sources/ProcessorExpert.c **** #include "LEDpin3.h"
  41:../Sources/ProcessorExpert.c **** #include "BitIoLdd4.h"
  42:../Sources/ProcessorExpert.c **** #include "Inhr2.h"
  43:../Sources/ProcessorExpert.c **** #include "PwmLdd2.h"
  44:../Sources/ProcessorExpert.c **** #include "MF01.h"
  45:../Sources/ProcessorExpert.c **** #include "LEDpin4.h"
  46:../Sources/ProcessorExpert.c **** #include "BitIoLdd5.h"
  47:../Sources/ProcessorExpert.c **** #include "MF02.h"
  48:../Sources/ProcessorExpert.c **** #include "LEDpin5.h"
  49:../Sources/ProcessorExpert.c **** #include "BitIoLdd6.h"
  50:../Sources/ProcessorExpert.c **** #include "MQX1.h"
  51:../Sources/ProcessorExpert.c **** #include "SystemTimer1.h"
  52:../Sources/ProcessorExpert.c **** #include "P1.h"
  53:../Sources/ProcessorExpert.c **** #include "BitIoLdd7.h"
  54:../Sources/ProcessorExpert.c **** #include "P2.h"
  55:../Sources/ProcessorExpert.c **** #include "BitIoLdd8.h"
  56:../Sources/ProcessorExpert.c **** #include "P3.h"
  57:../Sources/ProcessorExpert.c **** #include "BitIoLdd9.h"
  58:../Sources/ProcessorExpert.c **** #include "P4.h"
  59:../Sources/ProcessorExpert.c **** #include "BitIoLdd10.h"
  60:../Sources/ProcessorExpert.c **** #include "SS1.h"
  61:../Sources/ProcessorExpert.c **** #include "TRIG2.h"
  62:../Sources/ProcessorExpert.c **** /* Including shared modules, which are used for whole project */
  63:../Sources/ProcessorExpert.c **** #include "PE_Types.h"
  64:../Sources/ProcessorExpert.c **** #include "PE_Error.h"
  65:../Sources/ProcessorExpert.c **** #include "PE_Const.h"
  66:../Sources/ProcessorExpert.c **** #include "IO_Map.h"
  67:../Sources/ProcessorExpert.c **** 
  68:../Sources/ProcessorExpert.c **** /* User includes (#include below this line is not maintained by Processor Expert) */
  69:../Sources/ProcessorExpert.c **** #include "Application.h"
  70:../Sources/ProcessorExpert.c **** 
  71:../Sources/ProcessorExpert.c **** 
  72:../Sources/ProcessorExpert.c **** /*lint -save  -e970 Disable MISRA rule (6.3) checking. */
  73:../Sources/ProcessorExpert.c **** int main(void)
  74:../Sources/ProcessorExpert.c **** /*lint -restore Enable MISRA rule (6.3) checking. */
  75:../Sources/ProcessorExpert.c ****   {
  26              		.loc 1 75 0
  27              		.cfi_startproc
  28 0000 80B5     		push	{r7, lr}
  29              	.LCFI0:
  30              		.cfi_def_cfa_offset 8
  31              		.cfi_offset 7, -8
  32              		.cfi_offset 14, -4
  33 0002 00AF     		add	r7, sp, #0
  34              	.LCFI1:
  35              		.cfi_def_cfa_register 7
  76:../Sources/ProcessorExpert.c ****   /* Write your local variable definition here */
  77:../Sources/ProcessorExpert.c **** 
  78:../Sources/ProcessorExpert.c ****   /*** Processor Expert internal initialization. DON'T REMOVE THIS CODE!!! ***/
  79:../Sources/ProcessorExpert.c ****   PE_low_level_init();
  36              		.loc 1 79 0
  37 0004 FFF7FEFF 		bl	PE_low_level_init
  80:../Sources/ProcessorExpert.c ****   /*** End of Processor Expert internal initialization.                    ***/
  81:../Sources/ProcessorExpert.c **** 
  82:../Sources/ProcessorExpert.c ****   /* Write your code here */
  83:../Sources/ProcessorExpert.c ****   /* For example: for(;;) { } */
  84:../Sources/ProcessorExpert.c ****   
  85:../Sources/ProcessorExpert.c ****   
  86:../Sources/ProcessorExpert.c ****  // APP_Run();
  87:../Sources/ProcessorExpert.c ****   
  88:../Sources/ProcessorExpert.c ****   
  89:../Sources/ProcessorExpert.c ****   
  90:../Sources/ProcessorExpert.c ****   
  91:../Sources/ProcessorExpert.c ****   /*** Don't write any code pass this line, or it will be deleted during code generation. ***/
  92:../Sources/ProcessorExpert.c ****   /*** RTOS startup code. Macro PEX_RTOS_START is defined by the RTOS component. DON'T MODIFY THIS 
  93:../Sources/ProcessorExpert.c ****   #ifdef PEX_RTOS_START
  94:../Sources/ProcessorExpert.c ****     PEX_RTOS_START();                  /* Startup of the selected RTOS. Macro is defined by the RTO
  38              		.loc 1 94 0
  39 0008 FFF7FEFF 		bl	_mqxlite
  40              	.L2:
  95:../Sources/ProcessorExpert.c ****   #endif
  96:../Sources/ProcessorExpert.c ****   /*** End of RTOS startup code.  ***/
  97:../Sources/ProcessorExpert.c ****   /*** Processor Expert end of main routine. DON'T MODIFY THIS CODE!!! ***/
  98:../Sources/ProcessorExpert.c ****   for(;;){}
  41              		.loc 1 98 0 discriminator 1
  42 000c FEE7     		b	.L2
  43              		.cfi_endproc
  44              	.LFE0:
  46 000e C046     		.text
  47              	.Letext0:
DEFINED SYMBOLS
                            *ABS*:00000000 ProcessorExpert.c
C:\Users\LARM\AppData\Local\Temp\cc0YjR2a.s:18     .text.main:00000000 $t
C:\Users\LARM\AppData\Local\Temp\cc0YjR2a.s:23     .text.main:00000000 main
                     .debug_frame:00000010 $d

UNDEFINED SYMBOLS
PE_low_level_init
_mqxlite
